1	1	CCD/A_0002_1.RIGHT_CC.LJPEG.1_highpass.jpg
2	1	CCD/A_0005_1.RIGHT_CC.LJPEG.1_highpass.jpg
3	1	CCD/A_0006_1.RIGHT_CC.LJPEG.1_highpass.jpg
4	1	CCD/A_0010_1.RIGHT_CC.LJPEG.1_highpass.jpg
5	1	CCD/A_0012_1.RIGHT_CC.LJPEG.1_highpass.jpg
6	1	CCD/A_0013_1.RIGHT_CC.LJPEG.1_highpass.jpg
7	1	CCD/A_0014_1.RIGHT_CC.LJPEG.1_highpass.jpg
8	1	CCD/A_0016_1.RIGHT_CC.LJPEG.1_highpass.jpg
9	1	CCD/A_0020_1.RIGHT_CC.LJPEG.1_highpass.jpg
10	1	CCD/A_0024_1.RIGHT_CC.LJPEG.1_highpass.jpg
11	1	CCD/A_0026_1.RIGHT_CC.LJPEG.1_highpass.jpg
12	1	CCD/A_0027_1.RIGHT_CC.LJPEG.1_highpass.jpg
13	1	CCD/A_0032_1.RIGHT_CC.LJPEG.1_highpass.jpg
14	1	CCD/A_0034_1.RIGHT_CC.LJPEG.1_highpass.jpg
15	1	CCD/A_0040_1.RIGHT_CC.LJPEG.1_highpass.jpg
16	1	CCD/A_0042_1.RIGHT_CC.LJPEG.1_highpass.jpg
17	1	CCD/A_0043_1.RIGHT_CC.LJPEG.1_highpass.jpg
18	1	CCD/A_0044_1.RIGHT_CC.LJPEG.1_highpass.jpg
19	1	CCD/A_0046_1.RIGHT_CC.LJPEG.1_highpass.jpg
20	1	CCD/A_0048_1.RIGHT_CC.LJPEG.1_highpass.jpg
21	1	CCD/A_0049_1.RIGHT_CC.LJPEG.1_highpass.jpg
22	1	CCD/A_0051_1.RIGHT_CC.LJPEG.1_highpass.jpg
23	1	CCD/A_0053_1.RIGHT_CC.LJPEG.1_highpass.jpg
24	1	CCD/A_0055_1.RIGHT_CC.LJPEG.1_highpass.jpg
25	1	CCD/A_0056_1.RIGHT_CC.LJPEG.1_highpass.jpg
26	1	CCD/A_0057_1.RIGHT_CC.LJPEG.1_highpass.jpg
27	1	CCD/A_0059_1.RIGHT_CC.LJPEG.1_highpass.jpg
28	1	CCD/A_0062_1.RIGHT_CC.LJPEG.1_highpass.jpg
29	1	CCD/A_0063_1.RIGHT_CC.LJPEG.1_highpass.jpg
30	1	CCD/A_0064_1.RIGHT_CC.LJPEG.1_highpass.jpg
31	1	CCD/A_0068_1.RIGHT_CC.LJPEG.1_highpass.jpg
32	1	CCD/A_0069_1.RIGHT_CC.LJPEG.1_highpass.jpg
33	1	CCD/A_0070_1.RIGHT_CC.LJPEG.1_highpass.jpg
34	1	CCD/A_0072_1.RIGHT_CC.LJPEG.1_highpass.jpg
35	1	CCD/A_0075_1.RIGHT_CC.LJPEG.1_highpass.jpg
36	1	CCD/A_0077_1.RIGHT_CC.LJPEG.1_highpass.jpg
37	1	CCD/A_0079_1.RIGHT_CC.LJPEG.1_highpass.jpg
38	1	CCD/A_0080_1.RIGHT_CC.LJPEG.1_highpass.jpg
39	1	CCD/A_0090_1.RIGHT_CC.LJPEG.1_highpass.jpg
40	1	CCD/A_0093_1.RIGHT_CC.LJPEG.1_highpass.jpg
41	1	CCD/A_0094_1.RIGHT_CC.LJPEG.1_highpass.jpg
42	1	CCD/A_0095_1.RIGHT_CC.LJPEG.1_highpass.jpg
43	1	CCD/A_0097_1.RIGHT_CC.LJPEG.1_highpass.jpg
44	1	CCD/A_0099_1.RIGHT_CC.LJPEG.1_highpass.jpg
45	1	CCD/A_0110_1.RIGHT_CC.LJPEG.1_highpass.jpg
46	1	CCD/A_0112_1.RIGHT_CC.LJPEG.1_highpass.jpg
47	1	CCD/A_0114_1.RIGHT_CC.LJPEG.1_highpass.jpg
48	1	CCD/A_0116_1.RIGHT_CC.LJPEG.1_highpass.jpg
49	1	CCD/A_0121_1.RIGHT_CC.LJPEG.1_highpass.jpg
50	1	CCD/A_0123_1.RIGHT_CC.LJPEG.1_highpass.jpg
51	1	CCD/A_0124_1.RIGHT_CC.LJPEG.1_highpass.jpg
52	1	CCD/A_0126_1.RIGHT_CC.LJPEG.1_highpass.jpg
53	1	CCD/A_0128_1.RIGHT_CC.LJPEG.1_highpass.jpg
54	1	CCD/A_0135_1.RIGHT_CC.LJPEG.1_highpass.jpg
55	1	CCD/A_0137_1.RIGHT_CC.LJPEG.1_highpass.jpg
56	1	CCD/A_0142_1.RIGHT_CC.LJPEG.1_highpass.jpg
57	1	CCD/A_0144_1.RIGHT_CC.LJPEG.1_highpass.jpg
58	1	CCD/A_0145_1.RIGHT_CC.LJPEG.1_highpass.jpg
59	1	CCD/A_0146_1.RIGHT_CC.LJPEG.1_highpass.jpg
60	1	CCD/A_0148_1.RIGHT_CC.LJPEG.1_highpass.jpg
61	1	CCD/A_0152_1.RIGHT_CC.LJPEG.1_highpass.jpg
62	1	CCD/A_0155_1.RIGHT_CC.LJPEG.1_highpass.jpg
63	1	CCD/A_0156_1.RIGHT_CC.LJPEG.1_highpass.jpg
64	1	CCD/A_0158_1.RIGHT_CC.LJPEG.1_highpass.jpg
65	1	CCD/A_0201_1.RIGHT_CC.LJPEG.1_highpass.jpg
66	1	CCD/A_0205_1.RIGHT_CC.LJPEG.1_highpass.jpg
67	1	CCD/A_0206_1.RIGHT_CC.LJPEG.1_highpass.jpg
68	1	CCD/A_0208_1.RIGHT_CC.LJPEG.1_highpass.jpg
69	1	CCD/A_0212_1.RIGHT_CC.LJPEG.1_highpass.jpg
70	1	CCD/A_0215_1.RIGHT_CC.LJPEG.1_highpass.jpg
71	1	CCD/A_0216_1.RIGHT_CC.LJPEG.1_highpass.jpg
72	1	CCD/A_0218_1.RIGHT_CC.LJPEG.1_highpass.jpg
73	1	CCD/A_0220_1.RIGHT_CC.LJPEG.1_highpass.jpg
74	1	CCD/A_0221_1.RIGHT_CC.LJPEG.1_highpass.jpg
75	1	CCD/A_0223_1.RIGHT_CC.LJPEG.1_highpass.jpg
76	1	CCD/A_0226_1.RIGHT_CC.LJPEG.1_highpass.jpg
77	1	CCD/A_0227_1.RIGHT_CC.LJPEG.1_highpass.jpg
78	1	CCD/A_0229_1.RIGHT_CC.LJPEG.1_highpass.jpg
79	1	CCD/A_0232_1.RIGHT_CC.LJPEG.1_highpass.jpg
80	1	CCD/A_0233_1.RIGHT_CC.LJPEG.1_highpass.jpg
81	1	CCD/A_0234_1.RIGHT_CC.LJPEG.1_highpass.jpg
82	1	CCD/A_0238_1.RIGHT_CC.LJPEG.1_highpass.jpg
83	1	CCD/A_0239_1.RIGHT_CC.LJPEG.1_highpass.jpg
84	1	CCD/A_0240_1.RIGHT_CC.LJPEG.1_highpass.jpg
85	1	CCD/A_0242_1.RIGHT_CC.LJPEG.1_highpass.jpg
86	1	CCD/A_0243_1.RIGHT_CC.LJPEG.1_highpass.jpg
87	1	CCD/A_0244_1.RIGHT_CC.LJPEG.1_highpass.jpg
88	1	CCD/A_0245_1.RIGHT_CC.LJPEG.1_highpass.jpg
89	1	CCD/A_0247_1.RIGHT_CC.LJPEG.1_highpass.jpg
90	1	CCD/A_0251_1.RIGHT_CC.LJPEG.1_highpass.jpg
91	1	CCD/A_0252_1.RIGHT_CC.LJPEG.1_highpass.jpg
92	1	CCD/A_0255_1.RIGHT_CC.LJPEG.1_highpass.jpg
93	1	CCD/A_0257_1.RIGHT_CC.LJPEG.1_highpass.jpg
94	1	CCD/A_0259_1.RIGHT_CC.LJPEG.1_highpass.jpg
95	1	CCD/A_0260_1.RIGHT_CC.LJPEG.1_highpass.jpg
96	1	CCD/A_0261_1.RIGHT_CC.LJPEG.1_highpass.jpg
97	1	CCD/A_0265_1.RIGHT_CC.LJPEG.1_highpass.jpg
98	1	CCD/A_0266_1.RIGHT_CC.LJPEG.1_highpass.jpg
99	1	CCD/A_0268_1.RIGHT_CC.LJPEG.1_highpass.jpg
100	1	CCD/A_0269_1.RIGHT_CC.LJPEG.1_highpass.jpg
101	1	CCD/A_0270_1.RIGHT_CC.LJPEG.1_highpass.jpg
102	1	CCD/A_0272_1.RIGHT_CC.LJPEG.1_highpass.jpg
103	1	CCD/A_0273_1.RIGHT_CC.LJPEG.1_highpass.jpg
104	1	CCD/A_0275_1.RIGHT_CC.LJPEG.1_highpass.jpg
105	1	CCD/A_0276_1.RIGHT_CC.LJPEG.1_highpass.jpg
106	1	CCD/A_0278_1.RIGHT_CC.LJPEG.1_highpass.jpg
107	1	CCD/A_0279_1.RIGHT_CC.LJPEG.1_highpass.jpg
108	1	CCD/A_0283_1.RIGHT_CC.LJPEG.1_highpass.jpg
109	1	CCD/A_0284_1.RIGHT_CC.LJPEG.1_highpass.jpg
110	1	CCD/A_0286_1.RIGHT_CC.LJPEG.1_highpass.jpg
111	1	CCD/A_0287_1.RIGHT_CC.LJPEG.1_highpass.jpg
112	1	CCD/A_0292_1.RIGHT_CC.LJPEG.1_highpass.jpg
113	1	CCD/A_0298_1.RIGHT_CC.LJPEG.1_highpass.jpg
114	1	CCD/A_0299_1.RIGHT_CC.LJPEG.1_highpass.jpg
115	1	CCD/A_0302_1.RIGHT_CC.LJPEG.1_highpass.jpg
116	1	CCD/A_0304_1.RIGHT_CC.LJPEG.1_highpass.jpg
117	1	CCD/A_0306_1.RIGHT_CC.LJPEG.1_highpass.jpg
118	1	CCD/A_0309_1.RIGHT_CC.LJPEG.1_highpass.jpg
119	1	CCD/A_0310_1.RIGHT_CC.LJPEG.1_highpass.jpg
120	1	CCD/A_0311_1.RIGHT_CC.LJPEG.1_highpass.jpg
121	1	CCD/A_0313_1.RIGHT_CC.LJPEG.1_highpass.jpg
122	1	CCD/A_0314_1.RIGHT_CC.LJPEG.1_highpass.jpg
123	1	CCD/A_0318_1.RIGHT_CC.LJPEG.1_highpass.jpg
124	1	CCD/A_0320_1.RIGHT_CC.LJPEG.1_highpass.jpg
125	1	CCD/A_0321_1.RIGHT_CC.LJPEG.1_highpass.jpg
126	1	CCD/A_0323_1.RIGHT_CC.LJPEG.1_highpass.jpg
127	1	CCD/A_0326_1.RIGHT_CC.LJPEG.1_highpass.jpg
128	1	CCD/A_0328_1.RIGHT_CC.LJPEG.1_highpass.jpg
129	1	CCD/A_0330_1.RIGHT_CC.LJPEG.1_highpass.jpg
130	1	CCD/A_0333_1.RIGHT_CC.LJPEG.1_highpass.jpg
131	1	CCD/A_0334_1.RIGHT_CC.LJPEG.1_highpass.jpg
132	1	CCD/A_0335_1.RIGHT_CC.LJPEG.1_highpass.jpg
133	1	CCD/A_0337_1.RIGHT_CC.LJPEG.1_highpass.jpg
134	1	CCD/A_0338_1.RIGHT_CC.LJPEG.1_highpass.jpg
135	1	CCD/A_0339_1.RIGHT_CC.LJPEG.1_highpass.jpg
136	1	CCD/A_0343_1.RIGHT_CC.LJPEG.1_highpass.jpg
137	1	CCD/A_0344_1.RIGHT_CC.LJPEG.1_highpass.jpg
138	1	CCD/A_0348_1.RIGHT_CC.LJPEG.1_highpass.jpg
139	1	CCD/A_0349_1.RIGHT_CC.LJPEG.1_highpass.jpg
140	1	CCD/A_0352_1.RIGHT_CC.LJPEG.1_highpass.jpg
141	1	CCD/A_0355_1.RIGHT_CC.LJPEG.1_highpass.jpg
142	1	CCD/A_0356_1.RIGHT_CC.LJPEG.1_highpass.jpg
143	1	CCD/A_0357_1.RIGHT_CC.LJPEG.1_highpass.jpg
144	1	CCD/A_0359_1.RIGHT_CC.LJPEG.1_highpass.jpg
145	1	CCD/A_0361_1.RIGHT_CC.LJPEG.1_highpass.jpg
146	1	CCD/A_0362_1.RIGHT_CC.LJPEG.1_highpass.jpg
147	1	CCD/A_0364_1.RIGHT_CC.LJPEG.1_highpass.jpg
148	1	CCD/A_0366_1.RIGHT_CC.LJPEG.1_highpass.jpg
149	1	CCD/A_0367_1.RIGHT_CC.LJPEG.1_highpass.jpg
150	1	CCD/A_0387_1.RIGHT_CC.LJPEG.1_highpass.jpg
151	1	CCD/A_0389_1.RIGHT_CC.LJPEG.1_highpass.jpg
152	1	CCD/A_0390_1.RIGHT_CC.LJPEG.1_highpass.jpg
153	1	CCD/A_0392_1.RIGHT_CC.LJPEG.1_highpass.jpg
154	1	CCD/A_0412_1.RIGHT_CC.LJPEG.1_highpass.jpg
155	1	CCD/A_0415_1.RIGHT_CC.LJPEG.1_highpass.jpg
156	1	CCD/A_0418_1.RIGHT_CC.LJPEG.1_highpass.jpg
157	1	CCD/A_0419_1.RIGHT_CC.LJPEG.1_highpass.jpg
158	1	CCD/A_0420_1.RIGHT_CC.LJPEG.1_highpass.jpg
159	1	CCD/A_0423_1.RIGHT_CC.LJPEG.1_highpass.jpg
160	1	CCD/A_0424_1.RIGHT_CC.LJPEG.1_highpass.jpg
161	1	CCD/A_0425_1.RIGHT_CC.LJPEG.1_highpass.jpg
162	1	CCD/A_0427_1.RIGHT_CC.LJPEG.1_highpass.jpg
163	1	CCD/A_0431_1.RIGHT_CC.LJPEG.1_highpass.jpg
164	1	CCD/A_0434_1.RIGHT_CC.LJPEG.1_highpass.jpg
165	1	CCD/A_0435_1.RIGHT_CC.LJPEG.1_highpass.jpg
166	1	CCD/A_0437_1.RIGHT_CC.LJPEG.1_highpass.jpg
167	1	CCD/A_0438_1.RIGHT_CC.LJPEG.1_highpass.jpg
168	1	CCD/A_0439_1.RIGHT_CC.LJPEG.1_highpass.jpg
169	1	CCD/A_0440_1.RIGHT_CC.LJPEG.1_highpass.jpg
170	1	CCD/A_0442_1.RIGHT_CC.LJPEG.1_highpass.jpg
171	1	CCD/A_0443_1.RIGHT_CC.LJPEG.1_highpass.jpg
172	1	CCD/A_0445_1.RIGHT_CC.LJPEG.1_highpass.jpg
173	1	CCD/A_0446_1.RIGHT_CC.LJPEG.1_highpass.jpg
174	1	CCD/A_0447_1.RIGHT_CC.LJPEG.1_highpass.jpg
175	1	CCD/A_0449_1.RIGHT_CC.LJPEG.1_highpass.jpg
176	1	CCD/A_0450_1.RIGHT_CC.LJPEG.1_highpass.jpg
177	1	CCD/A_0455_1.RIGHT_CC.LJPEG.1_highpass.jpg
178	1	CCD/A_0457_1.RIGHT_CC.LJPEG.1_highpass.jpg
179	1	CCD/A_0462_1.RIGHT_CC.LJPEG.1_highpass.jpg
180	1	CCD/A_0463_1.RIGHT_CC.LJPEG.1_highpass.jpg
181	1	CCD/A_0464_1.RIGHT_CC.LJPEG.1_highpass.jpg
182	1	CCD/A_0466_1.RIGHT_CC.LJPEG.1_highpass.jpg
183	1	CCD/A_0467_1.RIGHT_CC.LJPEG.1_highpass.jpg
184	1	CCD/A_0472_1.RIGHT_CC.LJPEG.1_highpass.jpg
185	1	CCD/A_0473_1.RIGHT_CC.LJPEG.1_highpass.jpg
186	1	CCD/A_0474_1.RIGHT_CC.LJPEG.1_highpass.jpg
187	1	CCD/A_0477_1.RIGHT_CC.LJPEG.1_highpass.jpg
188	1	CCD/A_0483_1.RIGHT_CC.LJPEG.1_highpass.jpg
189	1	CCD/A_0484_1.RIGHT_CC.LJPEG.1_highpass.jpg
190	1	CCD/A_0490_1.RIGHT_CC.LJPEG.1_highpass.jpg
191	1	CCD/A_0492_1.RIGHT_CC.LJPEG.1_highpass.jpg
192	1	CCD/A_0494_1.RIGHT_CC.LJPEG.1_highpass.jpg
193	1	CCD/A_0496_1.RIGHT_CC.LJPEG.1_highpass.jpg
194	1	CCD/A_0498_1.RIGHT_CC.LJPEG.1_highpass.jpg
195	1	CCD/A_0500_1.RIGHT_CC.LJPEG.1_highpass.jpg
196	1	CCD/A_0501_1.RIGHT_CC.LJPEG.1_highpass.jpg
197	1	CCD/A_0502_1.RIGHT_CC.LJPEG.1_highpass.jpg
198	1	CCD/A_0504_1.RIGHT_CC.LJPEG.1_highpass.jpg
199	1	CCD/A_0505_1.RIGHT_CC.LJPEG.1_highpass.jpg
200	1	CCD/A_0509_1.RIGHT_CC.LJPEG.1_highpass.jpg
201	1	CCD/A_0510_1.RIGHT_CC.LJPEG.1_highpass.jpg
202	1	CCD/A_0511_1.RIGHT_CC.LJPEG.1_highpass.jpg
203	1	CCD/A_0513_1.RIGHT_CC.LJPEG.1_highpass.jpg
204	1	CCD/A_0514_1.RIGHT_CC.LJPEG.1_highpass.jpg
205	1	CCD/A_0515_1.RIGHT_CC.LJPEG.1_highpass.jpg
206	1	CCD/A_0516_1.RIGHT_CC.LJPEG.1_highpass.jpg
207	1	CCD/A_0518_1.RIGHT_CC.LJPEG.1_highpass.jpg
208	1	CCD/A_0519_1.RIGHT_CC.LJPEG.1_highpass.jpg
209	1	CCD/A_0521_1.RIGHT_CC.LJPEG.1_highpass.jpg
210	1	CCD/A_0523_1.RIGHT_CC.LJPEG.1_highpass.jpg
211	1	CCD/A_0524_1.RIGHT_CC.LJPEG.1_highpass.jpg
212	1	CCD/A_0527_1.RIGHT_CC.LJPEG.1_highpass.jpg
213	1	CCD/A_0529_1.RIGHT_CC.LJPEG.1_highpass.jpg
214	1	CCD/A_0539_1.RIGHT_CC.LJPEG.1_highpass.jpg
215	1	CCD/A_0542_1.RIGHT_CC.LJPEG.1_highpass.jpg
216	1	CCD/A_0543_1.RIGHT_CC.LJPEG.1_highpass.jpg
217	1	CCD/A_0565_1.RIGHT_CC.LJPEG.1_highpass.jpg
218	1	CCD/A_0567_1.RIGHT_CC.LJPEG.1_highpass.jpg
219	1	CCD/A_0568_1.RIGHT_CC.LJPEG.1_highpass.jpg
220	1	CCD/A_0570_1.RIGHT_CC.LJPEG.1_highpass.jpg
221	1	CCD/A_0571_1.RIGHT_CC.LJPEG.1_highpass.jpg
222	1	CCD/A_0572_1.RIGHT_CC.LJPEG.1_highpass.jpg
223	1	CCD/A_0573_1.RIGHT_CC.LJPEG.1_highpass.jpg
224	1	CCD/A_0575_1.RIGHT_CC.LJPEG.1_highpass.jpg
225	1	CCD/A_0576_1.RIGHT_CC.LJPEG.1_highpass.jpg
226	1	CCD/A_0580_1.RIGHT_CC.LJPEG.1_highpass.jpg
227	1	CCD/A_0581_1.RIGHT_CC.LJPEG.1_highpass.jpg
228	1	CCD/A_0583_1.RIGHT_CC.LJPEG.1_highpass.jpg
229	1	CCD/A_0588_1.RIGHT_CC.LJPEG.1_highpass.jpg
230	1	CCD/A_0589_1.RIGHT_CC.LJPEG.1_highpass.jpg
231	1	CCD/A_0591_1.RIGHT_CC.LJPEG.1_highpass.jpg
232	1	CCD/A_0595_1.RIGHT_CC.LJPEG.1_highpass.jpg
233	1	CCD/A_0597_1.RIGHT_CC.LJPEG.1_highpass.jpg
234	1	CCD/A_0598_1.RIGHT_CC.LJPEG.1_highpass.jpg
235	1	CCD/A_0601_1.RIGHT_CC.LJPEG.1_highpass.jpg
236	1	CCD/A_0602_1.RIGHT_CC.LJPEG.1_highpass.jpg
237	1	CCD/A_0603_1.RIGHT_CC.LJPEG.1_highpass.jpg
238	1	CCD/A_0605_1.RIGHT_CC.LJPEG.1_highpass.jpg
239	1	CCD/A_0606_1.RIGHT_CC.LJPEG.1_highpass.jpg
240	1	CCD/A_0607_1.RIGHT_CC.LJPEG.1_highpass.jpg
241	1	CCD/A_0609_1.RIGHT_CC.LJPEG.1_highpass.jpg
242	1	CCD/A_0613_1.RIGHT_CC.LJPEG.1_highpass.jpg
243	1	CCD/A_0614_1.RIGHT_CC.LJPEG.1_highpass.jpg
244	1	CCD/A_0616_1.RIGHT_CC.LJPEG.1_highpass.jpg
245	1	CCD/A_0617_1.RIGHT_CC.LJPEG.1_highpass.jpg
246	1	CCD/A_0618_1.RIGHT_CC.LJPEG.1_highpass.jpg
247	1	CCD/A_0621_1.RIGHT_CC.LJPEG.1_highpass.jpg
248	1	CCD/A_0702_1.RIGHT_CC.LJPEG.1_highpass.jpg
249	1	CCD/A_0703_1.RIGHT_CC.LJPEG.1_highpass.jpg
250	1	CCD/A_0704_1.RIGHT_CC.LJPEG.1_highpass.jpg
251	1	CCD/A_0706_1.RIGHT_CC.LJPEG.1_highpass.jpg
252	1	CCD/A_0707_1.RIGHT_CC.LJPEG.1_highpass.jpg
253	1	CCD/A_0708_1.RIGHT_CC.LJPEG.1_highpass.jpg
254	1	CCD/A_0711_1.RIGHT_CC.LJPEG.1_highpass.jpg
255	1	CCD/A_1955_1.RIGHT_CC.LJPEG.1_highpass.jpg
256	1	CCD/A_1958_1.RIGHT_CC.LJPEG.1_highpass.jpg
257	1	CCD/A_1959_1.RIGHT_CC.LJPEG.1_highpass.jpg
258	1	CCD/A_1960_1.RIGHT_CC.LJPEG.1_highpass.jpg
259	1	CCD/A_1962_1.RIGHT_CC.LJPEG.1_highpass.jpg
260	1	CCD/A_1964_1.RIGHT_CC.LJPEG.1_highpass.jpg
261	1	CCD/A_1965_1.RIGHT_CC.LJPEG.1_highpass.jpg
262	1	CCD/A_1967_1.RIGHT_CC.LJPEG.1_highpass.jpg
263	1	CCD/A_1968_1.RIGHT_CC.LJPEG.1_highpass.jpg
264	1	CCD/A_1970_1.RIGHT_CC.LJPEG.1_highpass.jpg
265	1	CCD/A_1973_1.RIGHT_CC.LJPEG.1_highpass.jpg
266	1	CCD/A_1974_1.RIGHT_CC.LJPEG.1_highpass.jpg
267	1	CCD/A_1976_1.RIGHT_CC.LJPEG.1_highpass.jpg
268	1	CCD/A_1977_1.RIGHT_CC.LJPEG.1_highpass.jpg
269	1	CCD/A_1979_1.RIGHT_CC.LJPEG.1_highpass.jpg
270	1	CCD/A_1980_1.RIGHT_CC.LJPEG.1_highpass.jpg
271	1	CCD/A_1989_1.RIGHT_CC.LJPEG.1_highpass.jpg
272	1	CCD/A_1990_1.RIGHT_CC.LJPEG.1_highpass.jpg
273	1	CCD/A_1991_1.RIGHT_CC.LJPEG.1_highpass.jpg
274	1	CCD/A_1993_1.RIGHT_CC.LJPEG.1_highpass.jpg
275	1	CCD/A_1994_1.RIGHT_CC.LJPEG.1_highpass.jpg
276	1	CCD/A_1995_1.RIGHT_CC.LJPEG.1_highpass.jpg
277	1	CCD/A_1998_1.RIGHT_CC.LJPEG.1_highpass.jpg
278	1	CCD/A_2002_1.RIGHT_CC.LJPEG.1_highpass.jpg
279	1	CCD/A_2003_1.RIGHT_CC.LJPEG.1_highpass.jpg
280	1	CCD/A_2005_1.RIGHT_CC.LJPEG.1_highpass.jpg
281	1	CCD/A_2006_1.RIGHT_CC.LJPEG.1_highpass.jpg
282	1	CCD/A_2008_1.RIGHT_CC.LJPEG.1_highpass.jpg
283	1	CCD/A_2009_1.RIGHT_CC.LJPEG.1_highpass.jpg
284	1	CCD/A_2011_1.RIGHT_CC.LJPEG.1_highpass.jpg
285	1	CCD/A_2012_1.RIGHT_CC.LJPEG.1_highpass.jpg
286	1	CCD/A_2014_1.RIGHT_CC.LJPEG.1_highpass.jpg
287	1	CCD/A_2015_1.RIGHT_CC.LJPEG.1_highpass.jpg
288	1	CCD/A_2017_1.RIGHT_CC.LJPEG.1_highpass.jpg
289	1	CCD/A_2018_1.RIGHT_CC.LJPEG.1_highpass.jpg
290	1	CCD/A_2020_1.RIGHT_CC.LJPEG.1_highpass.jpg
291	1	CCD/A_2024_1.RIGHT_CC.LJPEG.1_highpass.jpg
292	1	CCD/A_2026_1.RIGHT_CC.LJPEG.1_highpass.jpg
293	1	CCD/A_2027_1.RIGHT_CC.LJPEG.1_highpass.jpg
294	1	CCD/A_2029_1.RIGHT_CC.LJPEG.1_highpass.jpg
295	1	CCD/A_2030_1.RIGHT_CC.LJPEG.1_highpass.jpg
296	1	CCD/A_2031_1.RIGHT_CC.LJPEG.1_highpass.jpg
297	1	CCD/A_2033_1.RIGHT_CC.LJPEG.1_highpass.jpg
298	1	CCD/A_2036_1.RIGHT_CC.LJPEG.1_highpass.jpg
299	1	CCD/A_2037_1.RIGHT_CC.LJPEG.1_highpass.jpg
300	1	CCD/A_2038_1.RIGHT_CC.LJPEG.1_highpass.jpg
301	1	CCD/A_2040_1.RIGHT_CC.LJPEG.1_highpass.jpg
302	1	CCD/A_2041_1.RIGHT_CC.LJPEG.1_highpass.jpg
303	1	CCD/A_2042_1.RIGHT_CC.LJPEG.1_highpass.jpg
304	1	CCD/B_3600_1.RIGHT_CC.LJPEG.1_highpass.jpg
305	1	CCD/B_3601_1.RIGHT_CC.LJPEG.1_highpass.jpg
306	1	CCD/B_3603_1.RIGHT_CC.LJPEG.1_highpass.jpg
307	1	CCD/B_3604_1.RIGHT_CC.LJPEG.1_highpass.jpg
308	1	CCD/B_3605_1.RIGHT_CC.LJPEG.1_highpass.jpg
309	1	CCD/B_3606_1.RIGHT_CC.LJPEG.1_highpass.jpg
310	1	CCD/B_3608_1.RIGHT_CC.LJPEG.1_highpass.jpg
311	1	CCD/B_3609_1.RIGHT_CC.LJPEG.1_highpass.jpg
312	1	CCD/B_3610_1.RIGHT_CC.LJPEG.1_highpass.jpg
313	1	CCD/B_3611_1.RIGHT_CC.LJPEG.1_highpass.jpg
314	1	CCD/B_3613_1.RIGHT_CC.LJPEG.1_highpass.jpg
315	1	CCD/B_3614_1.RIGHT_CC.LJPEG.1_highpass.jpg
316	1	CCD/B_3616_1.RIGHT_CC.LJPEG.1_highpass.jpg
317	1	CCD/B_3617_1.RIGHT_CC.LJPEG.1_highpass.jpg
318	1	CCD/B_3619_1.RIGHT_CC.LJPEG.1_highpass.jpg
319	1	CCD/B_3620_1.RIGHT_CC.LJPEG.1_highpass.jpg
320	1	CCD/B_3621_1.RIGHT_CC.LJPEG.1_highpass.jpg
321	1	CCD/B_3623_1.RIGHT_CC.LJPEG.1_highpass.jpg
322	1	CCD/B_3624_1.RIGHT_CC.LJPEG.1_highpass.jpg
323	1	CCD/B_3625_1.RIGHT_CC.LJPEG.1_highpass.jpg
324	1	CCD/B_3627_1.RIGHT_CC.LJPEG.1_highpass.jpg
325	1	CCD/B_3628_1.RIGHT_CC.LJPEG.1_highpass.jpg
326	1	CCD/B_3629_1.RIGHT_CC.LJPEG.1_highpass.jpg
327	1	CCD/B_3631_1.RIGHT_CC.LJPEG.1_highpass.jpg
328	1	CCD/B_3632_1.RIGHT_CC.LJPEG.1_highpass.jpg
329	1	CCD/B_3633_1.RIGHT_CC.LJPEG.1_highpass.jpg
330	1	CCD/B_3636_1.RIGHT_CC.LJPEG.1_highpass.jpg
331	1	CCD/B_3637_1.RIGHT_CC.LJPEG.1_highpass.jpg
332	1	CCD/B_3638_1.RIGHT_CC.LJPEG.1_highpass.jpg
333	1	CCD/B_3639_1.RIGHT_CC.LJPEG.1_highpass.jpg
334	1	CCD/B_3641_1.RIGHT_CC.LJPEG.1_highpass.jpg
335	1	CCD/B_3642_1.RIGHT_CC.LJPEG.1_highpass.jpg
336	1	CCD/B_3643_1.RIGHT_CC.LJPEG.1_highpass.jpg
337	1	CCD/B_3646_1.RIGHT_CC.LJPEG.1_highpass.jpg
338	1	CCD/B_3647_1.RIGHT_CC.LJPEG.1_highpass.jpg
339	1	CCD/B_3648_1.RIGHT_CC.LJPEG.1_highpass.jpg
340	1	CCD/B_3650_1.RIGHT_CC.LJPEG.1_highpass.jpg
341	1	CCD/B_3651_1.RIGHT_CC.LJPEG.1_highpass.jpg
342	1	CCD/B_3652_1.RIGHT_CC.LJPEG.1_highpass.jpg
343	1	CCD/B_3654_1.RIGHT_CC.LJPEG.1_highpass.jpg
344	1	CCD/B_3655_1.RIGHT_CC.LJPEG.1_highpass.jpg
345	1	CCD/B_3660_1.RIGHT_CC.LJPEG.1_highpass.jpg
346	1	CCD/B_3662_1.RIGHT_CC.LJPEG.1_highpass.jpg
347	1	CCD/B_3663_1.RIGHT_CC.LJPEG.1_highpass.jpg
348	1	CCD/B_3665_1.RIGHT_CC.LJPEG.1_highpass.jpg
349	1	CCD/B_3667_1.RIGHT_CC.LJPEG.1_highpass.jpg
350	1	CCD/B_3668_1.RIGHT_CC.LJPEG.1_highpass.jpg
351	1	CCD/B_3670_1.RIGHT_CC.LJPEG.1_highpass.jpg
352	1	CCD/B_3672_1.RIGHT_CC.LJPEG.1_highpass.jpg
353	1	CCD/B_3673_1.RIGHT_CC.LJPEG.1_highpass.jpg
354	1	CCD/B_3675_1.RIGHT_CC.LJPEG.1_highpass.jpg
355	1	CCD/B_3677_1.RIGHT_CC.LJPEG.1_highpass.jpg
356	1	CCD/B_3678_1.RIGHT_CC.LJPEG.1_highpass.jpg
357	1	CCD/B_3679_1.RIGHT_CC.LJPEG.1_highpass.jpg
358	1	CCD/B_3681_1.RIGHT_CC.LJPEG.1_highpass.jpg
359	1	CCD/B_3682_1.RIGHT_CC.LJPEG.1_highpass.jpg
360	1	CCD/D_4548_1.RIGHT_CC.LJPEG.1_highpass.jpg
361	1	CCD/D_4549_1.RIGHT_CC.LJPEG.1_highpass.jpg
362	1	CCD/D_4556_1.RIGHT_CC.LJPEG.1_highpass.jpg
363	1	CCD/D_4573_1.RIGHT_CC.LJPEG.1_highpass.jpg
364	1	CCD/D_4580_1.RIGHT_CC.LJPEG.1_highpass.jpg
365	1	CCD/D_4581_1.RIGHT_CC.LJPEG.1_highpass.jpg
366	1	CCD/D_4599_1.RIGHT_CC.LJPEG.1_highpass.jpg
367	1	CCD/D_4600_1.RIGHT_CC.LJPEG.1_highpass.jpg
368	1	CCD/D_4601_1.RIGHT_CC.LJPEG.1_highpass.jpg
369	1	CCD/D_4603_1.RIGHT_CC.LJPEG.1_highpass.jpg
370	1	CCD/D_4604_1.RIGHT_CC.LJPEG.1_highpass.jpg
371	1	CCD/D_4605_1.RIGHT_CC.LJPEG.1_highpass.jpg
372	1	CCD/D_4606_1.RIGHT_CC.LJPEG.1_highpass.jpg
373	1	CCD/D_4608_1.RIGHT_CC.LJPEG.1_highpass.jpg
374	1	CCD/D_4609_1.RIGHT_CC.LJPEG.1_highpass.jpg
375	2	CCE/A_0003_1.LEFT_CC.LJPEG.1_highpass.jpg
376	2	CCE/A_0009_1.LEFT_CC.LJPEG.1_highpass.jpg
377	2	CCE/A_0011_1.LEFT_CC.LJPEG.1_highpass.jpg
378	2	CCE/A_0012_1.LEFT_CC.LJPEG.1_highpass.jpg
379	2	CCE/A_0014_1.LEFT_CC.LJPEG.1_highpass.jpg
380	2	CCE/A_0015_1.LEFT_CC.LJPEG.1_highpass.jpg
381	2	CCE/A_0020_1.LEFT_CC.LJPEG.1_highpass.jpg
382	2	CCE/A_0022_1.LEFT_CC.LJPEG.1_highpass.jpg
383	2	CCE/A_0024_1.LEFT_CC.LJPEG.1_highpass.jpg
384	2	CCE/A_0026_1.LEFT_CC.LJPEG.1_highpass.jpg
385	2	CCE/A_0030_1.LEFT_CC.LJPEG.1_highpass.jpg
386	2	CCE/A_0031_1.LEFT_CC.LJPEG.1_highpass.jpg
387	2	CCE/A_0034_1.LEFT_CC.LJPEG.1_highpass.jpg
388	2	CCE/A_0036_1.LEFT_CC.LJPEG.1_highpass.jpg
389	2	CCE/A_0037_1.LEFT_CC.LJPEG.1_highpass.jpg
390	2	CCE/A_0039_1.LEFT_CC.LJPEG.1_highpass.jpg
391	2	CCE/A_0040_1.LEFT_CC.LJPEG.1_highpass.jpg
392	2	CCE/A_0042_1.LEFT_CC.LJPEG.1_highpass.jpg
393	2	CCE/A_0043_1.LEFT_CC.LJPEG.1_highpass.jpg
394	2	CCE/A_0044_1.LEFT_CC.LJPEG.1_highpass.jpg
395	2	CCE/A_0045_1.LEFT_CC.LJPEG.1_highpass.jpg
396	2	CCE/A_0048_1.LEFT_CC.LJPEG.1_highpass.jpg
397	2	CCE/A_0049_1.LEFT_CC.LJPEG.1_highpass.jpg
398	2	CCE/A_0052_1.LEFT_CC.LJPEG.1_highpass.jpg
399	2	CCE/A_0055_1.LEFT_CC.LJPEG.1_highpass.jpg
400	2	CCE/A_0056_1.LEFT_CC.LJPEG.1_highpass.jpg
401	2	CCE/A_0058_1.LEFT_CC.LJPEG.1_highpass.jpg
402	2	CCE/A_0059_1.LEFT_CC.LJPEG.1_highpass.jpg
403	2	CCE/A_0063_1.LEFT_CC.LJPEG.1_highpass.jpg
404	2	CCE/A_0064_1.LEFT_CC.LJPEG.1_highpass.jpg
405	2	CCE/A_0068_1.LEFT_CC.LJPEG.1_highpass.jpg
406	2	CCE/A_0069_1.LEFT_CC.LJPEG.1_highpass.jpg
407	2	CCE/A_0070_1.LEFT_CC.LJPEG.1_highpass.jpg
408	2	CCE/A_0072_1.LEFT_CC.LJPEG.1_highpass.jpg
409	2	CCE/A_0073_1.LEFT_CC.LJPEG.1_highpass.jpg
410	2	CCE/A_0074_1.LEFT_CC.LJPEG.1_highpass.jpg
411	2	CCE/A_0075_1.LEFT_CC.LJPEG.1_highpass.jpg
412	2	CCE/A_0076_1.LEFT_CC.LJPEG.1_highpass.jpg
413	2	CCE/A_0080_1.LEFT_CC.LJPEG.1_highpass.jpg
414	2	CCE/A_0089_1.LEFT_CC.LJPEG.1_highpass.jpg
415	2	CCE/A_0092_1.LEFT_CC.LJPEG.1_highpass.jpg
416	2	CCE/A_0093_1.LEFT_CC.LJPEG.1_highpass.jpg
417	2	CCE/A_0095_1.LEFT_CC.LJPEG.1_highpass.jpg
418	2	CCE/A_0096_1.LEFT_CC.LJPEG.1_highpass.jpg
419	2	CCE/A_0097_1.LEFT_CC.LJPEG.1_highpass.jpg
420	2	CCE/A_0108_1.LEFT_CC.LJPEG.1_highpass.jpg
421	2	CCE/A_0109_1.LEFT_CC.LJPEG.1_highpass.jpg
422	2	CCE/A_0110_1.LEFT_CC.LJPEG.1_highpass.jpg
423	2	CCE/A_0112_1.LEFT_CC.LJPEG.1_highpass.jpg
424	2	CCE/A_0114_1.LEFT_CC.LJPEG.1_highpass.jpg
425	2	CCE/A_0116_1.LEFT_CC.LJPEG.1_highpass.jpg
426	2	CCE/A_0123_1.LEFT_CC.LJPEG.1_highpass.jpg
427	2	CCE/A_0126_1.LEFT_CC.LJPEG.1_highpass.jpg
428	2	CCE/A_0127_1.LEFT_CC.LJPEG.1_highpass.jpg
429	2	CCE/A_0128_1.LEFT_CC.LJPEG.1_highpass.jpg
430	2	CCE/A_0131_1.LEFT_CC.LJPEG.1_highpass.jpg
431	2	CCE/A_0133_1.LEFT_CC.LJPEG.1_highpass.jpg
432	2	CCE/A_0136_1.LEFT_CC.LJPEG.1_highpass.jpg
433	2	CCE/A_0137_1.LEFT_CC.LJPEG.1_highpass.jpg
434	2	CCE/A_0139_1.LEFT_CC.LJPEG.1_highpass.jpg
435	2	CCE/A_0142_1.LEFT_CC.LJPEG.1_highpass.jpg
436	2	CCE/A_0144_1.LEFT_CC.LJPEG.1_highpass.jpg
437	2	CCE/A_0145_1.LEFT_CC.LJPEG.1_highpass.jpg
438	2	CCE/A_0147_1.LEFT_CC.LJPEG.1_highpass.jpg
439	2	CCE/A_0148_1.LEFT_CC.LJPEG.1_highpass.jpg
440	2	CCE/A_0150_1.LEFT_CC.LJPEG.1_highpass.jpg
441	2	CCE/A_0152_1.LEFT_CC.LJPEG.1_highpass.jpg
442	2	CCE/A_0154_1.LEFT_CC.LJPEG.1_highpass.jpg
443	2	CCE/A_0156_1.LEFT_CC.LJPEG.1_highpass.jpg
444	2	CCE/A_0157_1.LEFT_CC.LJPEG.1_highpass.jpg
445	2	CCE/A_0159_1.LEFT_CC.LJPEG.1_highpass.jpg
446	2	CCE/A_0160_1.LEFT_CC.LJPEG.1_highpass.jpg
447	2	CCE/A_0200_1.LEFT_CC.LJPEG.1_highpass.jpg
448	2	CCE/A_0201_1.LEFT_CC.LJPEG.1_highpass.jpg
449	2	CCE/A_0203_1.LEFT_CC.LJPEG.1_highpass.jpg
450	2	CCE/A_0206_1.LEFT_CC.LJPEG.1_highpass.jpg
451	2	CCE/A_0208_1.LEFT_CC.LJPEG.1_highpass.jpg
452	2	CCE/A_0210_1.LEFT_CC.LJPEG.1_highpass.jpg
453	2	CCE/A_0212_1.LEFT_CC.LJPEG.1_highpass.jpg
454	2	CCE/A_0214_1.LEFT_CC.LJPEG.1_highpass.jpg
455	2	CCE/A_0215_1.LEFT_CC.LJPEG.1_highpass.jpg
456	2	CCE/A_0216_1.LEFT_CC.LJPEG.1_highpass.jpg
457	2	CCE/A_0217_1.LEFT_CC.LJPEG.1_highpass.jpg
458	2	CCE/A_0218_1.LEFT_CC.LJPEG.1_highpass.jpg
459	2	CCE/A_0220_1.LEFT_CC.LJPEG.1_highpass.jpg
460	2	CCE/A_0222_1.LEFT_CC.LJPEG.1_highpass.jpg
461	2	CCE/A_0224_1.LEFT_CC.LJPEG.1_highpass.jpg
462	2	CCE/A_0225_1.LEFT_CC.LJPEG.1_highpass.jpg
463	2	CCE/A_0229_1.LEFT_CC.LJPEG.1_highpass.jpg
464	2	CCE/A_0230_1.LEFT_CC.LJPEG.1_highpass.jpg
465	2	CCE/A_0233_1.LEFT_CC.LJPEG.1_highpass.jpg
466	2	CCE/A_0234_1.LEFT_CC.LJPEG.1_highpass.jpg
467	2	CCE/A_0235_1.LEFT_CC.LJPEG.1_highpass.jpg
468	2	CCE/A_0236_1.LEFT_CC.LJPEG.1_highpass.jpg
469	2	CCE/A_0237_1.LEFT_CC.LJPEG.1_highpass.jpg
470	2	CCE/A_0239_1.LEFT_CC.LJPEG.1_highpass.jpg
471	2	CCE/A_0240_1.LEFT_CC.LJPEG.1_highpass.jpg
472	2	CCE/A_0243_1.LEFT_CC.LJPEG.1_highpass.jpg
473	2	CCE/A_0244_1.LEFT_CC.LJPEG.1_highpass.jpg
474	2	CCE/A_0246_1.LEFT_CC.LJPEG.1_highpass.jpg
475	2	CCE/A_0247_1.LEFT_CC.LJPEG.1_highpass.jpg
476	2	CCE/A_0250_1.LEFT_CC.LJPEG.1_highpass.jpg
477	2	CCE/A_0251_1.LEFT_CC.LJPEG.1_highpass.jpg
478	2	CCE/A_0253_1.LEFT_CC.LJPEG.1_highpass.jpg
479	2	CCE/A_0254_1.LEFT_CC.LJPEG.1_highpass.jpg
480	2	CCE/A_0255_1.LEFT_CC.LJPEG.1_highpass.jpg
481	2	CCE/A_0257_1.LEFT_CC.LJPEG.1_highpass.jpg
482	2	CCE/A_0258_1.LEFT_CC.LJPEG.1_highpass.jpg
483	2	CCE/A_0259_1.LEFT_CC.LJPEG.1_highpass.jpg
484	2	CCE/A_0260_1.LEFT_CC.LJPEG.1_highpass.jpg
485	2	CCE/A_0262_1.LEFT_CC.LJPEG.1_highpass.jpg
486	2	CCE/A_0264_1.LEFT_CC.LJPEG.1_highpass.jpg
487	2	CCE/A_0265_1.LEFT_CC.LJPEG.1_highpass.jpg
488	2	CCE/A_0266_1.LEFT_CC.LJPEG.1_highpass.jpg
489	2	CCE/A_0268_1.LEFT_CC.LJPEG.1_highpass.jpg
490	2	CCE/A_0269_1.LEFT_CC.LJPEG.1_highpass.jpg
491	2	CCE/A_0270_1.LEFT_CC.LJPEG.1_highpass.jpg
492	2	CCE/A_0272_1.LEFT_CC.LJPEG.1_highpass.jpg
493	2	CCE/A_0275_1.LEFT_CC.LJPEG.1_highpass.jpg
494	2	CCE/A_0276_1.LEFT_CC.LJPEG.1_highpass.jpg
495	2	CCE/A_0278_1.LEFT_CC.LJPEG.1_highpass.jpg
496	2	CCE/A_0279_1.LEFT_CC.LJPEG.1_highpass.jpg
497	2	CCE/A_0280_1.LEFT_CC.LJPEG.1_highpass.jpg
498	2	CCE/A_0283_1.LEFT_CC.LJPEG.1_highpass.jpg
499	2	CCE/A_0284_1.LEFT_CC.LJPEG.1_highpass.jpg
500	2	CCE/A_0285_1.LEFT_CC.LJPEG.1_highpass.jpg
501	2	CCE/A_0286_1.LEFT_CC.LJPEG.1_highpass.jpg
502	2	CCE/A_0292_1.LEFT_CC.LJPEG.1_highpass.jpg
503	2	CCE/A_0293_1.LEFT_CC.LJPEG.1_highpass.jpg
504	2	CCE/A_0294_1.LEFT_CC.LJPEG.1_highpass.jpg
505	2	CCE/A_0295_1.LEFT_CC.LJPEG.1_highpass.jpg
506	2	CCE/A_0296_1.LEFT_CC.LJPEG.1_highpass.jpg
507	2	CCE/A_0298_1.LEFT_CC.LJPEG.1_highpass.jpg
508	2	CCE/A_0299_1.LEFT_CC.LJPEG.1_highpass.jpg
509	2	CCE/A_0302_1.LEFT_CC.LJPEG.1_highpass.jpg
510	2	CCE/A_0303_1.LEFT_CC.LJPEG.1_highpass.jpg
511	2	CCE/A_0306_1.LEFT_CC.LJPEG.1_highpass.jpg
512	2	CCE/A_0307_1.LEFT_CC.LJPEG.1_highpass.jpg
513	2	CCE/A_0309_1.LEFT_CC.LJPEG.1_highpass.jpg
514	2	CCE/A_0311_1.LEFT_CC.LJPEG.1_highpass.jpg
515	2	CCE/A_0312_1.LEFT_CC.LJPEG.1_highpass.jpg
516	2	CCE/A_0313_1.LEFT_CC.LJPEG.1_highpass.jpg
517	2	CCE/A_0315_1.LEFT_CC.LJPEG.1_highpass.jpg
518	2	CCE/A_0318_1.LEFT_CC.LJPEG.1_highpass.jpg
519	2	CCE/A_0320_1.LEFT_CC.LJPEG.1_highpass.jpg
520	2	CCE/A_0321_1.LEFT_CC.LJPEG.1_highpass.jpg
521	2	CCE/A_0322_1.LEFT_CC.LJPEG.1_highpass.jpg
522	2	CCE/A_0323_1.LEFT_CC.LJPEG.1_highpass.jpg
523	2	CCE/A_0325_1.LEFT_CC.LJPEG.1_highpass.jpg
524	2	CCE/A_0326_1.LEFT_CC.LJPEG.1_highpass.jpg
525	2	CCE/A_0328_1.LEFT_CC.LJPEG.1_highpass.jpg
526	2	CCE/A_0330_1.LEFT_CC.LJPEG.1_highpass.jpg
527	2	CCE/A_0331_1.LEFT_CC.LJPEG.1_highpass.jpg
528	2	CCE/A_0334_1.LEFT_CC.LJPEG.1_highpass.jpg
529	2	CCE/A_0335_1.LEFT_CC.LJPEG.1_highpass.jpg
530	2	CCE/A_0337_1.LEFT_CC.LJPEG.1_highpass.jpg
531	2	CCE/A_0338_1.LEFT_CC.LJPEG.1_highpass.jpg
532	2	CCE/A_0341_1.LEFT_CC.LJPEG.1_highpass.jpg
533	2	CCE/A_0342_1.LEFT_CC.LJPEG.1_highpass.jpg
534	2	CCE/A_0343_1.LEFT_CC.LJPEG.1_highpass.jpg
535	2	CCE/A_0344_1.LEFT_CC.LJPEG.1_highpass.jpg
536	2	CCE/A_0345_1.LEFT_CC.LJPEG.1_highpass.jpg
537	2	CCE/A_0347_1.LEFT_CC.LJPEG.1_highpass.jpg
538	2	CCE/A_0348_1.LEFT_CC.LJPEG.1_highpass.jpg
539	2	CCE/A_0351_1.LEFT_CC.LJPEG.1_highpass.jpg
540	2	CCE/A_0352_1.LEFT_CC.LJPEG.1_highpass.jpg
541	2	CCE/A_0354_1.LEFT_CC.LJPEG.1_highpass.jpg
542	2	CCE/A_0356_1.LEFT_CC.LJPEG.1_highpass.jpg
543	2	CCE/A_0357_1.LEFT_CC.LJPEG.1_highpass.jpg
544	2	CCE/A_0358_1.LEFT_CC.LJPEG.1_highpass.jpg
545	2	CCE/A_0359_1.LEFT_CC.LJPEG.1_highpass.jpg
546	2	CCE/A_0361_1.LEFT_CC.LJPEG.1_highpass.jpg
547	2	CCE/A_0364_1.LEFT_CC.LJPEG.1_highpass.jpg
548	2	CCE/A_0366_1.LEFT_CC.LJPEG.1_highpass.jpg
549	2	CCE/A_0367_1.LEFT_CC.LJPEG.1_highpass.jpg
550	2	CCE/A_0388_1.LEFT_CC.LJPEG.1_highpass.jpg
551	2	CCE/A_0389_1.LEFT_CC.LJPEG.1_highpass.jpg
552	2	CCE/A_0390_1.LEFT_CC.LJPEG.1_highpass.jpg
553	2	CCE/A_0391_1.LEFT_CC.LJPEG.1_highpass.jpg
554	2	CCE/A_0415_1.LEFT_CC.LJPEG.1_highpass.jpg
555	2	CCE/A_0416_1.LEFT_CC.LJPEG.1_highpass.jpg
556	2	CCE/A_0418_1.LEFT_CC.LJPEG.1_highpass.jpg
557	2	CCE/A_0419_1.LEFT_CC.LJPEG.1_highpass.jpg
558	2	CCE/A_0422_1.LEFT_CC.LJPEG.1_highpass.jpg
559	2	CCE/A_0423_1.LEFT_CC.LJPEG.1_highpass.jpg
560	2	CCE/A_0424_1.LEFT_CC.LJPEG.1_highpass.jpg
561	2	CCE/A_0426_1.LEFT_CC.LJPEG.1_highpass.jpg
562	2	CCE/A_0427_1.LEFT_CC.LJPEG.1_highpass.jpg
563	2	CCE/A_0431_1.LEFT_CC.LJPEG.1_highpass.jpg
564	2	CCE/A_0433_1.LEFT_CC.LJPEG.1_highpass.jpg
565	2	CCE/A_0434_1.LEFT_CC.LJPEG.1_highpass.jpg
566	2	CCE/A_0435_1.LEFT_CC.LJPEG.1_highpass.jpg
567	2	CCE/A_0437_1.LEFT_CC.LJPEG.1_highpass.jpg
568	2	CCE/A_0438_1.LEFT_CC.LJPEG.1_highpass.jpg
569	2	CCE/A_0439_1.LEFT_CC.LJPEG.1_highpass.jpg
570	2	CCE/A_0441_1.LEFT_CC.LJPEG.1_highpass.jpg
571	2	CCE/A_0442_1.LEFT_CC.LJPEG.1_highpass.jpg
572	2	CCE/A_0443_1.LEFT_CC.LJPEG.1_highpass.jpg
573	2	CCE/A_0445_1.LEFT_CC.LJPEG.1_highpass.jpg
574	2	CCE/A_0446_1.LEFT_CC.LJPEG.1_highpass.jpg
575	2	CCE/A_0448_1.LEFT_CC.LJPEG.1_highpass.jpg
576	2	CCE/A_0449_1.LEFT_CC.LJPEG.1_highpass.jpg
577	2	CCE/A_0450_1.LEFT_CC.LJPEG.1_highpass.jpg
578	2	CCE/A_0452_1.LEFT_CC.LJPEG.1_highpass.jpg
579	2	CCE/A_0453_1.LEFT_CC.LJPEG.1_highpass.jpg
580	2	CCE/A_0455_1.LEFT_CC.LJPEG.1_highpass.jpg
581	2	CCE/A_0456_1.LEFT_CC.LJPEG.1_highpass.jpg
582	2	CCE/A_0457_1.LEFT_CC.LJPEG.1_highpass.jpg
583	2	CCE/A_0462_1.LEFT_CC.LJPEG.1_highpass.jpg
584	2	CCE/A_0464_1.LEFT_CC.LJPEG.1_highpass.jpg
585	2	CCE/A_0465_1.LEFT_CC.LJPEG.1_highpass.jpg
586	2	CCE/A_0466_1.LEFT_CC.LJPEG.1_highpass.jpg
587	2	CCE/A_0467_1.LEFT_CC.LJPEG.1_highpass.jpg
588	2	CCE/A_0469_1.LEFT_CC.LJPEG.1_highpass.jpg
589	2	CCE/A_0471_1.LEFT_CC.LJPEG.1_highpass.jpg
590	2	CCE/A_0473_1.LEFT_CC.LJPEG.1_highpass.jpg
591	2	CCE/A_0474_1.LEFT_CC.LJPEG.1_highpass.jpg
592	2	CCE/A_0475_1.LEFT_CC.LJPEG.1_highpass.jpg
593	2	CCE/A_0477_1.LEFT_CC.LJPEG.1_highpass.jpg
594	2	CCE/A_0479_1.LEFT_CC.LJPEG.1_highpass.jpg
595	2	CCE/A_0482_1.LEFT_CC.LJPEG.1_highpass.jpg
596	2	CCE/A_0490_1.LEFT_CC.LJPEG.1_highpass.jpg
597	2	CCE/A_0492_1.LEFT_CC.LJPEG.1_highpass.jpg
598	2	CCE/A_0494_1.LEFT_CC.LJPEG.1_highpass.jpg
599	2	CCE/A_0495_1.LEFT_CC.LJPEG.1_highpass.jpg
600	2	CCE/A_0496_1.LEFT_CC.LJPEG.1_highpass.jpg
601	2	CCE/A_0498_1.LEFT_CC.LJPEG.1_highpass.jpg
602	2	CCE/A_0500_1.LEFT_CC.LJPEG.1_highpass.jpg
603	2	CCE/A_0502_1.LEFT_CC.LJPEG.1_highpass.jpg
604	2	CCE/A_0504_1.LEFT_CC.LJPEG.1_highpass.jpg
605	2	CCE/A_0505_1.LEFT_CC.LJPEG.1_highpass.jpg
606	2	CCE/A_0508_1.LEFT_CC.LJPEG.1_highpass.jpg
607	2	CCE/A_0510_1.LEFT_CC.LJPEG.1_highpass.jpg
608	2	CCE/A_0512_1.LEFT_CC.LJPEG.1_highpass.jpg
609	2	CCE/A_0513_1.LEFT_CC.LJPEG.1_highpass.jpg
610	2	CCE/A_0514_1.LEFT_CC.LJPEG.1_highpass.jpg
611	2	CCE/A_0518_1.LEFT_CC.LJPEG.1_highpass.jpg
612	2	CCE/A_0519_1.LEFT_CC.LJPEG.1_highpass.jpg
613	2	CCE/A_0522_1.LEFT_CC.LJPEG.1_highpass.jpg
614	2	CCE/A_0524_1.LEFT_CC.LJPEG.1_highpass.jpg
615	2	CCE/A_0528_1.LEFT_CC.LJPEG.1_highpass.jpg
616	2	CCE/A_0529_1.LEFT_CC.LJPEG.1_highpass.jpg
617	2	CCE/A_0532_1.LEFT_CC.LJPEG.1_highpass.jpg
618	2	CCE/A_0534_1.LEFT_CC.LJPEG.1_highpass.jpg
619	2	CCE/A_0539_1.LEFT_CC.LJPEG.1_highpass.jpg
620	2	CCE/A_0541_1.LEFT_CC.LJPEG.1_highpass.jpg
621	2	CCE/A_0543_1.LEFT_CC.LJPEG.1_highpass.jpg
622	2	CCE/A_0565_1.LEFT_CC.LJPEG.1_highpass.jpg
623	2	CCE/A_0566_1.LEFT_CC.LJPEG.1_highpass.jpg
624	2	CCE/A_0567_1.LEFT_CC.LJPEG.1_highpass.jpg
625	2	CCE/A_0571_1.LEFT_CC.LJPEG.1_highpass.jpg
626	2	CCE/A_0572_1.LEFT_CC.LJPEG.1_highpass.jpg
627	2	CCE/A_0573_1.LEFT_CC.LJPEG.1_highpass.jpg
628	2	CCE/A_0575_1.LEFT_CC.LJPEG.1_highpass.jpg
629	2	CCE/A_0578_1.LEFT_CC.LJPEG.1_highpass.jpg
630	2	CCE/A_0581_1.LEFT_CC.LJPEG.1_highpass.jpg
631	2	CCE/A_0584_1.LEFT_CC.LJPEG.1_highpass.jpg
632	2	CCE/A_0586_1.LEFT_CC.LJPEG.1_highpass.jpg
633	2	CCE/A_0591_1.LEFT_CC.LJPEG.1_highpass.jpg
634	2	CCE/A_0594_1.LEFT_CC.LJPEG.1_highpass.jpg
635	2	CCE/A_0595_1.LEFT_CC.LJPEG.1_highpass.jpg
636	2	CCE/A_0597_1.LEFT_CC.LJPEG.1_highpass.jpg
637	2	CCE/A_0601_1.LEFT_CC.LJPEG.1_highpass.jpg
638	2	CCE/A_0602_1.LEFT_CC.LJPEG.1_highpass.jpg
639	2	CCE/A_0604_1.LEFT_CC.LJPEG.1_highpass.jpg
640	2	CCE/A_0606_1.LEFT_CC.LJPEG.1_highpass.jpg
641	2	CCE/A_0607_1.LEFT_CC.LJPEG.1_highpass.jpg
642	2	CCE/A_0608_1.LEFT_CC.LJPEG.1_highpass.jpg
643	2	CCE/A_0609_1.LEFT_CC.LJPEG.1_highpass.jpg
644	2	CCE/A_0610_1.LEFT_CC.LJPEG.1_highpass.jpg
645	2	CCE/A_0613_1.LEFT_CC.LJPEG.1_highpass.jpg
646	2	CCE/A_0614_1.LEFT_CC.LJPEG.1_highpass.jpg
647	2	CCE/A_0615_1.LEFT_CC.LJPEG.1_highpass.jpg
648	2	CCE/A_0617_1.LEFT_CC.LJPEG.1_highpass.jpg
649	2	CCE/A_0620_1.LEFT_CC.LJPEG.1_highpass.jpg
650	2	CCE/A_0702_1.LEFT_CC.LJPEG.1_highpass.jpg
651	2	CCE/A_0703_1.LEFT_CC.LJPEG.1_highpass.jpg
652	2	CCE/A_0708_1.LEFT_CC.LJPEG.1_highpass.jpg
653	2	CCE/A_0710_1.LEFT_CC.LJPEG.1_highpass.jpg
654	2	CCE/A_0711_1.LEFT_CC.LJPEG.1_highpass.jpg
655	2	CCE/A_1956_1.LEFT_CC.LJPEG.1_highpass.jpg
656	2	CCE/A_1957_1.LEFT_CC.LJPEG.1_highpass.jpg
657	2	CCE/A_1958_1.LEFT_CC.LJPEG.1_highpass.jpg
658	2	CCE/A_1960_1.LEFT_CC.LJPEG.1_highpass.jpg
659	2	CCE/A_1961_1.LEFT_CC.LJPEG.1_highpass.jpg
660	2	CCE/A_1963_1.LEFT_CC.LJPEG.1_highpass.jpg
661	2	CCE/A_1964_1.LEFT_CC.LJPEG.1_highpass.jpg
662	2	CCE/A_1965_1.LEFT_CC.LJPEG.1_highpass.jpg
663	2	CCE/A_1966_1.LEFT_CC.LJPEG.1_highpass.jpg
664	2	CCE/A_1967_1.LEFT_CC.LJPEG.1_highpass.jpg
665	2	CCE/A_1970_1.LEFT_CC.LJPEG.1_highpass.jpg
666	2	CCE/A_1974_1.LEFT_CC.LJPEG.1_highpass.jpg
667	2	CCE/A_1976_1.LEFT_CC.LJPEG.1_highpass.jpg
668	2	CCE/A_1977_1.LEFT_CC.LJPEG.1_highpass.jpg
669	2	CCE/A_1978_1.LEFT_CC.LJPEG.1_highpass.jpg
670	2	CCE/A_1989_1.LEFT_CC.LJPEG.1_highpass.jpg
671	2	CCE/A_1990_1.LEFT_CC.LJPEG.1_highpass.jpg
672	2	CCE/A_1991_1.LEFT_CC.LJPEG.1_highpass.jpg
673	2	CCE/A_1992_1.LEFT_CC.LJPEG.1_highpass.jpg
674	2	CCE/A_1993_1.LEFT_CC.LJPEG.1_highpass.jpg
675	2	CCE/A_1995_1.LEFT_CC.LJPEG.1_highpass.jpg
676	2	CCE/A_1998_1.LEFT_CC.LJPEG.1_highpass.jpg
677	2	CCE/A_2002_1.LEFT_CC.LJPEG.1_highpass.jpg
678	2	CCE/A_2003_1.LEFT_CC.LJPEG.1_highpass.jpg
679	2	CCE/A_2004_1.LEFT_CC.LJPEG.1_highpass.jpg
680	2	CCE/A_2005_1.LEFT_CC.LJPEG.1_highpass.jpg
681	2	CCE/A_2007_1.LEFT_CC.LJPEG.1_highpass.jpg
682	2	CCE/A_2008_1.LEFT_CC.LJPEG.1_highpass.jpg
683	2	CCE/A_2010_1.LEFT_CC.LJPEG.1_highpass.jpg
684	2	CCE/A_2011_1.LEFT_CC.LJPEG.1_highpass.jpg
685	2	CCE/A_2013_1.LEFT_CC.LJPEG.1_highpass.jpg
686	2	CCE/A_2015_1.LEFT_CC.LJPEG.1_highpass.jpg
687	2	CCE/A_2017_1.LEFT_CC.LJPEG.1_highpass.jpg
688	2	CCE/A_2019_1.LEFT_CC.LJPEG.1_highpass.jpg
689	2	CCE/A_2020_1.LEFT_CC.LJPEG.1_highpass.jpg
690	2	CCE/A_2023_1.LEFT_CC.LJPEG.1_highpass.jpg
691	2	CCE/A_2024_1.LEFT_CC.LJPEG.1_highpass.jpg
692	2	CCE/A_2027_1.LEFT_CC.LJPEG.1_highpass.jpg
693	2	CCE/A_2028_1.LEFT_CC.LJPEG.1_highpass.jpg
694	2	CCE/A_2030_1.LEFT_CC.LJPEG.1_highpass.jpg
695	2	CCE/A_2032_1.LEFT_CC.LJPEG.1_highpass.jpg
696	2	CCE/A_2034_1.LEFT_CC.LJPEG.1_highpass.jpg
697	2	CCE/A_2035_1.LEFT_CC.LJPEG.1_highpass.jpg
698	2	CCE/A_2036_1.LEFT_CC.LJPEG.1_highpass.jpg
699	2	CCE/A_2037_1.LEFT_CC.LJPEG.1_highpass.jpg
700	2	CCE/A_2038_1.LEFT_CC.LJPEG.1_highpass.jpg
701	2	CCE/A_2039_1.LEFT_CC.LJPEG.1_highpass.jpg
702	2	CCE/A_2040_1.LEFT_CC.LJPEG.1_highpass.jpg
703	2	CCE/A_2041_1.LEFT_CC.LJPEG.1_highpass.jpg
704	2	CCE/B_3600_1.LEFT_CC.LJPEG.1_highpass.jpg
705	2	CCE/B_3601_1.LEFT_CC.LJPEG.1_highpass.jpg
706	2	CCE/B_3604_1.LEFT_CC.LJPEG.1_highpass.jpg
707	2	CCE/B_3605_1.LEFT_CC.LJPEG.1_highpass.jpg
708	2	CCE/B_3606_1.LEFT_CC.LJPEG.1_highpass.jpg
709	2	CCE/B_3609_1.LEFT_CC.LJPEG.1_highpass.jpg
710	2	CCE/B_3611_1.LEFT_CC.LJPEG.1_highpass.jpg
711	2	CCE/B_3612_1.LEFT_CC.LJPEG.1_highpass.jpg
712	2	CCE/B_3613_1.LEFT_CC.LJPEG.1_highpass.jpg
713	2	CCE/B_3614_1.LEFT_CC.LJPEG.1_highpass.jpg
714	2	CCE/B_3616_1.LEFT_CC.LJPEG.1_highpass.jpg
715	2	CCE/B_3617_1.LEFT_CC.LJPEG.1_highpass.jpg
716	2	CCE/B_3618_1.LEFT_CC.LJPEG.1_highpass.jpg
717	2	CCE/B_3620_1.LEFT_CC.LJPEG.1_highpass.jpg
718	2	CCE/B_3621_1.LEFT_CC.LJPEG.1_highpass.jpg
719	2	CCE/B_3622_1.LEFT_CC.LJPEG.1_highpass.jpg
720	2	CCE/B_3624_1.LEFT_CC.LJPEG.1_highpass.jpg
721	2	CCE/B_3627_1.LEFT_CC.LJPEG.1_highpass.jpg
722	2	CCE/B_3629_1.LEFT_CC.LJPEG.1_highpass.jpg
723	2	CCE/B_3631_1.LEFT_CC.LJPEG.1_highpass.jpg
724	2	CCE/B_3632_1.LEFT_CC.LJPEG.1_highpass.jpg
725	2	CCE/B_3636_1.LEFT_CC.LJPEG.1_highpass.jpg
726	2	CCE/B_3637_1.LEFT_CC.LJPEG.1_highpass.jpg
727	2	CCE/B_3642_1.LEFT_CC.LJPEG.1_highpass.jpg
728	2	CCE/B_3643_1.LEFT_CC.LJPEG.1_highpass.jpg
729	2	CCE/B_3644_1.LEFT_CC.LJPEG.1_highpass.jpg
730	2	CCE/B_3645_1.LEFT_CC.LJPEG.1_highpass.jpg
731	2	CCE/B_3646_1.LEFT_CC.LJPEG.1_highpass.jpg
732	2	CCE/B_3647_1.LEFT_CC.LJPEG.1_highpass.jpg
733	2	CCE/B_3648_1.LEFT_CC.LJPEG.1_highpass.jpg
734	2	CCE/B_3649_1.LEFT_CC.LJPEG.1_highpass.jpg
735	2	CCE/B_3651_1.LEFT_CC.LJPEG.1_highpass.jpg
736	2	CCE/B_3652_1.LEFT_CC.LJPEG.1_highpass.jpg
737	2	CCE/B_3654_1.LEFT_CC.LJPEG.1_highpass.jpg
738	2	CCE/B_3656_1.LEFT_CC.LJPEG.1_highpass.jpg
739	2	CCE/B_3657_1.LEFT_CC.LJPEG.1_highpass.jpg
740	2	CCE/B_3659_1.LEFT_CC.LJPEG.1_highpass.jpg
741	2	CCE/B_3660_1.LEFT_CC.LJPEG.1_highpass.jpg
742	2	CCE/B_3662_1.LEFT_CC.LJPEG.1_highpass.jpg
743	2	CCE/B_3665_1.LEFT_CC.LJPEG.1_highpass.jpg
744	2	CCE/B_3666_1.LEFT_CC.LJPEG.1_highpass.jpg
745	2	CCE/B_3667_1.LEFT_CC.LJPEG.1_highpass.jpg
746	2	CCE/B_3668_1.LEFT_CC.LJPEG.1_highpass.jpg
747	2	CCE/B_3670_1.LEFT_CC.LJPEG.1_highpass.jpg
748	2	CCE/B_3672_1.LEFT_CC.LJPEG.1_highpass.jpg
749	2	CCE/B_3673_1.LEFT_CC.LJPEG.1_highpass.jpg
750	2	CCE/B_3675_1.LEFT_CC.LJPEG.1_highpass.jpg
751	2	CCE/B_3676_1.LEFT_CC.LJPEG.1_highpass.jpg
752	2	CCE/B_3677_1.LEFT_CC.LJPEG.1_highpass.jpg
753	2	CCE/B_3679_1.LEFT_CC.LJPEG.1_highpass.jpg
754	2	CCE/B_3680_1.LEFT_CC.LJPEG.1_highpass.jpg
755	2	CCE/B_3682_1.LEFT_CC.LJPEG.1_highpass.jpg
756	2	CCE/D_4548_1.LEFT_CC.LJPEG.1_highpass.jpg
757	2	CCE/D_4549_1.LEFT_CC.LJPEG.1_highpass.jpg
758	2	CCE/D_4554_1.LEFT_CC.LJPEG.1_highpass.jpg
759	2	CCE/D_4556_1.LEFT_CC.LJPEG.1_highpass.jpg
760	2	CCE/D_4564_1.LEFT_CC.LJPEG.1_highpass.jpg
761	2	CCE/D_4573_1.LEFT_CC.LJPEG.1_highpass.jpg
762	2	CCE/D_4580_1.LEFT_CC.LJPEG.1_highpass.jpg
763	2	CCE/D_4581_1.LEFT_CC.LJPEG.1_highpass.jpg
764	2	CCE/D_4596_1.LEFT_CC.LJPEG.1_highpass.jpg
765	2	CCE/D_4599_1.LEFT_CC.LJPEG.1_highpass.jpg
766	2	CCE/D_4600_1.LEFT_CC.LJPEG.1_highpass.jpg
767	2	CCE/D_4602_1.LEFT_CC.LJPEG.1_highpass.jpg
768	2	CCE/D_4605_1.LEFT_CC.LJPEG.1_highpass.jpg
769	2	CCE/D_4606_1.LEFT_CC.LJPEG.1_highpass.jpg
770	2	CCE/D_4608_1.LEFT_CC.LJPEG.1_highpass.jpg
771	2	CCE/D_4609_1.LEFT_CC.LJPEG.1_highpass.jpg
772	3	MLOD/A_0002_1.RIGHT_MLO.LJPEG.1_highpass.jpg
773	3	MLOD/A_0006_1.RIGHT_MLO.LJPEG.1_highpass.jpg
774	3	MLOD/A_0010_1.RIGHT_MLO.LJPEG.1_highpass.jpg
775	3	MLOD/A_0011_1.RIGHT_MLO.LJPEG.1_highpass.jpg
776	3	MLOD/A_0013_1.RIGHT_MLO.LJPEG.1_highpass.jpg
777	3	MLOD/A_0014_1.RIGHT_MLO.LJPEG.1_highpass.jpg
778	3	MLOD/A_0016_1.RIGHT_MLO.LJPEG.1_highpass.jpg
779	3	MLOD/A_0026_1.RIGHT_MLO.LJPEG.1_highpass.jpg
780	3	MLOD/A_0031_1.RIGHT_MLO.LJPEG.1_highpass.jpg
781	3	MLOD/A_0032_1.RIGHT_MLO.LJPEG.1_highpass.jpg
782	3	MLOD/A_0034_1.RIGHT_MLO.LJPEG.1_highpass.jpg
783	3	MLOD/A_0037_1.RIGHT_MLO.LJPEG.1_highpass.jpg
784	3	MLOD/A_0039_1.RIGHT_MLO.LJPEG.1_highpass.jpg
785	3	MLOD/A_0040_1.RIGHT_MLO.LJPEG.1_highpass.jpg
786	3	MLOD/A_0043_1.RIGHT_MLO.LJPEG.1_highpass.jpg
787	3	MLOD/A_0045_1.RIGHT_MLO.LJPEG.1_highpass.jpg
788	3	MLOD/A_0046_1.RIGHT_MLO.LJPEG.1_highpass.jpg
789	3	MLOD/A_0048_1.RIGHT_MLO.LJPEG.1_highpass.jpg
790	3	MLOD/A_0049_1.RIGHT_MLO.LJPEG.1_highpass.jpg
791	3	MLOD/A_0050_1.RIGHT_MLO.LJPEG.1_highpass.jpg
792	3	MLOD/A_0052_1.RIGHT_MLO.LJPEG.1_highpass.jpg
793	3	MLOD/A_0053_1.RIGHT_MLO.LJPEG.1_highpass.jpg
794	3	MLOD/A_0056_1.RIGHT_MLO.LJPEG.1_highpass.jpg
795	3	MLOD/A_0057_1.RIGHT_MLO.LJPEG.1_highpass.jpg
796	3	MLOD/A_0058_1.RIGHT_MLO.LJPEG.1_highpass.jpg
797	3	MLOD/A_0061_1.RIGHT_MLO.LJPEG.1_highpass.jpg
798	3	MLOD/A_0062_1.RIGHT_MLO.LJPEG.1_highpass.jpg
799	3	MLOD/A_0063_1.RIGHT_MLO.LJPEG.1_highpass.jpg
800	3	MLOD/A_0067_1.RIGHT_MLO.LJPEG.1_highpass.jpg
801	3	MLOD/A_0068_1.RIGHT_MLO.LJPEG.1_highpass.jpg
802	3	MLOD/A_0069_1.RIGHT_MLO.LJPEG.1_highpass.jpg
803	3	MLOD/A_0070_1.RIGHT_MLO.LJPEG.1_highpass.jpg
804	3	MLOD/A_0071_1.RIGHT_MLO.LJPEG.1_highpass.jpg
805	3	MLOD/A_0073_1.RIGHT_MLO.LJPEG.1_highpass.jpg
806	3	MLOD/A_0074_1.RIGHT_MLO.LJPEG.1_highpass.jpg
807	3	MLOD/A_0076_1.RIGHT_MLO.LJPEG.1_highpass.jpg
808	3	MLOD/A_0077_1.RIGHT_MLO.LJPEG.1_highpass.jpg
809	3	MLOD/A_0080_1.RIGHT_MLO.LJPEG.1_highpass.jpg
810	3	MLOD/A_0089_1.RIGHT_MLO.LJPEG.1_highpass.jpg
811	3	MLOD/A_0090_1.RIGHT_MLO.LJPEG.1_highpass.jpg
812	3	MLOD/A_0092_1.RIGHT_MLO.LJPEG.1_highpass.jpg
813	3	MLOD/A_0093_1.RIGHT_MLO.LJPEG.1_highpass.jpg
814	3	MLOD/A_0096_1.RIGHT_MLO.LJPEG.1_highpass.jpg
815	3	MLOD/A_0097_1.RIGHT_MLO.LJPEG.1_highpass.jpg
816	3	MLOD/A_0108_1.RIGHT_MLO.LJPEG.1_highpass.jpg
817	3	MLOD/A_0109_1.RIGHT_MLO.LJPEG.1_highpass.jpg
818	3	MLOD/A_0110_1.RIGHT_MLO.LJPEG.1_highpass.jpg
819	3	MLOD/A_0111_1.RIGHT_MLO.LJPEG.1_highpass.jpg
820	3	MLOD/A_0112_1.RIGHT_MLO.LJPEG.1_highpass.jpg
821	3	MLOD/A_0114_1.RIGHT_MLO.LJPEG.1_highpass.jpg
822	3	MLOD/A_0115_1.RIGHT_MLO.LJPEG.1_highpass.jpg
823	3	MLOD/A_0119_1.RIGHT_MLO.LJPEG.1_highpass.jpg
824	3	MLOD/A_0124_1.RIGHT_MLO.LJPEG.1_highpass.jpg
825	3	MLOD/A_0127_1.RIGHT_MLO.LJPEG.1_highpass.jpg
826	3	MLOD/A_0128_1.RIGHT_MLO.LJPEG.1_highpass.jpg
827	3	MLOD/A_0131_1.RIGHT_MLO.LJPEG.1_highpass.jpg
828	3	MLOD/A_0136_1.RIGHT_MLO.LJPEG.1_highpass.jpg
829	3	MLOD/A_0137_1.RIGHT_MLO.LJPEG.1_highpass.jpg
830	3	MLOD/A_0142_1.RIGHT_MLO.LJPEG.1_highpass.jpg
831	3	MLOD/A_0143_1.RIGHT_MLO.LJPEG.1_highpass.jpg
832	3	MLOD/A_0146_1.RIGHT_MLO.LJPEG.1_highpass.jpg
833	3	MLOD/A_0149_1.RIGHT_MLO.LJPEG.1_highpass.jpg
834	3	MLOD/A_0150_1.RIGHT_MLO.LJPEG.1_highpass.jpg
835	3	MLOD/A_0151_1.RIGHT_MLO.LJPEG.1_highpass.jpg
836	3	MLOD/A_0155_1.RIGHT_MLO.LJPEG.1_highpass.jpg
837	3	MLOD/A_0156_1.RIGHT_MLO.LJPEG.1_highpass.jpg
838	3	MLOD/A_0157_1.RIGHT_MLO.LJPEG.1_highpass.jpg
839	3	MLOD/A_0159_1.RIGHT_MLO.LJPEG.1_highpass.jpg
840	3	MLOD/A_0160_1.RIGHT_MLO.LJPEG.1_highpass.jpg
841	3	MLOD/A_0201_1.RIGHT_MLO.LJPEG.1_highpass.jpg
842	3	MLOD/A_0203_1.RIGHT_MLO.LJPEG.1_highpass.jpg
843	3	MLOD/A_0204_1.RIGHT_MLO.LJPEG.1_highpass.jpg
844	3	MLOD/A_0205_1.RIGHT_MLO.LJPEG.1_highpass.jpg
845	3	MLOD/A_0208_1.RIGHT_MLO.LJPEG.1_highpass.jpg
846	3	MLOD/A_0209_1.RIGHT_MLO.LJPEG.1_highpass.jpg
847	3	MLOD/A_0212_1.RIGHT_MLO.LJPEG.1_highpass.jpg
848	3	MLOD/A_0215_1.RIGHT_MLO.LJPEG.1_highpass.jpg
849	3	MLOD/A_0218_1.RIGHT_MLO.LJPEG.1_highpass.jpg
850	3	MLOD/A_0220_1.RIGHT_MLO.LJPEG.1_highpass.jpg
851	3	MLOD/A_0221_1.RIGHT_MLO.LJPEG.1_highpass.jpg
852	3	MLOD/A_0222_1.RIGHT_MLO.LJPEG.1_highpass.jpg
853	3	MLOD/A_0224_1.RIGHT_MLO.LJPEG.1_highpass.jpg
854	3	MLOD/A_0226_1.RIGHT_MLO.LJPEG.1_highpass.jpg
855	3	MLOD/A_0227_1.RIGHT_MLO.LJPEG.1_highpass.jpg
856	3	MLOD/A_0232_1.RIGHT_MLO.LJPEG.1_highpass.jpg
857	3	MLOD/A_0233_1.RIGHT_MLO.LJPEG.1_highpass.jpg
858	3	MLOD/A_0235_1.RIGHT_MLO.LJPEG.1_highpass.jpg
859	3	MLOD/A_0237_1.RIGHT_MLO.LJPEG.1_highpass.jpg
860	3	MLOD/A_0238_1.RIGHT_MLO.LJPEG.1_highpass.jpg
861	3	MLOD/A_0239_1.RIGHT_MLO.LJPEG.1_highpass.jpg
862	3	MLOD/A_0240_1.RIGHT_MLO.LJPEG.1_highpass.jpg
863	3	MLOD/A_0243_1.RIGHT_MLO.LJPEG.1_highpass.jpg
864	3	MLOD/A_0245_1.RIGHT_MLO.LJPEG.1_highpass.jpg
865	3	MLOD/A_0246_1.RIGHT_MLO.LJPEG.1_highpass.jpg
866	3	MLOD/A_0247_1.RIGHT_MLO.LJPEG.1_highpass.jpg
867	3	MLOD/A_0249_1.RIGHT_MLO.LJPEG.1_highpass.jpg
868	3	MLOD/A_0251_1.RIGHT_MLO.LJPEG.1_highpass.jpg
869	3	MLOD/A_0252_1.RIGHT_MLO.LJPEG.1_highpass.jpg
870	3	MLOD/A_0253_1.RIGHT_MLO.LJPEG.1_highpass.jpg
871	3	MLOD/A_0255_1.RIGHT_MLO.LJPEG.1_highpass.jpg
872	3	MLOD/A_0257_1.RIGHT_MLO.LJPEG.1_highpass.jpg
873	3	MLOD/A_0258_1.RIGHT_MLO.LJPEG.1_highpass.jpg
874	3	MLOD/A_0259_1.RIGHT_MLO.LJPEG.1_highpass.jpg
875	3	MLOD/A_0261_1.RIGHT_MLO.LJPEG.1_highpass.jpg
876	3	MLOD/A_0262_1.RIGHT_MLO.LJPEG.1_highpass.jpg
877	3	MLOD/A_0263_1.RIGHT_MLO.LJPEG.1_highpass.jpg
878	3	MLOD/A_0265_1.RIGHT_MLO.LJPEG.1_highpass.jpg
879	3	MLOD/A_0266_1.RIGHT_MLO.LJPEG.1_highpass.jpg
880	3	MLOD/A_0269_1.RIGHT_MLO.LJPEG.1_highpass.jpg
881	3	MLOD/A_0271_1.RIGHT_MLO.LJPEG.1_highpass.jpg
882	3	MLOD/A_0273_1.RIGHT_MLO.LJPEG.1_highpass.jpg
883	3	MLOD/A_0275_1.RIGHT_MLO.LJPEG.1_highpass.jpg
884	3	MLOD/A_0276_1.RIGHT_MLO.LJPEG.1_highpass.jpg
885	3	MLOD/A_0279_1.RIGHT_MLO.LJPEG.1_highpass.jpg
886	3	MLOD/A_0280_1.RIGHT_MLO.LJPEG.1_highpass.jpg
887	3	MLOD/A_0282_1.RIGHT_MLO.LJPEG.1_highpass.jpg
888	3	MLOD/A_0284_1.RIGHT_MLO.LJPEG.1_highpass.jpg
889	3	MLOD/A_0286_1.RIGHT_MLO.LJPEG.1_highpass.jpg
890	3	MLOD/A_0287_1.RIGHT_MLO.LJPEG.1_highpass.jpg
891	3	MLOD/A_0292_1.RIGHT_MLO.LJPEG.1_highpass.jpg
892	3	MLOD/A_0293_1.RIGHT_MLO.LJPEG.1_highpass.jpg
893	3	MLOD/A_0295_1.RIGHT_MLO.LJPEG.1_highpass.jpg
894	3	MLOD/A_0296_1.RIGHT_MLO.LJPEG.1_highpass.jpg
895	3	MLOD/A_0297_1.RIGHT_MLO.LJPEG.1_highpass.jpg
896	3	MLOD/A_0299_1.RIGHT_MLO.LJPEG.1_highpass.jpg
897	3	MLOD/A_0302_1.RIGHT_MLO.LJPEG.1_highpass.jpg
898	3	MLOD/A_0305_1.RIGHT_MLO.LJPEG.1_highpass.jpg
899	3	MLOD/A_0307_1.RIGHT_MLO.LJPEG.1_highpass.jpg
900	3	MLOD/A_0309_1.RIGHT_MLO.LJPEG.1_highpass.jpg
901	3	MLOD/A_0312_1.RIGHT_MLO.LJPEG.1_highpass.jpg
902	3	MLOD/A_0313_1.RIGHT_MLO.LJPEG.1_highpass.jpg
903	3	MLOD/A_0315_1.RIGHT_MLO.LJPEG.1_highpass.jpg
904	3	MLOD/A_0319_1.RIGHT_MLO.LJPEG.1_highpass.jpg
905	3	MLOD/A_0320_1.RIGHT_MLO.LJPEG.1_highpass.jpg
906	3	MLOD/A_0321_1.RIGHT_MLO.LJPEG.1_highpass.jpg
907	3	MLOD/A_0323_1.RIGHT_MLO.LJPEG.1_highpass.jpg
908	3	MLOD/A_0325_1.RIGHT_MLO.LJPEG.1_highpass.jpg
909	3	MLOD/A_0327_1.RIGHT_MLO.LJPEG.1_highpass.jpg
910	3	MLOD/A_0329_1.RIGHT_MLO.LJPEG.1_highpass.jpg
911	3	MLOD/A_0330_1.RIGHT_MLO.LJPEG.1_highpass.jpg
912	3	MLOD/A_0333_1.RIGHT_MLO.LJPEG.1_highpass.jpg
913	3	MLOD/A_0334_1.RIGHT_MLO.LJPEG.1_highpass.jpg
914	3	MLOD/A_0335_1.RIGHT_MLO.LJPEG.1_highpass.jpg
915	3	MLOD/A_0339_1.RIGHT_MLO.LJPEG.1_highpass.jpg
916	3	MLOD/A_0342_1.RIGHT_MLO.LJPEG.1_highpass.jpg
917	3	MLOD/A_0344_1.RIGHT_MLO.LJPEG.1_highpass.jpg
918	3	MLOD/A_0347_1.RIGHT_MLO.LJPEG.1_highpass.jpg
919	3	MLOD/A_0351_1.RIGHT_MLO.LJPEG.1_highpass.jpg
920	3	MLOD/A_0352_1.RIGHT_MLO.LJPEG.1_highpass.jpg
921	3	MLOD/A_0355_1.RIGHT_MLO.LJPEG.1_highpass.jpg
922	3	MLOD/A_0357_1.RIGHT_MLO.LJPEG.1_highpass.jpg
923	3	MLOD/A_0359_1.RIGHT_MLO.LJPEG.1_highpass.jpg
924	3	MLOD/A_0360_1.RIGHT_MLO.LJPEG.1_highpass.jpg
925	3	MLOD/A_0362_1.RIGHT_MLO.LJPEG.1_highpass.jpg
926	3	MLOD/A_0364_1.RIGHT_MLO.LJPEG.1_highpass.jpg
927	3	MLOD/A_0366_1.RIGHT_MLO.LJPEG.1_highpass.jpg
928	3	MLOD/A_0367_1.RIGHT_MLO.LJPEG.1_highpass.jpg
929	3	MLOD/A_0389_1.RIGHT_MLO.LJPEG.1_highpass.jpg
930	3	MLOD/A_0390_1.RIGHT_MLO.LJPEG.1_highpass.jpg
931	3	MLOD/A_0391_1.RIGHT_MLO.LJPEG.1_highpass.jpg
932	3	MLOD/A_0414_1.RIGHT_MLO.LJPEG.1_highpass.jpg
933	3	MLOD/A_0415_1.RIGHT_MLO.LJPEG.1_highpass.jpg
934	3	MLOD/A_0416_1.RIGHT_MLO.LJPEG.1_highpass.jpg
935	3	MLOD/A_0418_1.RIGHT_MLO.LJPEG.1_highpass.jpg
936	3	MLOD/A_0420_1.RIGHT_MLO.LJPEG.1_highpass.jpg
937	3	MLOD/A_0423_1.RIGHT_MLO.LJPEG.1_highpass.jpg
938	3	MLOD/A_0424_1.RIGHT_MLO.LJPEG.1_highpass.jpg
939	3	MLOD/A_0426_1.RIGHT_MLO.LJPEG.1_highpass.jpg
940	3	MLOD/A_0427_1.RIGHT_MLO.LJPEG.1_highpass.jpg
941	3	MLOD/A_0432_1.RIGHT_MLO.LJPEG.1_highpass.jpg
942	3	MLOD/A_0434_1.RIGHT_MLO.LJPEG.1_highpass.jpg
943	3	MLOD/A_0435_1.RIGHT_MLO.LJPEG.1_highpass.jpg
944	3	MLOD/A_0443_1.RIGHT_MLO.LJPEG.1_highpass.jpg
945	3	MLOD/A_0445_1.RIGHT_MLO.LJPEG.1_highpass.jpg
946	3	MLOD/A_0448_1.RIGHT_MLO.LJPEG.1_highpass.jpg
947	3	MLOD/A_0449_1.RIGHT_MLO.LJPEG.1_highpass.jpg
948	3	MLOD/A_0451_1.RIGHT_MLO.LJPEG.1_highpass.jpg
949	3	MLOD/A_0453_1.RIGHT_MLO.LJPEG.1_highpass.jpg
950	3	MLOD/A_0456_1.RIGHT_MLO.LJPEG.1_highpass.jpg
951	3	MLOD/A_0457_1.RIGHT_MLO.LJPEG.1_highpass.jpg
952	3	MLOD/A_0463_1.RIGHT_MLO.LJPEG.1_highpass.jpg
953	3	MLOD/A_0464_1.RIGHT_MLO.LJPEG.1_highpass.jpg
954	3	MLOD/A_0466_1.RIGHT_MLO.LJPEG.1_highpass.jpg
955	3	MLOD/A_0467_1.RIGHT_MLO.LJPEG.1_highpass.jpg
956	3	MLOD/A_0469_1.RIGHT_MLO.LJPEG.1_highpass.jpg
957	3	MLOD/A_0473_1.RIGHT_MLO.LJPEG.1_highpass.jpg
958	3	MLOD/A_0474_1.RIGHT_MLO.LJPEG.1_highpass.jpg
959	3	MLOD/A_0478_1.RIGHT_MLO.LJPEG.1_highpass.jpg
960	3	MLOD/A_0483_1.RIGHT_MLO.LJPEG.1_highpass.jpg
961	3	MLOD/A_0492_1.RIGHT_MLO.LJPEG.1_highpass.jpg
962	3	MLOD/A_0495_1.RIGHT_MLO.LJPEG.1_highpass.jpg
963	3	MLOD/A_0496_1.RIGHT_MLO.LJPEG.1_highpass.jpg
964	3	MLOD/A_0497_1.RIGHT_MLO.LJPEG.1_highpass.jpg
965	3	MLOD/A_0500_1.RIGHT_MLO.LJPEG.1_highpass.jpg
966	3	MLOD/A_0502_1.RIGHT_MLO.LJPEG.1_highpass.jpg
967	3	MLOD/A_0503_1.RIGHT_MLO.LJPEG.1_highpass.jpg
968	3	MLOD/A_0505_1.RIGHT_MLO.LJPEG.1_highpass.jpg
969	3	MLOD/A_0509_1.RIGHT_MLO.LJPEG.1_highpass.jpg
970	3	MLOD/A_0511_1.RIGHT_MLO.LJPEG.1_highpass.jpg
971	3	MLOD/A_0512_1.RIGHT_MLO.LJPEG.1_highpass.jpg
972	3	MLOD/A_0514_1.RIGHT_MLO.LJPEG.1_highpass.jpg
973	3	MLOD/A_0515_1.RIGHT_MLO.LJPEG.1_highpass.jpg
974	3	MLOD/A_0517_1.RIGHT_MLO.LJPEG.1_highpass.jpg
975	3	MLOD/A_0518_1.RIGHT_MLO.LJPEG.1_highpass.jpg
976	3	MLOD/A_0519_1.RIGHT_MLO.LJPEG.1_highpass.jpg
977	3	MLOD/A_0525_1.RIGHT_MLO.LJPEG.1_highpass.jpg
978	3	MLOD/A_0528_1.RIGHT_MLO.LJPEG.1_highpass.jpg
979	3	MLOD/A_0532_1.RIGHT_MLO.LJPEG.1_highpass.jpg
980	3	MLOD/A_0534_1.RIGHT_MLO.LJPEG.1_highpass.jpg
981	3	MLOD/A_0539_1.RIGHT_MLO.LJPEG.1_highpass.jpg
982	3	MLOD/A_0542_1.RIGHT_MLO.LJPEG.1_highpass.jpg
983	3	MLOD/A_0543_1.RIGHT_MLO.LJPEG.1_highpass.jpg
984	3	MLOD/A_0565_1.RIGHT_MLO.LJPEG.1_highpass.jpg
985	3	MLOD/A_0566_1.RIGHT_MLO.LJPEG.1_highpass.jpg
986	3	MLOD/A_0567_1.RIGHT_MLO.LJPEG.1_highpass.jpg
987	3	MLOD/A_0569_1.RIGHT_MLO.LJPEG.1_highpass.jpg
988	3	MLOD/A_0570_1.RIGHT_MLO.LJPEG.1_highpass.jpg
989	3	MLOD/A_0572_1.RIGHT_MLO.LJPEG.1_highpass.jpg
990	3	MLOD/A_0574_1.RIGHT_MLO.LJPEG.1_highpass.jpg
991	3	MLOD/A_0578_1.RIGHT_MLO.LJPEG.1_highpass.jpg
992	3	MLOD/A_0580_1.RIGHT_MLO.LJPEG.1_highpass.jpg
993	3	MLOD/A_0583_1.RIGHT_MLO.LJPEG.1_highpass.jpg
994	3	MLOD/A_0586_1.RIGHT_MLO.LJPEG.1_highpass.jpg
995	3	MLOD/A_0588_1.RIGHT_MLO.LJPEG.1_highpass.jpg
996	3	MLOD/A_0589_1.RIGHT_MLO.LJPEG.1_highpass.jpg
997	3	MLOD/A_0591_1.RIGHT_MLO.LJPEG.1_highpass.jpg
998	3	MLOD/A_0595_1.RIGHT_MLO.LJPEG.1_highpass.jpg
999	3	MLOD/A_0596_1.RIGHT_MLO.LJPEG.1_highpass.jpg
1000	3	MLOD/A_0598_1.RIGHT_MLO.LJPEG.1_highpass.jpg
1001	3	MLOD/A_0600_1.RIGHT_MLO.LJPEG.1_highpass.jpg
1002	3	MLOD/A_0602_1.RIGHT_MLO.LJPEG.1_highpass.jpg
1003	3	MLOD/A_0603_1.RIGHT_MLO.LJPEG.1_highpass.jpg
1004	3	MLOD/A_0607_1.RIGHT_MLO.LJPEG.1_highpass.jpg
1005	3	MLOD/A_0610_1.RIGHT_MLO.LJPEG.1_highpass.jpg
1006	3	MLOD/A_0611_1.RIGHT_MLO.LJPEG.1_highpass.jpg
1007	3	MLOD/A_0614_1.RIGHT_MLO.LJPEG.1_highpass.jpg
1008	3	MLOD/A_0616_1.RIGHT_MLO.LJPEG.1_highpass.jpg
1009	3	MLOD/A_0618_1.RIGHT_MLO.LJPEG.1_highpass.jpg
1010	3	MLOD/A_0619_1.RIGHT_MLO.LJPEG.1_highpass.jpg
1011	3	MLOD/A_0620_1.RIGHT_MLO.LJPEG.1_highpass.jpg
1012	3	MLOD/A_0702_1.RIGHT_MLO.LJPEG.1_highpass.jpg
1013	3	MLOD/A_0706_1.RIGHT_MLO.LJPEG.1_highpass.jpg
1014	3	MLOD/A_0707_1.RIGHT_MLO.LJPEG.1_highpass.jpg
1015	3	MLOD/A_0711_1.RIGHT_MLO.LJPEG.1_highpass.jpg
1016	3	MLOD/A_1956_1.RIGHT_MLO.LJPEG.1_highpass.jpg
1017	3	MLOD/A_1957_1.RIGHT_MLO.LJPEG.1_highpass.jpg
1018	3	MLOD/A_1958_1.RIGHT_MLO.LJPEG.1_highpass.jpg
1019	3	MLOD/A_1959_1.RIGHT_MLO.LJPEG.1_highpass.jpg
1020	3	MLOD/A_1961_1.RIGHT_MLO.LJPEG.1_highpass.jpg
1021	3	MLOD/A_1962_1.RIGHT_MLO.LJPEG.1_highpass.jpg
1022	3	MLOD/A_1963_1.RIGHT_MLO.LJPEG.1_highpass.jpg
1023	3	MLOD/A_1965_1.RIGHT_MLO.LJPEG.1_highpass.jpg
1024	3	MLOD/A_1966_1.RIGHT_MLO.LJPEG.1_highpass.jpg
1025	3	MLOD/A_1969_1.RIGHT_MLO.LJPEG.1_highpass.jpg
1026	3	MLOD/A_1970_1.RIGHT_MLO.LJPEG.1_highpass.jpg
1027	3	MLOD/A_1972_1.RIGHT_MLO.LJPEG.1_highpass.jpg
1028	3	MLOD/A_1974_1.RIGHT_MLO.LJPEG.1_highpass.jpg
1029	3	MLOD/A_1975_1.RIGHT_MLO.LJPEG.1_highpass.jpg
1030	3	MLOD/A_1976_1.RIGHT_MLO.LJPEG.1_highpass.jpg
1031	3	MLOD/A_1978_1.RIGHT_MLO.LJPEG.1_highpass.jpg
1032	3	MLOD/A_1980_1.RIGHT_MLO.LJPEG.1_highpass.jpg
1033	3	MLOD/A_1988_1.RIGHT_MLO.LJPEG.1_highpass.jpg
1034	3	MLOD/A_1991_1.RIGHT_MLO.LJPEG.1_highpass.jpg
1035	3	MLOD/A_1992_1.RIGHT_MLO.LJPEG.1_highpass.jpg
1036	3	MLOD/A_1993_1.RIGHT_MLO.LJPEG.1_highpass.jpg
1037	3	MLOD/A_1995_1.RIGHT_MLO.LJPEG.1_highpass.jpg
1038	3	MLOD/A_1998_1.RIGHT_MLO.LJPEG.1_highpass.jpg
1039	3	MLOD/A_2004_1.RIGHT_MLO.LJPEG.1_highpass.jpg
1040	3	MLOD/A_2005_1.RIGHT_MLO.LJPEG.1_highpass.jpg
1041	3	MLOD/A_2007_1.RIGHT_MLO.LJPEG.1_highpass.jpg
1042	3	MLOD/A_2008_1.RIGHT_MLO.LJPEG.1_highpass.jpg
1043	3	MLOD/A_2011_1.RIGHT_MLO.LJPEG.1_highpass.jpg
1044	3	MLOD/A_2013_1.RIGHT_MLO.LJPEG.1_highpass.jpg
1045	3	MLOD/A_2014_1.RIGHT_MLO.LJPEG.1_highpass.jpg
1046	3	MLOD/A_2015_1.RIGHT_MLO.LJPEG.1_highpass.jpg
1047	3	MLOD/A_2016_1.RIGHT_MLO.LJPEG.1_highpass.jpg
1048	3	MLOD/A_2018_1.RIGHT_MLO.LJPEG.1_highpass.jpg
1049	3	MLOD/A_2019_1.RIGHT_MLO.LJPEG.1_highpass.jpg
1050	3	MLOD/A_2021_1.RIGHT_MLO.LJPEG.1_highpass.jpg
1051	3	MLOD/A_2023_1.RIGHT_MLO.LJPEG.1_highpass.jpg
1052	3	MLOD/A_2024_1.RIGHT_MLO.LJPEG.1_highpass.jpg
1053	3	MLOD/A_2027_1.RIGHT_MLO.LJPEG.1_highpass.jpg
1054	3	MLOD/A_2028_1.RIGHT_MLO.LJPEG.1_highpass.jpg
1055	3	MLOD/A_2031_1.RIGHT_MLO.LJPEG.1_highpass.jpg
1056	3	MLOD/A_2032_1.RIGHT_MLO.LJPEG.1_highpass.jpg
1057	3	MLOD/A_2034_1.RIGHT_MLO.LJPEG.1_highpass.jpg
1058	3	MLOD/A_2035_1.RIGHT_MLO.LJPEG.1_highpass.jpg
1059	3	MLOD/A_2037_1.RIGHT_MLO.LJPEG.1_highpass.jpg
1060	3	MLOD/A_2039_1.RIGHT_MLO.LJPEG.1_highpass.jpg
1061	3	MLOD/A_2040_1.RIGHT_MLO.LJPEG.1_highpass.jpg
1062	3	MLOD/A_2041_1.RIGHT_MLO.LJPEG.1_highpass.jpg
1063	3	MLOD/A_2042_1.RIGHT_MLO.LJPEG.1_highpass.jpg
1064	3	MLOD/B_3600_1.RIGHT_MLO.LJPEG.1_highpass.jpg
1065	3	MLOD/B_3601_1.RIGHT_MLO.LJPEG.1_highpass.jpg
1066	3	MLOD/B_3603_1.RIGHT_MLO.LJPEG.1_highpass.jpg
1067	3	MLOD/B_3605_1.RIGHT_MLO.LJPEG.1_highpass.jpg
1068	3	MLOD/B_3607_1.RIGHT_MLO.LJPEG.1_highpass.jpg
1069	3	MLOD/B_3609_1.RIGHT_MLO.LJPEG.1_highpass.jpg
1070	3	MLOD/B_3610_1.RIGHT_MLO.LJPEG.1_highpass.jpg
1071	3	MLOD/B_3611_1.RIGHT_MLO.LJPEG.1_highpass.jpg
1072	3	MLOD/B_3615_1.RIGHT_MLO.LJPEG.1_highpass.jpg
1073	3	MLOD/B_3616_1.RIGHT_MLO.LJPEG.1_highpass.jpg
1074	3	MLOD/B_3621_1.RIGHT_MLO.LJPEG.1_highpass.jpg
1075	3	MLOD/B_3622_1.RIGHT_MLO.LJPEG.1_highpass.jpg
1076	3	MLOD/B_3623_1.RIGHT_MLO.LJPEG.1_highpass.jpg
1077	3	MLOD/B_3624_1.RIGHT_MLO.LJPEG.1_highpass.jpg
1078	3	MLOD/B_3625_1.RIGHT_MLO.LJPEG.1_highpass.jpg
1079	3	MLOD/B_3628_1.RIGHT_MLO.LJPEG.1_highpass.jpg
1080	3	MLOD/B_3629_1.RIGHT_MLO.LJPEG.1_highpass.jpg
1081	3	MLOD/B_3631_1.RIGHT_MLO.LJPEG.1_highpass.jpg
1082	3	MLOD/B_3632_1.RIGHT_MLO.LJPEG.1_highpass.jpg
1083	3	MLOD/B_3633_1.RIGHT_MLO.LJPEG.1_highpass.jpg
1084	3	MLOD/B_3635_1.RIGHT_MLO.LJPEG.1_highpass.jpg
1085	3	MLOD/B_3638_1.RIGHT_MLO.LJPEG.1_highpass.jpg
1086	3	MLOD/B_3639_1.RIGHT_MLO.LJPEG.1_highpass.jpg
1087	3	MLOD/B_3640_1.RIGHT_MLO.LJPEG.1_highpass.jpg
1088	3	MLOD/B_3641_1.RIGHT_MLO.LJPEG.1_highpass.jpg
1089	3	MLOD/B_3642_1.RIGHT_MLO.LJPEG.1_highpass.jpg
1090	3	MLOD/B_3644_1.RIGHT_MLO.LJPEG.1_highpass.jpg
1091	3	MLOD/B_3645_1.RIGHT_MLO.LJPEG.1_highpass.jpg
1092	3	MLOD/B_3646_1.RIGHT_MLO.LJPEG.1_highpass.jpg
1093	3	MLOD/B_3648_1.RIGHT_MLO.LJPEG.1_highpass.jpg
1094	3	MLOD/B_3649_1.RIGHT_MLO.LJPEG.1_highpass.jpg
1095	3	MLOD/B_3650_1.RIGHT_MLO.LJPEG.1_highpass.jpg
1096	3	MLOD/B_3651_1.RIGHT_MLO.LJPEG.1_highpass.jpg
1097	3	MLOD/B_3652_1.RIGHT_MLO.LJPEG.1_highpass.jpg
1098	3	MLOD/B_3654_1.RIGHT_MLO.LJPEG.1_highpass.jpg
1099	3	MLOD/B_3655_1.RIGHT_MLO.LJPEG.1_highpass.jpg
1100	3	MLOD/B_3659_1.RIGHT_MLO.LJPEG.1_highpass.jpg
1101	3	MLOD/B_3661_1.RIGHT_MLO.LJPEG.1_highpass.jpg
1102	3	MLOD/B_3662_1.RIGHT_MLO.LJPEG.1_highpass.jpg
1103	3	MLOD/B_3665_1.RIGHT_MLO.LJPEG.1_highpass.jpg
1104	3	MLOD/B_3667_1.RIGHT_MLO.LJPEG.1_highpass.jpg
1105	3	MLOD/B_3668_1.RIGHT_MLO.LJPEG.1_highpass.jpg
1106	3	MLOD/B_3669_1.RIGHT_MLO.LJPEG.1_highpass.jpg
1107	3	MLOD/B_3672_1.RIGHT_MLO.LJPEG.1_highpass.jpg
1108	3	MLOD/B_3673_1.RIGHT_MLO.LJPEG.1_highpass.jpg
1109	3	MLOD/B_3675_1.RIGHT_MLO.LJPEG.1_highpass.jpg
1110	3	MLOD/B_3678_1.RIGHT_MLO.LJPEG.1_highpass.jpg
1111	3	MLOD/B_3679_1.RIGHT_MLO.LJPEG.1_highpass.jpg
1112	3	MLOD/B_3680_1.RIGHT_MLO.LJPEG.1_highpass.jpg
1113	3	MLOD/B_3682_1.RIGHT_MLO.LJPEG.1_highpass.jpg
1114	3	MLOD/D_4548_1.RIGHT_MLO.LJPEG.1_highpass.jpg
1115	3	MLOD/D_4550_1.RIGHT_MLO.LJPEG.1_highpass.jpg
1116	3	MLOD/D_4554_1.RIGHT_MLO.LJPEG.1_highpass.jpg
1117	3	MLOD/D_4573_1.RIGHT_MLO.LJPEG.1_highpass.jpg
1118	3	MLOD/D_4581_1.RIGHT_MLO.LJPEG.1_highpass.jpg
1119	3	MLOD/D_4586_1.RIGHT_MLO.LJPEG.1_highpass.jpg
1120	3	MLOD/D_4596_1.RIGHT_MLO.LJPEG.1_highpass.jpg
1121	3	MLOD/D_4597_1.RIGHT_MLO.LJPEG.1_highpass.jpg
1122	3	MLOD/D_4599_1.RIGHT_MLO.LJPEG.1_highpass.jpg
1123	3	MLOD/D_4600_1.RIGHT_MLO.LJPEG.1_highpass.jpg
1124	3	MLOD/D_4601_1.RIGHT_MLO.LJPEG.1_highpass.jpg
1125	3	MLOD/D_4602_1.RIGHT_MLO.LJPEG.1_highpass.jpg
1126	3	MLOD/D_4604_1.RIGHT_MLO.LJPEG.1_highpass.jpg
1127	3	MLOD/D_4607_1.RIGHT_MLO.LJPEG.1_highpass.jpg
1128	3	MLOD/D_4609_1.RIGHT_MLO.LJPEG.1_highpass.jpg
1129	4	MLOE/A_0006_1.LEFT_MLO.LJPEG.1_highpass.jpg
1130	4	MLOE/A_0009_1.LEFT_MLO.LJPEG.1_highpass.jpg
1131	4	MLOE/A_0011_1.LEFT_MLO.LJPEG.1_highpass.jpg
1132	4	MLOE/A_0012_1.LEFT_MLO.LJPEG.1_highpass.jpg
1133	4	MLOE/A_0013_1.LEFT_MLO.LJPEG.1_highpass.jpg
1134	4	MLOE/A_0014_1.LEFT_MLO.LJPEG.1_highpass.jpg
1135	4	MLOE/A_0015_1.LEFT_MLO.LJPEG.1_highpass.jpg
1136	4	MLOE/A_0018_1.LEFT_MLO.LJPEG.1_highpass.jpg
1137	4	MLOE/A_0020_1.LEFT_MLO.LJPEG.1_highpass.jpg
1138	4	MLOE/A_0022_1.LEFT_MLO.LJPEG.1_highpass.jpg
1139	4	MLOE/A_0024_1.LEFT_MLO.LJPEG.1_highpass.jpg
1140	4	MLOE/A_0030_1.LEFT_MLO.LJPEG.1_highpass.jpg
1141	4	MLOE/A_0031_1.LEFT_MLO.LJPEG.1_highpass.jpg
1142	4	MLOE/A_0034_1.LEFT_MLO.LJPEG.1_highpass.jpg
1143	4	MLOE/A_0035_1.LEFT_MLO.LJPEG.1_highpass.jpg
1144	4	MLOE/A_0037_1.LEFT_MLO.LJPEG.1_highpass.jpg
1145	4	MLOE/A_0041_1.LEFT_MLO.LJPEG.1_highpass.jpg
1146	4	MLOE/A_0042_1.LEFT_MLO.LJPEG.1_highpass.jpg
1147	4	MLOE/A_0044_1.LEFT_MLO.LJPEG.1_highpass.jpg
1148	4	MLOE/A_0045_1.LEFT_MLO.LJPEG.1_highpass.jpg
1149	4	MLOE/A_0048_1.LEFT_MLO.LJPEG.1_highpass.jpg
1150	4	MLOE/A_0049_1.LEFT_MLO.LJPEG.1_highpass.jpg
1151	4	MLOE/A_0050_1.LEFT_MLO.LJPEG.1_highpass.jpg
1152	4	MLOE/A_0051_1.LEFT_MLO.LJPEG.1_highpass.jpg
1153	4	MLOE/A_0053_1.LEFT_MLO.LJPEG.1_highpass.jpg
1154	4	MLOE/A_0055_1.LEFT_MLO.LJPEG.1_highpass.jpg
1155	4	MLOE/A_0056_1.LEFT_MLO.LJPEG.1_highpass.jpg
1156	4	MLOE/A_0058_1.LEFT_MLO.LJPEG.1_highpass.jpg
1157	4	MLOE/A_0059_1.LEFT_MLO.LJPEG.1_highpass.jpg
1158	4	MLOE/A_0061_1.LEFT_MLO.LJPEG.1_highpass.jpg
1159	4	MLOE/A_0062_1.LEFT_MLO.LJPEG.1_highpass.jpg
1160	4	MLOE/A_0063_1.LEFT_MLO.LJPEG.1_highpass.jpg
1161	4	MLOE/A_0064_1.LEFT_MLO.LJPEG.1_highpass.jpg
1162	4	MLOE/A_0068_1.LEFT_MLO.LJPEG.1_highpass.jpg
1163	4	MLOE/A_0070_1.LEFT_MLO.LJPEG.1_highpass.jpg
1164	4	MLOE/A_0071_1.LEFT_MLO.LJPEG.1_highpass.jpg
1165	4	MLOE/A_0072_1.LEFT_MLO.LJPEG.1_highpass.jpg
1166	4	MLOE/A_0073_1.LEFT_MLO.LJPEG.1_highpass.jpg
1167	4	MLOE/A_0074_1.LEFT_MLO.LJPEG.1_highpass.jpg
1168	4	MLOE/A_0076_1.LEFT_MLO.LJPEG.1_highpass.jpg
1169	4	MLOE/A_0080_1.LEFT_MLO.LJPEG.1_highpass.jpg
1170	4	MLOE/A_0090_1.LEFT_MLO.LJPEG.1_highpass.jpg
1171	4	MLOE/A_0092_1.LEFT_MLO.LJPEG.1_highpass.jpg
1172	4	MLOE/A_0093_1.LEFT_MLO.LJPEG.1_highpass.jpg
1173	4	MLOE/A_0095_1.LEFT_MLO.LJPEG.1_highpass.jpg
1174	4	MLOE/A_0096_1.LEFT_MLO.LJPEG.1_highpass.jpg
1175	4	MLOE/A_0097_1.LEFT_MLO.LJPEG.1_highpass.jpg
1176	4	MLOE/A_0099_1.LEFT_MLO.LJPEG.1_highpass.jpg
1177	4	MLOE/A_0108_1.LEFT_MLO.LJPEG.1_highpass.jpg
1178	4	MLOE/A_0109_1.LEFT_MLO.LJPEG.1_highpass.jpg
1179	4	MLOE/A_0110_1.LEFT_MLO.LJPEG.1_highpass.jpg
1180	4	MLOE/A_0112_1.LEFT_MLO.LJPEG.1_highpass.jpg
1181	4	MLOE/A_0114_1.LEFT_MLO.LJPEG.1_highpass.jpg
1182	4	MLOE/A_0115_1.LEFT_MLO.LJPEG.1_highpass.jpg
1183	4	MLOE/A_0116_1.LEFT_MLO.LJPEG.1_highpass.jpg
1184	4	MLOE/A_0119_1.LEFT_MLO.LJPEG.1_highpass.jpg
1185	4	MLOE/A_0121_1.LEFT_MLO.LJPEG.1_highpass.jpg
1186	4	MLOE/A_0124_1.LEFT_MLO.LJPEG.1_highpass.jpg
1187	4	MLOE/A_0126_1.LEFT_MLO.LJPEG.1_highpass.jpg
1188	4	MLOE/A_0127_1.LEFT_MLO.LJPEG.1_highpass.jpg
1189	4	MLOE/A_0128_1.LEFT_MLO.LJPEG.1_highpass.jpg
1190	4	MLOE/A_0131_1.LEFT_MLO.LJPEG.1_highpass.jpg
1191	4	MLOE/A_0133_1.LEFT_MLO.LJPEG.1_highpass.jpg
1192	4	MLOE/A_0135_1.LEFT_MLO.LJPEG.1_highpass.jpg
1193	4	MLOE/A_0136_1.LEFT_MLO.LJPEG.1_highpass.jpg
1194	4	MLOE/A_0137_1.LEFT_MLO.LJPEG.1_highpass.jpg
1195	4	MLOE/A_0139_1.LEFT_MLO.LJPEG.1_highpass.jpg
1196	4	MLOE/A_0142_1.LEFT_MLO.LJPEG.1_highpass.jpg
1197	4	MLOE/A_0143_1.LEFT_MLO.LJPEG.1_highpass.jpg
1198	4	MLOE/A_0145_1.LEFT_MLO.LJPEG.1_highpass.jpg
1199	4	MLOE/A_0146_1.LEFT_MLO.LJPEG.1_highpass.jpg
1200	4	MLOE/A_0147_1.LEFT_MLO.LJPEG.1_highpass.jpg
1201	4	MLOE/A_0149_1.LEFT_MLO.LJPEG.1_highpass.jpg
1202	4	MLOE/A_0150_1.LEFT_MLO.LJPEG.1_highpass.jpg
1203	4	MLOE/A_0151_1.LEFT_MLO.LJPEG.1_highpass.jpg
1204	4	MLOE/A_0155_1.LEFT_MLO.LJPEG.1_highpass.jpg
1205	4	MLOE/A_0159_1.LEFT_MLO.LJPEG.1_highpass.jpg
1206	4	MLOE/A_0160_1.LEFT_MLO.LJPEG.1_highpass.jpg
1207	4	MLOE/A_0202_1.LEFT_MLO.LJPEG.1_highpass.jpg
1208	4	MLOE/A_0203_1.LEFT_MLO.LJPEG.1_highpass.jpg
1209	4	MLOE/A_0204_1.LEFT_MLO.LJPEG.1_highpass.jpg
1210	4	MLOE/A_0205_1.LEFT_MLO.LJPEG.1_highpass.jpg
1211	4	MLOE/A_0206_1.LEFT_MLO.LJPEG.1_highpass.jpg
1212	4	MLOE/A_0208_1.LEFT_MLO.LJPEG.1_highpass.jpg
1213	4	MLOE/A_0210_1.LEFT_MLO.LJPEG.1_highpass.jpg
1214	4	MLOE/A_0212_1.LEFT_MLO.LJPEG.1_highpass.jpg
1215	4	MLOE/A_0215_1.LEFT_MLO.LJPEG.1_highpass.jpg
1216	4	MLOE/A_0216_1.LEFT_MLO.LJPEG.1_highpass.jpg
1217	4	MLOE/A_0217_1.LEFT_MLO.LJPEG.1_highpass.jpg
1218	4	MLOE/A_0218_1.LEFT_MLO.LJPEG.1_highpass.jpg
1219	4	MLOE/A_0219_1.LEFT_MLO.LJPEG.1_highpass.jpg
1220	4	MLOE/A_0220_1.LEFT_MLO.LJPEG.1_highpass.jpg
1221	4	MLOE/A_0221_1.LEFT_MLO.LJPEG.1_highpass.jpg
1222	4	MLOE/A_0222_1.LEFT_MLO.LJPEG.1_highpass.jpg
1223	4	MLOE/A_0223_1.LEFT_MLO.LJPEG.1_highpass.jpg
1224	4	MLOE/A_0224_1.LEFT_MLO.LJPEG.1_highpass.jpg
1225	4	MLOE/A_0227_1.LEFT_MLO.LJPEG.1_highpass.jpg
1226	4	MLOE/A_0229_1.LEFT_MLO.LJPEG.1_highpass.jpg
1227	4	MLOE/A_0230_1.LEFT_MLO.LJPEG.1_highpass.jpg
1228	4	MLOE/A_0232_1.LEFT_MLO.LJPEG.1_highpass.jpg
1229	4	MLOE/A_0234_1.LEFT_MLO.LJPEG.1_highpass.jpg
1230	4	MLOE/A_0235_1.LEFT_MLO.LJPEG.1_highpass.jpg
1231	4	MLOE/A_0236_1.LEFT_MLO.LJPEG.1_highpass.jpg
1232	4	MLOE/A_0237_1.LEFT_MLO.LJPEG.1_highpass.jpg
1233	4	MLOE/A_0238_1.LEFT_MLO.LJPEG.1_highpass.jpg
1234	4	MLOE/A_0239_1.LEFT_MLO.LJPEG.1_highpass.jpg
1235	4	MLOE/A_0241_1.LEFT_MLO.LJPEG.1_highpass.jpg
1236	4	MLOE/A_0242_1.LEFT_MLO.LJPEG.1_highpass.jpg
1237	4	MLOE/A_0243_1.LEFT_MLO.LJPEG.1_highpass.jpg
1238	4	MLOE/A_0245_1.LEFT_MLO.LJPEG.1_highpass.jpg
1239	4	MLOE/A_0246_1.LEFT_MLO.LJPEG.1_highpass.jpg
1240	4	MLOE/A_0249_1.LEFT_MLO.LJPEG.1_highpass.jpg
1241	4	MLOE/A_0252_1.LEFT_MLO.LJPEG.1_highpass.jpg
1242	4	MLOE/A_0255_1.LEFT_MLO.LJPEG.1_highpass.jpg
1243	4	MLOE/A_0258_1.LEFT_MLO.LJPEG.1_highpass.jpg
1244	4	MLOE/A_0261_1.LEFT_MLO.LJPEG.1_highpass.jpg
1245	4	MLOE/A_0263_1.LEFT_MLO.LJPEG.1_highpass.jpg
1246	4	MLOE/A_0264_1.LEFT_MLO.LJPEG.1_highpass.jpg
1247	4	MLOE/A_0267_1.LEFT_MLO.LJPEG.1_highpass.jpg
1248	4	MLOE/A_0268_1.LEFT_MLO.LJPEG.1_highpass.jpg
1249	4	MLOE/A_0270_1.LEFT_MLO.LJPEG.1_highpass.jpg
1250	4	MLOE/A_0271_1.LEFT_MLO.LJPEG.1_highpass.jpg
1251	4	MLOE/A_0272_1.LEFT_MLO.LJPEG.1_highpass.jpg
1252	4	MLOE/A_0274_1.LEFT_MLO.LJPEG.1_highpass.jpg
1253	4	MLOE/A_0276_1.LEFT_MLO.LJPEG.1_highpass.jpg
1254	4	MLOE/A_0277_1.LEFT_MLO.LJPEG.1_highpass.jpg
1255	4	MLOE/A_0279_1.LEFT_MLO.LJPEG.1_highpass.jpg
1256	4	MLOE/A_0280_1.LEFT_MLO.LJPEG.1_highpass.jpg
1257	4	MLOE/A_0283_1.LEFT_MLO.LJPEG.1_highpass.jpg
1258	4	MLOE/A_0284_1.LEFT_MLO.LJPEG.1_highpass.jpg
1259	4	MLOE/A_0286_1.LEFT_MLO.LJPEG.1_highpass.jpg
1260	4	MLOE/A_0287_1.LEFT_MLO.LJPEG.1_highpass.jpg
1261	4	MLOE/A_0293_1.LEFT_MLO.LJPEG.1_highpass.jpg
1262	4	MLOE/A_0294_1.LEFT_MLO.LJPEG.1_highpass.jpg
1263	4	MLOE/A_0295_1.LEFT_MLO.LJPEG.1_highpass.jpg
1264	4	MLOE/A_0296_1.LEFT_MLO.LJPEG.1_highpass.jpg
1265	4	MLOE/A_0298_1.LEFT_MLO.LJPEG.1_highpass.jpg
1266	4	MLOE/A_0302_1.LEFT_MLO.LJPEG.1_highpass.jpg
1267	4	MLOE/A_0303_1.LEFT_MLO.LJPEG.1_highpass.jpg
1268	4	MLOE/A_0306_1.LEFT_MLO.LJPEG.1_highpass.jpg
1269	4	MLOE/A_0309_1.LEFT_MLO.LJPEG.1_highpass.jpg
1270	4	MLOE/A_0310_1.LEFT_MLO.LJPEG.1_highpass.jpg
1271	4	MLOE/A_0312_1.LEFT_MLO.LJPEG.1_highpass.jpg
1272	4	MLOE/A_0313_1.LEFT_MLO.LJPEG.1_highpass.jpg
1273	4	MLOE/A_0314_1.LEFT_MLO.LJPEG.1_highpass.jpg
1274	4	MLOE/A_0318_1.LEFT_MLO.LJPEG.1_highpass.jpg
1275	4	MLOE/A_0320_1.LEFT_MLO.LJPEG.1_highpass.jpg
1276	4	MLOE/A_0321_1.LEFT_MLO.LJPEG.1_highpass.jpg
1277	4	MLOE/A_0322_1.LEFT_MLO.LJPEG.1_highpass.jpg
1278	4	MLOE/A_0327_1.LEFT_MLO.LJPEG.1_highpass.jpg
1279	4	MLOE/A_0328_1.LEFT_MLO.LJPEG.1_highpass.jpg
1280	4	MLOE/A_0329_1.LEFT_MLO.LJPEG.1_highpass.jpg
1281	4	MLOE/A_0333_1.LEFT_MLO.LJPEG.1_highpass.jpg
1282	4	MLOE/A_0334_1.LEFT_MLO.LJPEG.1_highpass.jpg
1283	4	MLOE/A_0335_1.LEFT_MLO.LJPEG.1_highpass.jpg
1284	4	MLOE/A_0336_1.LEFT_MLO.LJPEG.1_highpass.jpg
1285	4	MLOE/A_0338_1.LEFT_MLO.LJPEG.1_highpass.jpg
1286	4	MLOE/A_0339_1.LEFT_MLO.LJPEG.1_highpass.jpg
1287	4	MLOE/A_0342_1.LEFT_MLO.LJPEG.1_highpass.jpg
1288	4	MLOE/A_0343_1.LEFT_MLO.LJPEG.1_highpass.jpg
1289	4	MLOE/A_0344_1.LEFT_MLO.LJPEG.1_highpass.jpg
1290	4	MLOE/A_0347_1.LEFT_MLO.LJPEG.1_highpass.jpg
1291	4	MLOE/A_0348_1.LEFT_MLO.LJPEG.1_highpass.jpg
1292	4	MLOE/A_0349_1.LEFT_MLO.LJPEG.1_highpass.jpg
1293	4	MLOE/A_0351_1.LEFT_MLO.LJPEG.1_highpass.jpg
1294	4	MLOE/A_0352_1.LEFT_MLO.LJPEG.1_highpass.jpg
1295	4	MLOE/A_0355_1.LEFT_MLO.LJPEG.1_highpass.jpg
1296	4	MLOE/A_0356_1.LEFT_MLO.LJPEG.1_highpass.jpg
1297	4	MLOE/A_0357_1.LEFT_MLO.LJPEG.1_highpass.jpg
1298	4	MLOE/A_0358_1.LEFT_MLO.LJPEG.1_highpass.jpg
1299	4	MLOE/A_0359_1.LEFT_MLO.LJPEG.1_highpass.jpg
1300	4	MLOE/A_0360_1.LEFT_MLO.LJPEG.1_highpass.jpg
1301	4	MLOE/A_0361_1.LEFT_MLO.LJPEG.1_highpass.jpg
1302	4	MLOE/A_0362_1.LEFT_MLO.LJPEG.1_highpass.jpg
1303	4	MLOE/A_0364_1.LEFT_MLO.LJPEG.1_highpass.jpg
1304	4	MLOE/A_0366_1.LEFT_MLO.LJPEG.1_highpass.jpg
1305	4	MLOE/A_0367_1.LEFT_MLO.LJPEG.1_highpass.jpg
1306	4	MLOE/A_0387_1.LEFT_MLO.LJPEG.1_highpass.jpg
1307	4	MLOE/A_0389_1.LEFT_MLO.LJPEG.1_highpass.jpg
1308	4	MLOE/A_0391_1.LEFT_MLO.LJPEG.1_highpass.jpg
1309	4	MLOE/A_0392_1.LEFT_MLO.LJPEG.1_highpass.jpg
1310	4	MLOE/A_0412_1.LEFT_MLO.LJPEG.1_highpass.jpg
1311	4	MLOE/A_0415_1.LEFT_MLO.LJPEG.1_highpass.jpg
1312	4	MLOE/A_0416_1.LEFT_MLO.LJPEG.1_highpass.jpg
1313	4	MLOE/A_0418_1.LEFT_MLO.LJPEG.1_highpass.jpg
1314	4	MLOE/A_0419_1.LEFT_MLO.LJPEG.1_highpass.jpg
1315	4	MLOE/A_0420_1.LEFT_MLO.LJPEG.1_highpass.jpg
1316	4	MLOE/A_0422_1.LEFT_MLO.LJPEG.1_highpass.jpg
1317	4	MLOE/A_0423_1.LEFT_MLO.LJPEG.1_highpass.jpg
1318	4	MLOE/A_0424_1.LEFT_MLO.LJPEG.1_highpass.jpg
1319	4	MLOE/A_0425_1.LEFT_MLO.LJPEG.1_highpass.jpg
1320	4	MLOE/A_0426_1.LEFT_MLO.LJPEG.1_highpass.jpg
1321	4	MLOE/A_0427_1.LEFT_MLO.LJPEG.1_highpass.jpg
1322	4	MLOE/A_0431_1.LEFT_MLO.LJPEG.1_highpass.jpg
1323	4	MLOE/A_0433_1.LEFT_MLO.LJPEG.1_highpass.jpg
1324	4	MLOE/A_0434_1.LEFT_MLO.LJPEG.1_highpass.jpg
1325	4	MLOE/A_0436_1.LEFT_MLO.LJPEG.1_highpass.jpg
1326	4	MLOE/A_0437_1.LEFT_MLO.LJPEG.1_highpass.jpg
1327	4	MLOE/A_0438_1.LEFT_MLO.LJPEG.1_highpass.jpg
1328	4	MLOE/A_0439_1.LEFT_MLO.LJPEG.1_highpass.jpg
1329	4	MLOE/A_0440_1.LEFT_MLO.LJPEG.1_highpass.jpg
1330	4	MLOE/A_0441_1.LEFT_MLO.LJPEG.1_highpass.jpg
1331	4	MLOE/A_0442_1.LEFT_MLO.LJPEG.1_highpass.jpg
1332	4	MLOE/A_0444_1.LEFT_MLO.LJPEG.1_highpass.jpg
1333	4	MLOE/A_0445_1.LEFT_MLO.LJPEG.1_highpass.jpg
1334	4	MLOE/A_0447_1.LEFT_MLO.LJPEG.1_highpass.jpg
1335	4	MLOE/A_0448_1.LEFT_MLO.LJPEG.1_highpass.jpg
1336	4	MLOE/A_0449_1.LEFT_MLO.LJPEG.1_highpass.jpg
1337	4	MLOE/A_0450_1.LEFT_MLO.LJPEG.1_highpass.jpg
1338	4	MLOE/A_0451_1.LEFT_MLO.LJPEG.1_highpass.jpg
1339	4	MLOE/A_0452_1.LEFT_MLO.LJPEG.1_highpass.jpg
1340	4	MLOE/A_0453_1.LEFT_MLO.LJPEG.1_highpass.jpg
1341	4	MLOE/A_0456_1.LEFT_MLO.LJPEG.1_highpass.jpg
1342	4	MLOE/A_0457_1.LEFT_MLO.LJPEG.1_highpass.jpg
1343	4	MLOE/A_0462_1.LEFT_MLO.LJPEG.1_highpass.jpg
1344	4	MLOE/A_0463_1.LEFT_MLO.LJPEG.1_highpass.jpg
1345	4	MLOE/A_0464_1.LEFT_MLO.LJPEG.1_highpass.jpg
1346	4	MLOE/A_0465_1.LEFT_MLO.LJPEG.1_highpass.jpg
1347	4	MLOE/A_0466_1.LEFT_MLO.LJPEG.1_highpass.jpg
1348	4	MLOE/A_0467_1.LEFT_MLO.LJPEG.1_highpass.jpg
1349	4	MLOE/A_0468_1.LEFT_MLO.LJPEG.1_highpass.jpg
1350	4	MLOE/A_0469_1.LEFT_MLO.LJPEG.1_highpass.jpg
1351	4	MLOE/A_0470_1.LEFT_MLO.LJPEG.1_highpass.jpg
1352	4	MLOE/A_0471_1.LEFT_MLO.LJPEG.1_highpass.jpg
1353	4	MLOE/A_0472_1.LEFT_MLO.LJPEG.1_highpass.jpg
1354	4	MLOE/A_0473_1.LEFT_MLO.LJPEG.1_highpass.jpg
1355	4	MLOE/A_0474_1.LEFT_MLO.LJPEG.1_highpass.jpg
1356	4	MLOE/A_0475_1.LEFT_MLO.LJPEG.1_highpass.jpg
1357	4	MLOE/A_0478_1.LEFT_MLO.LJPEG.1_highpass.jpg
1358	4	MLOE/A_0483_1.LEFT_MLO.LJPEG.1_highpass.jpg
1359	4	MLOE/A_0484_1.LEFT_MLO.LJPEG.1_highpass.jpg
1360	4	MLOE/A_0490_1.LEFT_MLO.LJPEG.1_highpass.jpg
1361	4	MLOE/A_0492_1.LEFT_MLO.LJPEG.1_highpass.jpg
1362	4	MLOE/A_0493_1.LEFT_MLO.LJPEG.1_highpass.jpg
1363	4	MLOE/A_0494_1.LEFT_MLO.LJPEG.1_highpass.jpg
1364	4	MLOE/A_0495_1.LEFT_MLO.LJPEG.1_highpass.jpg
1365	4	MLOE/A_0496_1.LEFT_MLO.LJPEG.1_highpass.jpg
1366	4	MLOE/A_0497_1.LEFT_MLO.LJPEG.1_highpass.jpg
1367	4	MLOE/A_0498_1.LEFT_MLO.LJPEG.1_highpass.jpg
1368	4	MLOE/A_0500_1.LEFT_MLO.LJPEG.1_highpass.jpg
1369	4	MLOE/A_0501_1.LEFT_MLO.LJPEG.1_highpass.jpg
1370	4	MLOE/A_0503_1.LEFT_MLO.LJPEG.1_highpass.jpg
1371	4	MLOE/A_0505_1.LEFT_MLO.LJPEG.1_highpass.jpg
1372	4	MLOE/A_0508_1.LEFT_MLO.LJPEG.1_highpass.jpg
1373	4	MLOE/A_0509_1.LEFT_MLO.LJPEG.1_highpass.jpg
1374	4	MLOE/A_0510_1.LEFT_MLO.LJPEG.1_highpass.jpg
1375	4	MLOE/A_0512_1.LEFT_MLO.LJPEG.1_highpass.jpg
1376	4	MLOE/A_0513_1.LEFT_MLO.LJPEG.1_highpass.jpg
1377	4	MLOE/A_0514_1.LEFT_MLO.LJPEG.1_highpass.jpg
1378	4	MLOE/A_0515_1.LEFT_MLO.LJPEG.1_highpass.jpg
1379	4	MLOE/A_0516_1.LEFT_MLO.LJPEG.1_highpass.jpg
1380	4	MLOE/A_0517_1.LEFT_MLO.LJPEG.1_highpass.jpg
1381	4	MLOE/A_0518_1.LEFT_MLO.LJPEG.1_highpass.jpg
1382	4	MLOE/A_0519_1.LEFT_MLO.LJPEG.1_highpass.jpg
1383	4	MLOE/A_0521_1.LEFT_MLO.LJPEG.1_highpass.jpg
1384	4	MLOE/A_0522_1.LEFT_MLO.LJPEG.1_highpass.jpg
1385	4	MLOE/A_0523_1.LEFT_MLO.LJPEG.1_highpass.jpg
1386	4	MLOE/A_0525_1.LEFT_MLO.LJPEG.1_highpass.jpg
1387	4	MLOE/A_0526_1.LEFT_MLO.LJPEG.1_highpass.jpg
1388	4	MLOE/A_0527_1.LEFT_MLO.LJPEG.1_highpass.jpg
1389	4	MLOE/A_0528_1.LEFT_MLO.LJPEG.1_highpass.jpg
1390	4	MLOE/A_0529_1.LEFT_MLO.LJPEG.1_highpass.jpg
1391	4	MLOE/A_0534_1.LEFT_MLO.LJPEG.1_highpass.jpg
1392	4	MLOE/A_0539_1.LEFT_MLO.LJPEG.1_highpass.jpg
1393	4	MLOE/A_0541_1.LEFT_MLO.LJPEG.1_highpass.jpg
1394	4	MLOE/A_0542_1.LEFT_MLO.LJPEG.1_highpass.jpg
1395	4	MLOE/A_0543_1.LEFT_MLO.LJPEG.1_highpass.jpg
1396	4	MLOE/A_0565_1.LEFT_MLO.LJPEG.1_highpass.jpg
1397	4	MLOE/A_0567_1.LEFT_MLO.LJPEG.1_highpass.jpg
1398	4	MLOE/A_0568_1.LEFT_MLO.LJPEG.1_highpass.jpg
1399	4	MLOE/A_0569_1.LEFT_MLO.LJPEG.1_highpass.jpg
1400	4	MLOE/A_0570_1.LEFT_MLO.LJPEG.1_highpass.jpg
1401	4	MLOE/A_0571_1.LEFT_MLO.LJPEG.1_highpass.jpg
1402	4	MLOE/A_0573_1.LEFT_MLO.LJPEG.1_highpass.jpg
1403	4	MLOE/A_0574_1.LEFT_MLO.LJPEG.1_highpass.jpg
1404	4	MLOE/A_0578_1.LEFT_MLO.LJPEG.1_highpass.jpg
1405	4	MLOE/A_0580_1.LEFT_MLO.LJPEG.1_highpass.jpg
1406	4	MLOE/A_0581_1.LEFT_MLO.LJPEG.1_highpass.jpg
1407	4	MLOE/A_0583_1.LEFT_MLO.LJPEG.1_highpass.jpg
1408	4	MLOE/A_0584_1.LEFT_MLO.LJPEG.1_highpass.jpg
1409	4	MLOE/A_0585_1.LEFT_MLO.LJPEG.1_highpass.jpg
1410	4	MLOE/A_0586_1.LEFT_MLO.LJPEG.1_highpass.jpg
1411	4	MLOE/A_0587_1.LEFT_MLO.LJPEG.1_highpass.jpg
1412	4	MLOE/A_0588_1.LEFT_MLO.LJPEG.1_highpass.jpg
1413	4	MLOE/A_0589_1.LEFT_MLO.LJPEG.1_highpass.jpg
1414	4	MLOE/A_0591_1.LEFT_MLO.LJPEG.1_highpass.jpg
1415	4	MLOE/A_0594_1.LEFT_MLO.LJPEG.1_highpass.jpg
1416	4	MLOE/A_0595_1.LEFT_MLO.LJPEG.1_highpass.jpg
1417	4	MLOE/A_0596_1.LEFT_MLO.LJPEG.1_highpass.jpg
1418	4	MLOE/A_0597_1.LEFT_MLO.LJPEG.1_highpass.jpg
1419	4	MLOE/A_0598_1.LEFT_MLO.LJPEG.1_highpass.jpg
1420	4	MLOE/A_0600_1.LEFT_MLO.LJPEG.1_highpass.jpg
1421	4	MLOE/A_0602_1.LEFT_MLO.LJPEG.1_highpass.jpg
1422	4	MLOE/A_0603_1.LEFT_MLO.LJPEG.1_highpass.jpg
1423	4	MLOE/A_0604_1.LEFT_MLO.LJPEG.1_highpass.jpg
1424	4	MLOE/A_0605_1.LEFT_MLO.LJPEG.1_highpass.jpg
1425	4	MLOE/A_0606_1.LEFT_MLO.LJPEG.1_highpass.jpg
1426	4	MLOE/A_0607_1.LEFT_MLO.LJPEG.1_highpass.jpg
1427	4	MLOE/A_0608_1.LEFT_MLO.LJPEG.1_highpass.jpg
1428	4	MLOE/A_0611_1.LEFT_MLO.LJPEG.1_highpass.jpg
1429	4	MLOE/A_0613_1.LEFT_MLO.LJPEG.1_highpass.jpg
1430	4	MLOE/A_0614_1.LEFT_MLO.LJPEG.1_highpass.jpg
1431	4	MLOE/A_0615_1.LEFT_MLO.LJPEG.1_highpass.jpg
1432	4	MLOE/A_0617_1.LEFT_MLO.LJPEG.1_highpass.jpg
1433	4	MLOE/A_0618_1.LEFT_MLO.LJPEG.1_highpass.jpg
1434	4	MLOE/A_0619_1.LEFT_MLO.LJPEG.1_highpass.jpg
1435	4	MLOE/A_0620_1.LEFT_MLO.LJPEG.1_highpass.jpg
1436	4	MLOE/A_0621_1.LEFT_MLO.LJPEG.1_highpass.jpg
1437	4	MLOE/A_0623_1.LEFT_MLO.LJPEG.1_highpass.jpg
1438	4	MLOE/A_0702_1.LEFT_MLO.LJPEG.1_highpass.jpg
1439	4	MLOE/A_0703_1.LEFT_MLO.LJPEG.1_highpass.jpg
1440	4	MLOE/A_0704_1.LEFT_MLO.LJPEG.1_highpass.jpg
1441	4	MLOE/A_0706_1.LEFT_MLO.LJPEG.1_highpass.jpg
1442	4	MLOE/A_0708_1.LEFT_MLO.LJPEG.1_highpass.jpg
1443	4	MLOE/A_0710_1.LEFT_MLO.LJPEG.1_highpass.jpg
1444	4	MLOE/A_0711_1.LEFT_MLO.LJPEG.1_highpass.jpg
1445	4	MLOE/A_1955_1.LEFT_MLO.LJPEG.1_highpass.jpg
1446	4	MLOE/A_1956_1.LEFT_MLO.LJPEG.1_highpass.jpg
1447	4	MLOE/A_1957_1.LEFT_MLO.LJPEG.1_highpass.jpg
1448	4	MLOE/A_1960_1.LEFT_MLO.LJPEG.1_highpass.jpg
1449	4	MLOE/A_1961_1.LEFT_MLO.LJPEG.1_highpass.jpg
1450	4	MLOE/A_1962_1.LEFT_MLO.LJPEG.1_highpass.jpg
1451	4	MLOE/A_1963_1.LEFT_MLO.LJPEG.1_highpass.jpg
1452	4	MLOE/A_1964_1.LEFT_MLO.LJPEG.1_highpass.jpg
1453	4	MLOE/A_1965_1.LEFT_MLO.LJPEG.1_highpass.jpg
1454	4	MLOE/A_1966_1.LEFT_MLO.LJPEG.1_highpass.jpg
1455	4	MLOE/A_1967_1.LEFT_MLO.LJPEG.1_highpass.jpg
1456	4	MLOE/A_1968_1.LEFT_MLO.LJPEG.1_highpass.jpg
1457	4	MLOE/A_1969_1.LEFT_MLO.LJPEG.1_highpass.jpg
1458	4	MLOE/A_1970_1.LEFT_MLO.LJPEG.1_highpass.jpg
1459	4	MLOE/A_1972_1.LEFT_MLO.LJPEG.1_highpass.jpg
1460	4	MLOE/A_1973_1.LEFT_MLO.LJPEG.1_highpass.jpg
1461	4	MLOE/A_1975_1.LEFT_MLO.LJPEG.1_highpass.jpg
1462	4	MLOE/A_1976_1.LEFT_MLO.LJPEG.1_highpass.jpg
1463	4	MLOE/A_1977_1.LEFT_MLO.LJPEG.1_highpass.jpg
1464	4	MLOE/A_1978_1.LEFT_MLO.LJPEG.1_highpass.jpg
1465	4	MLOE/A_1979_1.LEFT_MLO.LJPEG.1_highpass.jpg
1466	4	MLOE/A_1980_1.LEFT_MLO.LJPEG.1_highpass.jpg
1467	4	MLOE/A_1990_1.LEFT_MLO.LJPEG.1_highpass.jpg
1468	4	MLOE/A_1992_1.LEFT_MLO.LJPEG.1_highpass.jpg
1469	4	MLOE/A_1994_1.LEFT_MLO.LJPEG.1_highpass.jpg
1470	4	MLOE/A_1995_1.LEFT_MLO.LJPEG.1_highpass.jpg
1471	4	MLOE/A_1997_1.LEFT_MLO.LJPEG.1_highpass.jpg
1472	4	MLOE/A_1998_1.LEFT_MLO.LJPEG.1_highpass.jpg
1473	4	MLOE/A_2003_1.LEFT_MLO.LJPEG.1_highpass.jpg
1474	4	MLOE/A_2004_1.LEFT_MLO.LJPEG.1_highpass.jpg
1475	4	MLOE/A_2006_1.LEFT_MLO.LJPEG.1_highpass.jpg
1476	4	MLOE/A_2008_1.LEFT_MLO.LJPEG.1_highpass.jpg
1477	4	MLOE/A_2009_1.LEFT_MLO.LJPEG.1_highpass.jpg
1478	4	MLOE/A_2010_1.LEFT_MLO.LJPEG.1_highpass.jpg
1479	4	MLOE/A_2011_1.LEFT_MLO.LJPEG.1_highpass.jpg
1480	4	MLOE/A_2013_1.LEFT_MLO.LJPEG.1_highpass.jpg
1481	4	MLOE/A_2015_1.LEFT_MLO.LJPEG.1_highpass.jpg
1482	4	MLOE/A_2017_1.LEFT_MLO.LJPEG.1_highpass.jpg
1483	4	MLOE/A_2018_1.LEFT_MLO.LJPEG.1_highpass.jpg
1484	4	MLOE/A_2020_1.LEFT_MLO.LJPEG.1_highpass.jpg
1485	4	MLOE/A_2021_1.LEFT_MLO.LJPEG.1_highpass.jpg
1486	4	MLOE/A_2024_1.LEFT_MLO.LJPEG.1_highpass.jpg
1487	4	MLOE/A_2026_1.LEFT_MLO.LJPEG.1_highpass.jpg
1488	4	MLOE/A_2027_1.LEFT_MLO.LJPEG.1_highpass.jpg
1489	4	MLOE/A_2028_1.LEFT_MLO.LJPEG.1_highpass.jpg
1490	4	MLOE/A_2029_1.LEFT_MLO.LJPEG.1_highpass.jpg
1491	4	MLOE/A_2030_1.LEFT_MLO.LJPEG.1_highpass.jpg
1492	4	MLOE/A_2032_1.LEFT_MLO.LJPEG.1_highpass.jpg
1493	4	MLOE/A_2034_1.LEFT_MLO.LJPEG.1_highpass.jpg
1494	4	MLOE/A_2035_1.LEFT_MLO.LJPEG.1_highpass.jpg
1495	4	MLOE/A_2036_1.LEFT_MLO.LJPEG.1_highpass.jpg
1496	4	MLOE/A_2037_1.LEFT_MLO.LJPEG.1_highpass.jpg
1497	4	MLOE/A_2039_1.LEFT_MLO.LJPEG.1_highpass.jpg
1498	4	MLOE/A_2040_1.LEFT_MLO.LJPEG.1_highpass.jpg
1499	4	MLOE/A_2041_1.LEFT_MLO.LJPEG.1_highpass.jpg
1500	4	MLOE/A_2042_1.LEFT_MLO.LJPEG.1_highpass.jpg
1501	4	MLOE/B_3601_1.LEFT_MLO.LJPEG.1_highpass.jpg
1502	4	MLOE/B_3602_1.LEFT_MLO.LJPEG.1_highpass.jpg
1503	4	MLOE/B_3603_1.LEFT_MLO.LJPEG.1_highpass.jpg
1504	4	MLOE/B_3604_1.LEFT_MLO.LJPEG.1_highpass.jpg
1505	4	MLOE/B_3605_1.LEFT_MLO.LJPEG.1_highpass.jpg
1506	4	MLOE/B_3607_1.LEFT_MLO.LJPEG.1_highpass.jpg
1507	4	MLOE/B_3608_1.LEFT_MLO.LJPEG.1_highpass.jpg
1508	4	MLOE/B_3609_1.LEFT_MLO.LJPEG.1_highpass.jpg
1509	4	MLOE/B_3610_1.LEFT_MLO.LJPEG.1_highpass.jpg
1510	4	MLOE/B_3611_1.LEFT_MLO.LJPEG.1_highpass.jpg
1511	4	MLOE/B_3612_1.LEFT_MLO.LJPEG.1_highpass.jpg
1512	4	MLOE/B_3613_1.LEFT_MLO.LJPEG.1_highpass.jpg
1513	4	MLOE/B_3615_1.LEFT_MLO.LJPEG.1_highpass.jpg
1514	4	MLOE/B_3616_1.LEFT_MLO.LJPEG.1_highpass.jpg
1515	4	MLOE/B_3617_1.LEFT_MLO.LJPEG.1_highpass.jpg
1516	4	MLOE/B_3619_1.LEFT_MLO.LJPEG.1_highpass.jpg
1517	4	MLOE/B_3620_1.LEFT_MLO.LJPEG.1_highpass.jpg
1518	4	MLOE/B_3621_1.LEFT_MLO.LJPEG.1_highpass.jpg
1519	4	MLOE/B_3624_1.LEFT_MLO.LJPEG.1_highpass.jpg
1520	4	MLOE/B_3625_1.LEFT_MLO.LJPEG.1_highpass.jpg
1521	4	MLOE/B_3626_1.LEFT_MLO.LJPEG.1_highpass.jpg
1522	4	MLOE/B_3627_1.LEFT_MLO.LJPEG.1_highpass.jpg
1523	4	MLOE/B_3628_1.LEFT_MLO.LJPEG.1_highpass.jpg
1524	4	MLOE/B_3629_1.LEFT_MLO.LJPEG.1_highpass.jpg
1525	4	MLOE/B_3630_1.LEFT_MLO.LJPEG.1_highpass.jpg
1526	4	MLOE/B_3631_1.LEFT_MLO.LJPEG.1_highpass.jpg
1527	4	MLOE/B_3632_1.LEFT_MLO.LJPEG.1_highpass.jpg
1528	4	MLOE/B_3633_1.LEFT_MLO.LJPEG.1_highpass.jpg
1529	4	MLOE/B_3634_1.LEFT_MLO.LJPEG.1_highpass.jpg
1530	4	MLOE/B_3635_1.LEFT_MLO.LJPEG.1_highpass.jpg
1531	4	MLOE/B_3637_1.LEFT_MLO.LJPEG.1_highpass.jpg
1532	4	MLOE/B_3639_1.LEFT_MLO.LJPEG.1_highpass.jpg
1533	4	MLOE/B_3641_1.LEFT_MLO.LJPEG.1_highpass.jpg
1534	4	MLOE/B_3643_1.LEFT_MLO.LJPEG.1_highpass.jpg
1535	4	MLOE/B_3644_1.LEFT_MLO.LJPEG.1_highpass.jpg
1536	4	MLOE/B_3646_1.LEFT_MLO.LJPEG.1_highpass.jpg
1537	4	MLOE/B_3647_1.LEFT_MLO.LJPEG.1_highpass.jpg
1538	4	MLOE/B_3648_1.LEFT_MLO.LJPEG.1_highpass.jpg
1539	4	MLOE/B_3650_1.LEFT_MLO.LJPEG.1_highpass.jpg
1540	4	MLOE/B_3651_1.LEFT_MLO.LJPEG.1_highpass.jpg
1541	4	MLOE/B_3653_1.LEFT_MLO.LJPEG.1_highpass.jpg
1542	4	MLOE/B_3654_1.LEFT_MLO.LJPEG.1_highpass.jpg
1543	4	MLOE/B_3656_1.LEFT_MLO.LJPEG.1_highpass.jpg
1544	4	MLOE/B_3657_1.LEFT_MLO.LJPEG.1_highpass.jpg
1545	4	MLOE/B_3660_1.LEFT_MLO.LJPEG.1_highpass.jpg
1546	4	MLOE/B_3661_1.LEFT_MLO.LJPEG.1_highpass.jpg
1547	4	MLOE/B_3662_1.LEFT_MLO.LJPEG.1_highpass.jpg
1548	4	MLOE/B_3663_1.LEFT_MLO.LJPEG.1_highpass.jpg
1549	4	MLOE/B_3664_1.LEFT_MLO.LJPEG.1_highpass.jpg
1550	4	MLOE/B_3665_1.LEFT_MLO.LJPEG.1_highpass.jpg
1551	4	MLOE/B_3666_1.LEFT_MLO.LJPEG.1_highpass.jpg
1552	4	MLOE/B_3668_1.LEFT_MLO.LJPEG.1_highpass.jpg
1553	4	MLOE/B_3669_1.LEFT_MLO.LJPEG.1_highpass.jpg
1554	4	MLOE/B_3670_1.LEFT_MLO.LJPEG.1_highpass.jpg
1555	4	MLOE/B_3671_1.LEFT_MLO.LJPEG.1_highpass.jpg
1556	4	MLOE/B_3672_1.LEFT_MLO.LJPEG.1_highpass.jpg
1557	4	MLOE/B_3673_1.LEFT_MLO.LJPEG.1_highpass.jpg
1558	4	MLOE/B_3674_1.LEFT_MLO.LJPEG.1_highpass.jpg
1559	4	MLOE/B_3675_1.LEFT_MLO.LJPEG.1_highpass.jpg
1560	4	MLOE/B_3676_1.LEFT_MLO.LJPEG.1_highpass.jpg
1561	4	MLOE/B_3677_1.LEFT_MLO.LJPEG.1_highpass.jpg
1562	4	MLOE/B_3678_1.LEFT_MLO.LJPEG.1_highpass.jpg
1563	4	MLOE/B_3679_1.LEFT_MLO.LJPEG.1_highpass.jpg
1564	4	MLOE/B_3680_1.LEFT_MLO.LJPEG.1_highpass.jpg
1565	4	MLOE/B_3681_1.LEFT_MLO.LJPEG.1_highpass.jpg
1566	4	MLOE/D_4548_1.LEFT_MLO.LJPEG.1_highpass.jpg
1567	4	MLOE/D_4549_1.LEFT_MLO.LJPEG.1_highpass.jpg
1568	4	MLOE/D_4550_1.LEFT_MLO.LJPEG.1_highpass.jpg
1569	4	MLOE/D_4554_1.LEFT_MLO.LJPEG.1_highpass.jpg
1570	4	MLOE/D_4556_1.LEFT_MLO.LJPEG.1_highpass.jpg
1571	4	MLOE/D_4573_1.LEFT_MLO.LJPEG.1_highpass.jpg
1572	4	MLOE/D_4580_1.LEFT_MLO.LJPEG.1_highpass.jpg
1573	4	MLOE/D_4581_1.LEFT_MLO.LJPEG.1_highpass.jpg
1574	4	MLOE/D_4586_1.LEFT_MLO.LJPEG.1_highpass.jpg
1575	4	MLOE/D_4599_1.LEFT_MLO.LJPEG.1_highpass.jpg
1576	4	MLOE/D_4601_1.LEFT_MLO.LJPEG.1_highpass.jpg
1577	4	MLOE/D_4602_1.LEFT_MLO.LJPEG.1_highpass.jpg
1578	4	MLOE/D_4603_1.LEFT_MLO.LJPEG.1_highpass.jpg
1579	4	MLOE/D_4604_1.LEFT_MLO.LJPEG.1_highpass.jpg
1580	4	MLOE/D_4605_1.LEFT_MLO.LJPEG.1_highpass.jpg
1581	4	MLOE/D_4607_1.LEFT_MLO.LJPEG.1_highpass.jpg
1582	4	MLOE/D_4608_1.LEFT_MLO.LJPEG.1_highpass.jpg
1583	4	MLOE/D_4609_1.LEFT_MLO.LJPEG.1_highpass.jpg
1584	0	NAO/00000001_000.png
1585	0	NAO/00000001_002 (1).png
1586	0	NAO/00000003_001.png
1587	0	NAO/00000003_003.png
1588	0	NAO/00000003_005.png
1589	0	NAO/00000013_005.png
1590	0	NAO/00001336_000.png
1591	0	NAO/00001338_000.png
1592	0	NAO/00001338_002.png
1593	0	NAO/00001339_000.png
1594	0	NAO/00001340_000.png
1595	0	NAO/00001341_000.png
1596	0	NAO/00003923_014.png
1597	0	NAO/00003923_016.png
1598	0	NAO/00003923_017.png
1599	0	NAO/00003923_019.png
1600	0	NAO/00003924_000.png
1601	0	NAO/00003924_001.png
1602	0	NAO/00006585_007.png
1603	0	NAO/00006585_009.png
1604	0	NAO/00006585_010.png
1605	0	NAO/00006585_012.png
1606	0	NAO/00006585_013.png
1607	0	NAO/00006585_014.png
1608	0	NAO/00006585_016.png
1609	0	NAO/00009232_004.png
1610	0	NAO/00009232_005.png
1611	0	NAO/00009233_000.png
1612	0	NAO/00009234_001.png
1613	0	NAO/00009234_002.png
1614	0	NAO/00009234_003.png
1615	0	NAO/00011558_008.png
1616	0	NAO/00011558_010.png
1617	0	NAO/00011558_011.png
1618	0	NAO/00011558_013.png
1619	0	NAO/00011558_014.png
1620	0	NAO/00011560_000.png
1621	0	NAO/00013774_027.png
1622	0	NAO/00013774_029.png
1623	0	NAO/00013774_031.png
1624	0	NAO/00013774_032.png
1625	0	NAO/00013774_033.png
1626	0	NAO/00013774_035.png
1627	0	NAO/00016051_011.png
1628	0	NAO/00016051_012.png
1629	0	NAO/00016051_013.png
1630	0	NAO/00016051_015.png
1631	0	NAO/00016051_017.png
1632	0	NAO/00016051_018.png
1633	0	NAO/00018387_035.png
1634	0	NAO/00018387_037.png
1635	0	NAO/00018388_001.png
1636	0	NAO/00018388_002.png
1637	0	NAO/00018388_003.png
1638	0	NAO/00018388_005.png
1639	0	NAO/00018389_000.png
1640	0	NAO/00020945_050.png
1641	0	NAO/00020945_051.png
1642	0	NAO/00020945_052.png
1643	0	NAO/00020945_053.png
1644	0	NAO/00020945_055.png
1645	0	NAO/00020945_056.png
1646	0	NAO/00020945_058.png
1647	0	NAO/00020946_000.png
1648	0	NAO/00024718_000.png
1649	0	NAO/00024719_000.png
1650	0	NAO/00024721_000.png
1651	0	NAO/00024722_000.png
1652	0	NAO/00024724_000.png
1653	0	NAO/00024726_000.png
1654	0	NAO/00024727_000.png
1655	0	NAO/1.2.392.200036.9125.4.0.286200784.692462336.2880367774.bmp
1656	0	NAO/10004.png
1657	0	NAO/10007.png
1658	0	NAO/10011.png
1659	0	NAO/10012.png
1660	0	NAO/10014.png
1661	0	NAO/10015.png
1662	0	NAO/10017.png
1663	0	NAO/10020.png
1664	0	NAO/10022.png
1665	0	NAO/10026.png
1666	0	NAO/10031.png
1667	0	NAO/10033.png
1668	0	NAO/10041.png
1669	0	NAO/10044.png
1670	0	NAO/10045.png
1671	0	NAO/10047.png
1672	0	NAO/10048.png
1673	0	NAO/10054.png
1674	0	NAO/10056.png
1675	0	NAO/10058.png
1676	0	NAO/10060.png
1677	0	NAO/10061.png
1678	0	NAO/10063.png
1679	0	NAO/10064.png
1680	0	NAO/10066.png
1681	0	NAO/10068.png
1682	0	NAO/10070.png
1683	0	NAO/18_PEL_E_1a_20.jpg
1684	0	NAO/19_SHL_D_1a_23.jpg
1685	0	NAO/1_16a0802e0d0.833719_988389873_16a0802e0d0_large.jpg
1686	0	NAO/2018-03-21-at-16-19-06.jpg
1687	0	NAO/20_SHL_E_1a_24.jpg
1688	0	NAO/24_WRT_D_1a_31.jpg
1689	0	NAO/2_ANK_E_1ab_3.jpg
1690	0	NAO/3-s2.0-B9780323341691000061-f006-008-9780323341691.jpg
1691	0	NAO/61949eb7a85649c18d0d746f032810_jumbo.jpeg
1692	0	NAO/701aa49c5797bc38251af53b667d2a_jumbo.jpeg
1693	0	NAO/7471755378_9d640aebc6_z.jpg
1694	0	NAO/9354e8fe992ca735cba790e0fc28eb_gallery.jpeg
1695	0	NAO/CPI Chest Module.jpg
1696	0	NAO/Chest-X-Ray-00_0.jpeg
1697	0	NAO/F1.large (11).jpg
1698	0	NAO/F1.large (12).jpg
1699	0	NAO/F1.large (14).jpg
1700	0	NAO/F1.large (16).jpg
1701	0	NAO/F1.large (17).jpg
1702	0	NAO/F1.large (19).jpg
1703	0	NAO/F1.large (2).jpg
1704	0	NAO/F1.large (20).jpg
1705	0	NAO/F1.large (21).jpg
1706	0	NAO/F1.large (22).jpg
1707	0	NAO/F1.large (24).jpg
1708	0	NAO/F1.large (25).jpg
1709	0	NAO/F1.large (3).jpg
1710	0	NAO/F1.large (4).jpg
1711	0	NAO/F1.large (6).jpg
1712	0	NAO/F1.large (7).jpg
1713	0	NAO/F1.large (9).jpg
1714	0	NAO/F1.large.jpg
1715	0	NAO/F2.large (1).jpg
1716	0	NAO/F2.large (2).jpg
1717	0	NAO/F5.large (1).jpg
1718	0	NAO/F5.large.jpg
1719	0	NAO/Figura-5.png
1720	0	NAO/Lung-Xray-1038334918.jpg
1721	0	NAO/Medical_X-Ray_imaging_AOX02.jpg
1722	0	NAO/Normal_posteroanterior_(PA)_chest_radiograph_(X-ray).jpg
1723	0	NAO/Open-SOurce-e1427388804265-750x375.jpg
1724	0	NAO/PEL_E_2a_22.jpg
1725	0	NAO/PEL_TIF_14M1.jpg
1726	0	NAO/PMC3475463_trd-72-452-g001.png
1727	0	NAO/PMC4635101_1806-3713-jbpneu-41-05-00486-gf01.png
1728	0	NAO/PMC5079333_medi-95-e5167-g003.png
1729	0	NAO/WRT_D_1b_32.jpg
1730	0	NAO/WRT_E_1a_34.jpg
1731	0	NAO/WRT_E_1b_35.jpg
1732	0	NAO/X-Ray-2025509578.jpg
1733	0	NAO/a00188f01.jpg
1734	0	NAO/case21.png
1735	0	NAO/chest-radiograph.png
1736	0	NAO/fe44b9070b0da83c15654a5f4f9ffb_jumbo.jpg
1737	0	NAO/fig10.jpg
1738	0	NAO/fig19.jpg
1739	0	NAO/file (1).jpeg
1740	0	NAO/hand-207496.jpg
1741	0	NAO/images (1).jpeg
1742	0	NAO/jim-2012-January-60-1-312-F1.large.jpg
1743	0	NAO/mri-scans-data.jpg
1744	0	NAO/open-data-101-728.jpg
1745	0	NAO/panoramica-crianca.jpg
1746	0	NAO/panoramica.jpg
1747	0	NAO/radiografias (1).jpg
1748	0	NAO/radiografias-dos-seios-da-face.jpg
1749	0	NAO/radiografias.jpg
1750	0	NAO/thumbnail-for-142601.jpg
1751	0	NAO/thumbnail-for-38305.jpg
1752	0	NAO/x-ray.jpeg
