1	1	CCD/resize_A_0003_1.RIGHT_CC.LJPEG.1_highpass.jpg
2	1	CCD/resize_A_0009_1.RIGHT_CC.LJPEG.1_highpass.jpg
3	1	CCD/resize_A_0015_1.RIGHT_CC.LJPEG.1_highpass.jpg
4	1	CCD/resize_A_0030_1.RIGHT_CC.LJPEG.1_highpass.jpg
5	1	CCD/resize_A_0035_1.RIGHT_CC.LJPEG.1_highpass.jpg
6	1	CCD/resize_A_0039_1.RIGHT_CC.LJPEG.1_highpass.jpg
7	1	CCD/resize_A_0045_1.RIGHT_CC.LJPEG.1_highpass.jpg
8	1	CCD/resize_A_0058_1.RIGHT_CC.LJPEG.1_highpass.jpg
9	1	CCD/resize_A_0071_1.RIGHT_CC.LJPEG.1_highpass.jpg
10	1	CCD/resize_A_0076_1.RIGHT_CC.LJPEG.1_highpass.jpg
11	1	CCD/resize_A_0089_1.RIGHT_CC.LJPEG.1_highpass.jpg
12	1	CCD/resize_A_0096_1.RIGHT_CC.LJPEG.1_highpass.jpg
13	1	CCD/resize_A_0108_1.RIGHT_CC.LJPEG.1_highpass.jpg
14	1	CCD/resize_A_0111_1.RIGHT_CC.LJPEG.1_highpass.jpg
15	1	CCD/resize_A_0119_1.RIGHT_CC.LJPEG.1_highpass.jpg
16	1	CCD/resize_A_0127_1.RIGHT_CC.LJPEG.1_highpass.jpg
17	1	CCD/resize_A_0130_1.RIGHT_CC.LJPEG.1_highpass.jpg
18	1	CCD/resize_A_0136_1.RIGHT_CC.LJPEG.1_highpass.jpg
19	1	CCD/resize_A_0143_1.RIGHT_CC.LJPEG.1_highpass.jpg
20	1	CCD/resize_A_0151_1.RIGHT_CC.LJPEG.1_highpass.jpg
21	1	CCD/resize_A_0157_1.RIGHT_CC.LJPEG.1_highpass.jpg
22	1	CCD/resize_A_0159_1.RIGHT_CC.LJPEG.1_highpass.jpg
23	1	CCD/resize_A_0160_1.RIGHT_CC.LJPEG.1_highpass.jpg
24	1	CCD/resize_A_0203_1.RIGHT_CC.LJPEG.1_highpass.jpg
25	1	CCD/resize_A_0204_1.RIGHT_CC.LJPEG.1_highpass.jpg
26	1	CCD/resize_A_0209_1.RIGHT_CC.LJPEG.1_highpass.jpg
27	1	CCD/resize_A_0214_1.RIGHT_CC.LJPEG.1_highpass.jpg
28	1	CCD/resize_A_0217_1.RIGHT_CC.LJPEG.1_highpass.jpg
29	1	CCD/resize_A_0219_1.RIGHT_CC.LJPEG.1_highpass.jpg
30	1	CCD/resize_A_0224_1.RIGHT_CC.LJPEG.1_highpass.jpg
31	1	CCD/resize_A_0225_1.RIGHT_CC.LJPEG.1_highpass.jpg
32	1	CCD/resize_A_0230_1.RIGHT_CC.LJPEG.1_highpass.jpg
33	1	CCD/resize_A_0235_1.RIGHT_CC.LJPEG.1_highpass.jpg
34	1	CCD/resize_A_0236_1.RIGHT_CC.LJPEG.1_highpass.jpg
35	1	CCD/resize_A_0241_1.RIGHT_CC.LJPEG.1_highpass.jpg
36	1	CCD/resize_A_0246_1.RIGHT_CC.LJPEG.1_highpass.jpg
37	1	CCD/resize_A_0249_1.RIGHT_CC.LJPEG.1_highpass.jpg
38	1	CCD/resize_A_0253_1.RIGHT_CC.LJPEG.1_highpass.jpg
39	1	CCD/resize_A_0258_1.RIGHT_CC.LJPEG.1_highpass.jpg
40	1	CCD/resize_A_0263_1.RIGHT_CC.LJPEG.1_highpass.jpg
41	1	CCD/resize_A_0264_1.RIGHT_CC.LJPEG.1_highpass.jpg
42	1	CCD/resize_A_0267_1.RIGHT_CC.LJPEG.1_highpass.jpg
43	1	CCD/resize_A_0271_1.RIGHT_CC.LJPEG.1_highpass.jpg
44	1	CCD/resize_A_0274_1.RIGHT_CC.LJPEG.1_highpass.jpg
45	1	CCD/resize_A_0277_1.RIGHT_CC.LJPEG.1_highpass.jpg
46	1	CCD/resize_A_0280_1.RIGHT_CC.LJPEG.1_highpass.jpg
47	1	CCD/resize_A_0282_1.RIGHT_CC.LJPEG.1_highpass.jpg
48	1	CCD/resize_A_0285_1.RIGHT_CC.LJPEG.1_highpass.jpg
49	1	CCD/resize_A_0290_1.RIGHT_CC.LJPEG.1_highpass.jpg
50	1	CCD/resize_A_0295_1.RIGHT_CC.LJPEG.1_highpass.jpg
51	1	CCD/resize_A_0297_1.RIGHT_CC.LJPEG.1_highpass.jpg
52	1	CCD/resize_A_0303_1.RIGHT_CC.LJPEG.1_highpass.jpg
53	1	CCD/resize_A_0305_1.RIGHT_CC.LJPEG.1_highpass.jpg
54	1	CCD/resize_A_0307_1.RIGHT_CC.LJPEG.1_highpass.jpg
55	1	CCD/resize_A_0312_1.RIGHT_CC.LJPEG.1_highpass.jpg
56	1	CCD/resize_A_0315_1.RIGHT_CC.LJPEG.1_highpass.jpg
57	1	CCD/resize_A_0319_1.RIGHT_CC.LJPEG.1_highpass.jpg
58	1	CCD/resize_A_0325_1.RIGHT_CC.LJPEG.1_highpass.jpg
59	1	CCD/resize_A_0329_1.RIGHT_CC.LJPEG.1_highpass.jpg
60	1	CCD/resize_A_0331_1.RIGHT_CC.LJPEG.1_highpass.jpg
61	1	CCD/resize_A_0336_1.RIGHT_CC.LJPEG.1_highpass.jpg
62	1	CCD/resize_A_0341_1.RIGHT_CC.LJPEG.1_highpass.jpg
63	1	CCD/resize_A_0342_1.RIGHT_CC.LJPEG.1_highpass.jpg
64	1	CCD/resize_A_0345_1.RIGHT_CC.LJPEG.1_highpass.jpg
65	1	CCD/resize_A_0351_1.RIGHT_CC.LJPEG.1_highpass.jpg
66	1	CCD/resize_A_0354_1.RIGHT_CC.LJPEG.1_highpass.jpg
67	1	CCD/resize_A_0358_1.RIGHT_CC.LJPEG.1_highpass.jpg
68	1	CCD/resize_A_0365_1.RIGHT_CC.LJPEG.1_highpass.jpg
69	1	CCD/resize_A_0388_1.RIGHT_CC.LJPEG.1_highpass.jpg
70	1	CCD/resize_A_0391_1.RIGHT_CC.LJPEG.1_highpass.jpg
71	1	CCD/resize_A_0414_1.RIGHT_CC.LJPEG.1_highpass.jpg
72	1	CCD/resize_A_0416_1.RIGHT_CC.LJPEG.1_highpass.jpg
73	1	CCD/resize_A_0422_1.RIGHT_CC.LJPEG.1_highpass.jpg
74	1	CCD/resize_A_0426_1.RIGHT_CC.LJPEG.1_highpass.jpg
75	1	CCD/resize_A_0433_1.RIGHT_CC.LJPEG.1_highpass.jpg
76	1	CCD/resize_A_0436_1.RIGHT_CC.LJPEG.1_highpass.jpg
77	1	CCD/resize_A_0441_1.RIGHT_CC.LJPEG.1_highpass.jpg
78	1	CCD/resize_A_0444_1.RIGHT_CC.LJPEG.1_highpass.jpg
79	1	CCD/resize_A_0448_1.RIGHT_CC.LJPEG.1_highpass.jpg
80	1	CCD/resize_A_0451_1.RIGHT_CC.LJPEG.1_highpass.jpg
81	1	CCD/resize_A_0452_1.RIGHT_CC.LJPEG.1_highpass.jpg
82	1	CCD/resize_A_0456_1.RIGHT_CC.LJPEG.1_highpass.jpg
83	1	CCD/resize_A_0465_1.RIGHT_CC.LJPEG.1_highpass.jpg
84	1	CCD/resize_A_0468_1.RIGHT_CC.LJPEG.1_highpass.jpg
85	1	CCD/resize_A_0469_1.RIGHT_CC.LJPEG.1_highpass.jpg
86	1	CCD/resize_A_0471_1.RIGHT_CC.LJPEG.1_highpass.jpg
87	1	CCD/resize_A_0475_1.RIGHT_CC.LJPEG.1_highpass.jpg
88	1	CCD/resize_A_0479_1.RIGHT_CC.LJPEG.1_highpass.jpg
89	1	CCD/resize_A_0493_1.RIGHT_CC.LJPEG.1_highpass.jpg
90	1	CCD/resize_A_0495_1.RIGHT_CC.LJPEG.1_highpass.jpg
91	1	CCD/resize_A_0497_1.RIGHT_CC.LJPEG.1_highpass.jpg
92	1	CCD/resize_A_0503_1.RIGHT_CC.LJPEG.1_highpass.jpg
93	1	CCD/resize_A_0508_1.RIGHT_CC.LJPEG.1_highpass.jpg
94	1	CCD/resize_A_0512_1.RIGHT_CC.LJPEG.1_highpass.jpg
95	1	CCD/resize_A_0517_1.RIGHT_CC.LJPEG.1_highpass.jpg
96	1	CCD/resize_A_0522_1.RIGHT_CC.LJPEG.1_highpass.jpg
97	1	CCD/resize_A_0528_1.RIGHT_CC.LJPEG.1_highpass.jpg
98	1	CCD/resize_A_0532_1.RIGHT_CC.LJPEG.1_highpass.jpg
99	1	CCD/resize_A_0534_1.RIGHT_CC.LJPEG.1_highpass.jpg
100	1	CCD/resize_A_0541_1.RIGHT_CC.LJPEG.1_highpass.jpg
101	1	CCD/resize_A_0562_1.RIGHT_CC.LJPEG.1_highpass.jpg
102	1	CCD/resize_A_0566_1.RIGHT_CC.LJPEG.1_highpass.jpg
103	1	CCD/resize_A_0569_1.RIGHT_CC.LJPEG.1_highpass.jpg
104	1	CCD/resize_A_0574_1.RIGHT_CC.LJPEG.1_highpass.jpg
105	1	CCD/resize_A_0578_1.RIGHT_CC.LJPEG.1_highpass.jpg
106	1	CCD/resize_A_0584_1.RIGHT_CC.LJPEG.1_highpass.jpg
107	1	CCD/resize_A_0587_1.RIGHT_CC.LJPEG.1_highpass.jpg
108	1	CCD/resize_A_0594_1.RIGHT_CC.LJPEG.1_highpass.jpg
109	1	CCD/resize_A_0600_1.RIGHT_CC.LJPEG.1_highpass.jpg
110	1	CCD/resize_A_0604_1.RIGHT_CC.LJPEG.1_highpass.jpg
111	1	CCD/resize_A_0608_1.RIGHT_CC.LJPEG.1_highpass.jpg
112	1	CCD/resize_A_0610_1.RIGHT_CC.LJPEG.1_highpass.jpg
113	1	CCD/resize_A_0611_1.RIGHT_CC.LJPEG.1_highpass.jpg
114	1	CCD/resize_A_0615_1.RIGHT_CC.LJPEG.1_highpass.jpg
115	1	CCD/resize_A_0619_1.RIGHT_CC.LJPEG.1_highpass.jpg
116	1	CCD/resize_A_0620_1.RIGHT_CC.LJPEG.1_highpass.jpg
117	1	CCD/resize_A_0623_1.RIGHT_CC.LJPEG.1_highpass.jpg
118	1	CCD/resize_A_0705_1.RIGHT_CC.LJPEG.1_highpass.jpg
119	1	CCD/resize_A_0710_1.RIGHT_CC.LJPEG.1_highpass.jpg
120	1	CCD/resize_A_1957_1.RIGHT_CC.LJPEG.1_highpass.jpg
121	1	CCD/resize_A_1961_1.RIGHT_CC.LJPEG.1_highpass.jpg
122	1	CCD/resize_A_1966_1.RIGHT_CC.LJPEG.1_highpass.jpg
123	1	CCD/resize_A_1969_1.RIGHT_CC.LJPEG.1_highpass.jpg
124	1	CCD/resize_A_1972_1.RIGHT_CC.LJPEG.1_highpass.jpg
125	1	CCD/resize_A_1975_1.RIGHT_CC.LJPEG.1_highpass.jpg
126	1	CCD/resize_A_1978_1.RIGHT_CC.LJPEG.1_highpass.jpg
127	1	CCD/resize_A_1988_1.RIGHT_CC.LJPEG.1_highpass.jpg
128	1	CCD/resize_A_1992_1.RIGHT_CC.LJPEG.1_highpass.jpg
129	1	CCD/resize_A_2004_1.RIGHT_CC.LJPEG.1_highpass.jpg
130	1	CCD/resize_A_2010_1.RIGHT_CC.LJPEG.1_highpass.jpg
131	1	CCD/resize_A_2013_1.RIGHT_CC.LJPEG.1_highpass.jpg
132	1	CCD/resize_A_2016_1.RIGHT_CC.LJPEG.1_highpass.jpg
133	1	CCD/resize_A_2019_1.RIGHT_CC.LJPEG.1_highpass.jpg
134	1	CCD/resize_A_2023_1.RIGHT_CC.LJPEG.1_highpass.jpg
135	1	CCD/resize_A_2032_1.RIGHT_CC.LJPEG.1_highpass.jpg
136	1	CCD/resize_A_2034_1.RIGHT_CC.LJPEG.1_highpass.jpg
137	1	CCD/resize_A_2039_1.RIGHT_CC.LJPEG.1_highpass.jpg
138	1	CCD/resize_B_3602_1.RIGHT_CC.LJPEG.1_highpass.jpg
139	1	CCD/resize_B_3607_1.RIGHT_CC.LJPEG.1_highpass.jpg
140	1	CCD/resize_B_3612_1.RIGHT_CC.LJPEG.1_highpass.jpg
141	1	CCD/resize_B_3615_1.RIGHT_CC.LJPEG.1_highpass.jpg
142	1	CCD/resize_B_3618_1.RIGHT_CC.LJPEG.1_highpass.jpg
143	1	CCD/resize_B_3622_1.RIGHT_CC.LJPEG.1_highpass.jpg
144	1	CCD/resize_B_3626_1.RIGHT_CC.LJPEG.1_highpass.jpg
145	1	CCD/resize_B_3634_1.RIGHT_CC.LJPEG.1_highpass.jpg
146	1	CCD/resize_B_3635_1.RIGHT_CC.LJPEG.1_highpass.jpg
147	1	CCD/resize_B_3640_1.RIGHT_CC.LJPEG.1_highpass.jpg
148	1	CCD/resize_B_3644_1.RIGHT_CC.LJPEG.1_highpass.jpg
149	1	CCD/resize_B_3649_1.RIGHT_CC.LJPEG.1_highpass.jpg
150	1	CCD/resize_B_3653_1.RIGHT_CC.LJPEG.1_highpass.jpg
151	1	CCD/resize_B_3656_1.RIGHT_CC.LJPEG.1_highpass.jpg
152	1	CCD/resize_B_3659_1.RIGHT_CC.LJPEG.1_highpass.jpg
153	1	CCD/resize_B_3661_1.RIGHT_CC.LJPEG.1_highpass.jpg
154	1	CCD/resize_B_3664_1.RIGHT_CC.LJPEG.1_highpass.jpg
155	1	CCD/resize_B_3666_1.RIGHT_CC.LJPEG.1_highpass.jpg
156	1	CCD/resize_B_3669_1.RIGHT_CC.LJPEG.1_highpass.jpg
157	1	CCD/resize_B_3671_1.RIGHT_CC.LJPEG.1_highpass.jpg
158	1	CCD/resize_B_3674_1.RIGHT_CC.LJPEG.1_highpass.jpg
159	1	CCD/resize_B_3676_1.RIGHT_CC.LJPEG.1_highpass.jpg
160	1	CCD/resize_B_3680_1.RIGHT_CC.LJPEG.1_highpass.jpg
161	1	CCD/resize_D_4550_1.RIGHT_CC.LJPEG.1_highpass.jpg
162	1	CCD/resize_D_4554_1.RIGHT_CC.LJPEG.1_highpass.jpg
163	1	CCD/resize_D_4586_1.RIGHT_CC.LJPEG.1_highpass.jpg
164	1	CCD/resize_D_4598_1.RIGHT_CC.LJPEG.1_highpass.jpg
165	1	CCD/resize_D_4602_1.RIGHT_CC.LJPEG.1_highpass.jpg
166	1	CCD/resize_D_4607_1.RIGHT_CC.LJPEG.1_highpass.jpg
167	2	CCE/resize_A_0002_1.LEFT_CC.LJPEG.1_highpass.jpg
168	2	CCE/resize_A_0005_1.LEFT_CC.LJPEG.1_highpass.jpg
169	2	CCE/resize_A_0006_1.LEFT_CC.LJPEG.1_highpass.jpg
170	2	CCE/resize_A_0013_1.LEFT_CC.LJPEG.1_highpass.jpg
171	2	CCE/resize_A_0016_1.LEFT_CC.LJPEG.1_highpass.jpg
172	2	CCE/resize_A_0027_1.LEFT_CC.LJPEG.1_highpass.jpg
173	2	CCE/resize_A_0032_1.LEFT_CC.LJPEG.1_highpass.jpg
174	2	CCE/resize_A_0046_1.LEFT_CC.LJPEG.1_highpass.jpg
175	2	CCE/resize_A_0050_1.LEFT_CC.LJPEG.1_highpass.jpg
176	2	CCE/resize_A_0051_1.LEFT_CC.LJPEG.1_highpass.jpg
177	2	CCE/resize_A_0057_1.LEFT_CC.LJPEG.1_highpass.jpg
178	2	CCE/resize_A_0062_1.LEFT_CC.LJPEG.1_highpass.jpg
179	2	CCE/resize_A_0090_1.LEFT_CC.LJPEG.1_highpass.jpg
180	2	CCE/resize_A_0094_1.LEFT_CC.LJPEG.1_highpass.jpg
181	2	CCE/resize_A_0099_1.LEFT_CC.LJPEG.1_highpass.jpg
182	2	CCE/resize_A_0119_1.LEFT_CC.LJPEG.1_highpass.jpg
183	2	CCE/resize_A_0124_1.LEFT_CC.LJPEG.1_highpass.jpg
184	2	CCE/resize_A_0130_1.LEFT_CC.LJPEG.1_highpass.jpg
185	2	CCE/resize_A_0135_1.LEFT_CC.LJPEG.1_highpass.jpg
186	2	CCE/resize_A_0143_1.LEFT_CC.LJPEG.1_highpass.jpg
187	2	CCE/resize_A_0146_1.LEFT_CC.LJPEG.1_highpass.jpg
188	2	CCE/resize_A_0149_1.LEFT_CC.LJPEG.1_highpass.jpg
189	2	CCE/resize_A_0151_1.LEFT_CC.LJPEG.1_highpass.jpg
190	2	CCE/resize_A_0158_1.LEFT_CC.LJPEG.1_highpass.jpg
191	2	CCE/resize_A_0204_1.LEFT_CC.LJPEG.1_highpass.jpg
192	2	CCE/resize_A_0205_1.LEFT_CC.LJPEG.1_highpass.jpg
193	2	CCE/resize_A_0209_1.LEFT_CC.LJPEG.1_highpass.jpg
194	2	CCE/resize_A_0223_1.LEFT_CC.LJPEG.1_highpass.jpg
195	2	CCE/resize_A_0227_1.LEFT_CC.LJPEG.1_highpass.jpg
196	2	CCE/resize_A_0232_1.LEFT_CC.LJPEG.1_highpass.jpg
197	2	CCE/resize_A_0238_1.LEFT_CC.LJPEG.1_highpass.jpg
198	2	CCE/resize_A_0241_1.LEFT_CC.LJPEG.1_highpass.jpg
199	2	CCE/resize_A_0245_1.LEFT_CC.LJPEG.1_highpass.jpg
200	2	CCE/resize_A_0249_1.LEFT_CC.LJPEG.1_highpass.jpg
201	2	CCE/resize_A_0252_1.LEFT_CC.LJPEG.1_highpass.jpg
202	2	CCE/resize_A_0261_1.LEFT_CC.LJPEG.1_highpass.jpg
203	2	CCE/resize_A_0263_1.LEFT_CC.LJPEG.1_highpass.jpg
204	2	CCE/resize_A_0267_1.LEFT_CC.LJPEG.1_highpass.jpg
205	2	CCE/resize_A_0271_1.LEFT_CC.LJPEG.1_highpass.jpg
206	2	CCE/resize_A_0273_1.LEFT_CC.LJPEG.1_highpass.jpg
207	2	CCE/resize_A_0277_1.LEFT_CC.LJPEG.1_highpass.jpg
208	2	CCE/resize_A_0287_1.LEFT_CC.LJPEG.1_highpass.jpg
209	2	CCE/resize_A_0297_1.LEFT_CC.LJPEG.1_highpass.jpg
210	2	CCE/resize_A_0305_1.LEFT_CC.LJPEG.1_highpass.jpg
211	2	CCE/resize_A_0310_1.LEFT_CC.LJPEG.1_highpass.jpg
212	2	CCE/resize_A_0314_1.LEFT_CC.LJPEG.1_highpass.jpg
213	2	CCE/resize_A_0319_1.LEFT_CC.LJPEG.1_highpass.jpg
214	2	CCE/resize_A_0327_1.LEFT_CC.LJPEG.1_highpass.jpg
215	2	CCE/resize_A_0329_1.LEFT_CC.LJPEG.1_highpass.jpg
216	2	CCE/resize_A_0336_1.LEFT_CC.LJPEG.1_highpass.jpg
217	2	CCE/resize_A_0339_1.LEFT_CC.LJPEG.1_highpass.jpg
218	2	CCE/resize_A_0349_1.LEFT_CC.LJPEG.1_highpass.jpg
219	2	CCE/resize_A_0355_1.LEFT_CC.LJPEG.1_highpass.jpg
220	2	CCE/resize_A_0360_1.LEFT_CC.LJPEG.1_highpass.jpg
221	2	CCE/resize_A_0362_1.LEFT_CC.LJPEG.1_highpass.jpg
222	2	CCE/resize_A_0365_1.LEFT_CC.LJPEG.1_highpass.jpg
223	2	CCE/resize_A_0387_1.LEFT_CC.LJPEG.1_highpass.jpg
224	2	CCE/resize_A_0392_1.LEFT_CC.LJPEG.1_highpass.jpg
225	2	CCE/resize_A_0412_1.LEFT_CC.LJPEG.1_highpass.jpg
226	2	CCE/resize_A_0420_1.LEFT_CC.LJPEG.1_highpass.jpg
227	2	CCE/resize_A_0432_1.LEFT_CC.LJPEG.1_highpass.jpg
228	2	CCE/resize_A_0436_1.LEFT_CC.LJPEG.1_highpass.jpg
229	2	CCE/resize_A_0440_1.LEFT_CC.LJPEG.1_highpass.jpg
230	2	CCE/resize_A_0444_1.LEFT_CC.LJPEG.1_highpass.jpg
231	2	CCE/resize_A_0447_1.LEFT_CC.LJPEG.1_highpass.jpg
232	2	CCE/resize_A_0451_1.LEFT_CC.LJPEG.1_highpass.jpg
233	2	CCE/resize_A_0463_1.LEFT_CC.LJPEG.1_highpass.jpg
234	2	CCE/resize_A_0468_1.LEFT_CC.LJPEG.1_highpass.jpg
235	2	CCE/resize_A_0472_1.LEFT_CC.LJPEG.1_highpass.jpg
236	2	CCE/resize_A_0478_1.LEFT_CC.LJPEG.1_highpass.jpg
237	2	CCE/resize_A_0483_1.LEFT_CC.LJPEG.1_highpass.jpg
238	2	CCE/resize_A_0484_1.LEFT_CC.LJPEG.1_highpass.jpg
239	2	CCE/resize_A_0493_1.LEFT_CC.LJPEG.1_highpass.jpg
240	2	CCE/resize_A_0497_1.LEFT_CC.LJPEG.1_highpass.jpg
241	2	CCE/resize_A_0501_1.LEFT_CC.LJPEG.1_highpass.jpg
242	2	CCE/resize_A_0503_1.LEFT_CC.LJPEG.1_highpass.jpg
243	2	CCE/resize_A_0509_1.LEFT_CC.LJPEG.1_highpass.jpg
244	2	CCE/resize_A_0511_1.LEFT_CC.LJPEG.1_highpass.jpg
245	2	CCE/resize_A_0515_1.LEFT_CC.LJPEG.1_highpass.jpg
246	2	CCE/resize_A_0516_1.LEFT_CC.LJPEG.1_highpass.jpg
247	2	CCE/resize_A_0517_1.LEFT_CC.LJPEG.1_highpass.jpg
248	2	CCE/resize_A_0521_1.LEFT_CC.LJPEG.1_highpass.jpg
249	2	CCE/resize_A_0523_1.LEFT_CC.LJPEG.1_highpass.jpg
250	2	CCE/resize_A_0527_1.LEFT_CC.LJPEG.1_highpass.jpg
251	2	CCE/resize_A_0542_1.LEFT_CC.LJPEG.1_highpass.jpg
252	2	CCE/resize_A_0562_1.LEFT_CC.LJPEG.1_highpass.jpg
253	2	CCE/resize_A_0570_1.LEFT_CC.LJPEG.1_highpass.jpg
254	2	CCE/resize_A_0574_1.LEFT_CC.LJPEG.1_highpass.jpg
255	2	CCE/resize_A_0580_1.LEFT_CC.LJPEG.1_highpass.jpg
256	2	CCE/resize_A_0583_1.LEFT_CC.LJPEG.1_highpass.jpg
257	2	CCE/resize_A_0585_1.LEFT_CC.LJPEG.1_highpass.jpg
258	2	CCE/resize_A_0587_1.LEFT_CC.LJPEG.1_highpass.jpg
259	2	CCE/resize_A_0588_1.LEFT_CC.LJPEG.1_highpass.jpg
260	2	CCE/resize_A_0589_1.LEFT_CC.LJPEG.1_highpass.jpg
261	2	CCE/resize_A_0596_1.LEFT_CC.LJPEG.1_highpass.jpg
262	2	CCE/resize_A_0598_1.LEFT_CC.LJPEG.1_highpass.jpg
263	2	CCE/resize_A_0600_1.LEFT_CC.LJPEG.1_highpass.jpg
264	2	CCE/resize_A_0603_1.LEFT_CC.LJPEG.1_highpass.jpg
265	2	CCE/resize_A_0605_1.LEFT_CC.LJPEG.1_highpass.jpg
266	2	CCE/resize_A_0611_1.LEFT_CC.LJPEG.1_highpass.jpg
267	2	CCE/resize_A_0616_1.LEFT_CC.LJPEG.1_highpass.jpg
268	2	CCE/resize_A_0618_1.LEFT_CC.LJPEG.1_highpass.jpg
269	2	CCE/resize_A_0619_1.LEFT_CC.LJPEG.1_highpass.jpg
270	2	CCE/resize_A_0621_1.LEFT_CC.LJPEG.1_highpass.jpg
271	2	CCE/resize_A_0623_1.LEFT_CC.LJPEG.1_highpass.jpg
272	2	CCE/resize_A_0704_1.LEFT_CC.LJPEG.1_highpass.jpg
273	2	CCE/resize_A_0705_1.LEFT_CC.LJPEG.1_highpass.jpg
274	2	CCE/resize_A_0707_1.LEFT_CC.LJPEG.1_highpass.jpg
275	2	CCE/resize_A_1955_1.LEFT_CC.LJPEG.1_highpass.jpg
276	2	CCE/resize_A_1959_1.LEFT_CC.LJPEG.1_highpass.jpg
277	2	CCE/resize_A_1962_1.LEFT_CC.LJPEG.1_highpass.jpg
278	2	CCE/resize_A_1968_1.LEFT_CC.LJPEG.1_highpass.jpg
279	2	CCE/resize_A_1969_1.LEFT_CC.LJPEG.1_highpass.jpg
280	2	CCE/resize_A_1972_1.LEFT_CC.LJPEG.1_highpass.jpg
281	2	CCE/resize_A_1973_1.LEFT_CC.LJPEG.1_highpass.jpg
282	2	CCE/resize_A_1975_1.LEFT_CC.LJPEG.1_highpass.jpg
283	2	CCE/resize_A_1979_1.LEFT_CC.LJPEG.1_highpass.jpg
284	2	CCE/resize_A_1988_1.LEFT_CC.LJPEG.1_highpass.jpg
285	2	CCE/resize_A_1994_1.LEFT_CC.LJPEG.1_highpass.jpg
286	2	CCE/resize_A_1996_1.LEFT_CC.LJPEG.1_highpass.jpg
287	2	CCE/resize_A_1997_1.LEFT_CC.LJPEG.1_highpass.jpg
288	2	CCE/resize_A_2006_1.LEFT_CC.LJPEG.1_highpass.jpg
289	2	CCE/resize_A_2009_1.LEFT_CC.LJPEG.1_highpass.jpg
290	2	CCE/resize_A_2012_1.LEFT_CC.LJPEG.1_highpass.jpg
291	2	CCE/resize_A_2014_1.LEFT_CC.LJPEG.1_highpass.jpg
292	2	CCE/resize_A_2016_1.LEFT_CC.LJPEG.1_highpass.jpg
293	2	CCE/resize_A_2018_1.LEFT_CC.LJPEG.1_highpass.jpg
294	2	CCE/resize_A_2026_1.LEFT_CC.LJPEG.1_highpass.jpg
295	2	CCE/resize_A_2029_1.LEFT_CC.LJPEG.1_highpass.jpg
296	2	CCE/resize_A_2042_1.LEFT_CC.LJPEG.1_highpass.jpg
297	2	CCE/resize_B_3602_1.LEFT_CC.LJPEG.1_highpass.jpg
298	2	CCE/resize_B_3603_1.LEFT_CC.LJPEG.1_highpass.jpg
299	2	CCE/resize_B_3607_1.LEFT_CC.LJPEG.1_highpass.jpg
300	2	CCE/resize_B_3610_1.LEFT_CC.LJPEG.1_highpass.jpg
301	2	CCE/resize_B_3615_1.LEFT_CC.LJPEG.1_highpass.jpg
302	2	CCE/resize_B_3619_1.LEFT_CC.LJPEG.1_highpass.jpg
303	2	CCE/resize_B_3623_1.LEFT_CC.LJPEG.1_highpass.jpg
304	2	CCE/resize_B_3625_1.LEFT_CC.LJPEG.1_highpass.jpg
305	2	CCE/resize_B_3626_1.LEFT_CC.LJPEG.1_highpass.jpg
306	2	CCE/resize_B_3628_1.LEFT_CC.LJPEG.1_highpass.jpg
307	2	CCE/resize_B_3630_1.LEFT_CC.LJPEG.1_highpass.jpg
308	2	CCE/resize_B_3633_1.LEFT_CC.LJPEG.1_highpass.jpg
309	2	CCE/resize_B_3634_1.LEFT_CC.LJPEG.1_highpass.jpg
310	2	CCE/resize_B_3635_1.LEFT_CC.LJPEG.1_highpass.jpg
311	2	CCE/resize_B_3638_1.LEFT_CC.LJPEG.1_highpass.jpg
312	2	CCE/resize_B_3640_1.LEFT_CC.LJPEG.1_highpass.jpg
313	2	CCE/resize_B_3641_1.LEFT_CC.LJPEG.1_highpass.jpg
314	2	CCE/resize_B_3650_1.LEFT_CC.LJPEG.1_highpass.jpg
315	2	CCE/resize_B_3653_1.LEFT_CC.LJPEG.1_highpass.jpg
316	2	CCE/resize_B_3655_1.LEFT_CC.LJPEG.1_highpass.jpg
317	2	CCE/resize_B_3661_1.LEFT_CC.LJPEG.1_highpass.jpg
318	2	CCE/resize_B_3663_1.LEFT_CC.LJPEG.1_highpass.jpg
319	2	CCE/resize_B_3664_1.LEFT_CC.LJPEG.1_highpass.jpg
320	2	CCE/resize_B_3669_1.LEFT_CC.LJPEG.1_highpass.jpg
321	2	CCE/resize_B_3671_1.LEFT_CC.LJPEG.1_highpass.jpg
322	2	CCE/resize_B_3678_1.LEFT_CC.LJPEG.1_highpass.jpg
323	2	CCE/resize_B_3681_1.LEFT_CC.LJPEG.1_highpass.jpg
324	2	CCE/resize_D_4550_1.LEFT_CC.LJPEG.1_highpass.jpg
325	2	CCE/resize_D_4586_1.LEFT_CC.LJPEG.1_highpass.jpg
326	2	CCE/resize_D_4598_1.LEFT_CC.LJPEG.1_highpass.jpg
327	2	CCE/resize_D_4601_1.LEFT_CC.LJPEG.1_highpass.jpg
328	2	CCE/resize_D_4604_1.LEFT_CC.LJPEG.1_highpass.jpg
329	2	CCE/resize_D_4607_1.LEFT_CC.LJPEG.1_highpass.jpg
330	3	MLOD/resize_A_0009_1.RIGHT_MLO.LJPEG.1_highpass.jpg
331	3	MLOD/resize_A_0012_1.RIGHT_MLO.LJPEG.1_highpass.jpg
332	3	MLOD/resize_A_0022_1.RIGHT_MLO.LJPEG.1_highpass.jpg
333	3	MLOD/resize_A_0024_1.RIGHT_MLO.LJPEG.1_highpass.jpg
334	3	MLOD/resize_A_0036_1.RIGHT_MLO.LJPEG.1_highpass.jpg
335	3	MLOD/resize_A_0042_1.RIGHT_MLO.LJPEG.1_highpass.jpg
336	3	MLOD/resize_A_0044_1.RIGHT_MLO.LJPEG.1_highpass.jpg
337	3	MLOD/resize_A_0051_1.RIGHT_MLO.LJPEG.1_highpass.jpg
338	3	MLOD/resize_A_0055_1.RIGHT_MLO.LJPEG.1_highpass.jpg
339	3	MLOD/resize_A_0059_1.RIGHT_MLO.LJPEG.1_highpass.jpg
340	3	MLOD/resize_A_0064_1.RIGHT_MLO.LJPEG.1_highpass.jpg
341	3	MLOD/resize_A_0072_1.RIGHT_MLO.LJPEG.1_highpass.jpg
342	3	MLOD/resize_A_0075_1.RIGHT_MLO.LJPEG.1_highpass.jpg
343	3	MLOD/resize_A_0079_1.RIGHT_MLO.LJPEG.1_highpass.jpg
344	3	MLOD/resize_A_0095_1.RIGHT_MLO.LJPEG.1_highpass.jpg
345	3	MLOD/resize_A_0099_1.RIGHT_MLO.LJPEG.1_highpass.jpg
346	3	MLOD/resize_A_0121_1.RIGHT_MLO.LJPEG.1_highpass.jpg
347	3	MLOD/resize_A_0126_1.RIGHT_MLO.LJPEG.1_highpass.jpg
348	3	MLOD/resize_A_0130_1.RIGHT_MLO.LJPEG.1_highpass.jpg
349	3	MLOD/resize_A_0139_1.RIGHT_MLO.LJPEG.1_highpass.jpg
350	3	MLOD/resize_A_0144_1.RIGHT_MLO.LJPEG.1_highpass.jpg
351	3	MLOD/resize_A_0145_1.RIGHT_MLO.LJPEG.1_highpass.jpg
352	3	MLOD/resize_A_0148_1.RIGHT_MLO.LJPEG.1_highpass.jpg
353	3	MLOD/resize_A_0158_1.RIGHT_MLO.LJPEG.1_highpass.jpg
354	3	MLOD/resize_A_0200_1.RIGHT_MLO.LJPEG.1_highpass.jpg
355	3	MLOD/resize_A_0202_1.RIGHT_MLO.LJPEG.1_highpass.jpg
356	3	MLOD/resize_A_0206_1.RIGHT_MLO.LJPEG.1_highpass.jpg
357	3	MLOD/resize_A_0210_1.RIGHT_MLO.LJPEG.1_highpass.jpg
358	3	MLOD/resize_A_0219_1.RIGHT_MLO.LJPEG.1_highpass.jpg
359	3	MLOD/resize_A_0225_1.RIGHT_MLO.LJPEG.1_highpass.jpg
360	3	MLOD/resize_A_0230_1.RIGHT_MLO.LJPEG.1_highpass.jpg
361	3	MLOD/resize_A_0236_1.RIGHT_MLO.LJPEG.1_highpass.jpg
362	3	MLOD/resize_A_0241_1.RIGHT_MLO.LJPEG.1_highpass.jpg
363	3	MLOD/resize_A_0260_1.RIGHT_MLO.LJPEG.1_highpass.jpg
364	3	MLOD/resize_A_0264_1.RIGHT_MLO.LJPEG.1_highpass.jpg
365	3	MLOD/resize_A_0267_1.RIGHT_MLO.LJPEG.1_highpass.jpg
366	3	MLOD/resize_A_0268_1.RIGHT_MLO.LJPEG.1_highpass.jpg
367	3	MLOD/resize_A_0270_1.RIGHT_MLO.LJPEG.1_highpass.jpg
368	3	MLOD/resize_A_0272_1.RIGHT_MLO.LJPEG.1_highpass.jpg
369	3	MLOD/resize_A_0277_1.RIGHT_MLO.LJPEG.1_highpass.jpg
370	3	MLOD/resize_A_0278_1.RIGHT_MLO.LJPEG.1_highpass.jpg
371	3	MLOD/resize_A_0283_1.RIGHT_MLO.LJPEG.1_highpass.jpg
372	3	MLOD/resize_A_0294_1.RIGHT_MLO.LJPEG.1_highpass.jpg
373	3	MLOD/resize_A_0298_1.RIGHT_MLO.LJPEG.1_highpass.jpg
374	3	MLOD/resize_A_0310_1.RIGHT_MLO.LJPEG.1_highpass.jpg
375	3	MLOD/resize_A_0311_1.RIGHT_MLO.LJPEG.1_highpass.jpg
376	3	MLOD/resize_A_0314_1.RIGHT_MLO.LJPEG.1_highpass.jpg
377	3	MLOD/resize_A_0318_1.RIGHT_MLO.LJPEG.1_highpass.jpg
378	3	MLOD/resize_A_0322_1.RIGHT_MLO.LJPEG.1_highpass.jpg
379	3	MLOD/resize_A_0326_1.RIGHT_MLO.LJPEG.1_highpass.jpg
380	3	MLOD/resize_A_0328_1.RIGHT_MLO.LJPEG.1_highpass.jpg
381	3	MLOD/resize_A_0331_1.RIGHT_MLO.LJPEG.1_highpass.jpg
382	3	MLOD/resize_A_0338_1.RIGHT_MLO.LJPEG.1_highpass.jpg
383	3	MLOD/resize_A_0343_1.RIGHT_MLO.LJPEG.1_highpass.jpg
384	3	MLOD/resize_A_0345_1.RIGHT_MLO.LJPEG.1_highpass.jpg
385	3	MLOD/resize_A_0348_1.RIGHT_MLO.LJPEG.1_highpass.jpg
386	3	MLOD/resize_A_0349_1.RIGHT_MLO.LJPEG.1_highpass.jpg
387	3	MLOD/resize_A_0356_1.RIGHT_MLO.LJPEG.1_highpass.jpg
388	3	MLOD/resize_A_0358_1.RIGHT_MLO.LJPEG.1_highpass.jpg
389	3	MLOD/resize_A_0361_1.RIGHT_MLO.LJPEG.1_highpass.jpg
390	3	MLOD/resize_A_0365_1.RIGHT_MLO.LJPEG.1_highpass.jpg
391	3	MLOD/resize_A_0388_1.RIGHT_MLO.LJPEG.1_highpass.jpg
392	3	MLOD/resize_A_0412_1.RIGHT_MLO.LJPEG.1_highpass.jpg
393	3	MLOD/resize_A_0419_1.RIGHT_MLO.LJPEG.1_highpass.jpg
394	3	MLOD/resize_A_0422_1.RIGHT_MLO.LJPEG.1_highpass.jpg
395	3	MLOD/resize_A_0436_1.RIGHT_MLO.LJPEG.1_highpass.jpg
396	3	MLOD/resize_A_0437_1.RIGHT_MLO.LJPEG.1_highpass.jpg
397	3	MLOD/resize_A_0439_1.RIGHT_MLO.LJPEG.1_highpass.jpg
398	3	MLOD/resize_A_0441_1.RIGHT_MLO.LJPEG.1_highpass.jpg
399	3	MLOD/resize_A_0444_1.RIGHT_MLO.LJPEG.1_highpass.jpg
400	3	MLOD/resize_A_0446_1.RIGHT_MLO.LJPEG.1_highpass.jpg
401	3	MLOD/resize_A_0447_1.RIGHT_MLO.LJPEG.1_highpass.jpg
402	3	MLOD/resize_A_0452_1.RIGHT_MLO.LJPEG.1_highpass.jpg
403	3	MLOD/resize_A_0455_1.RIGHT_MLO.LJPEG.1_highpass.jpg
404	3	MLOD/resize_A_0462_1.RIGHT_MLO.LJPEG.1_highpass.jpg
405	3	MLOD/resize_A_0468_1.RIGHT_MLO.LJPEG.1_highpass.jpg
406	3	MLOD/resize_A_0472_1.RIGHT_MLO.LJPEG.1_highpass.jpg
407	3	MLOD/resize_A_0475_1.RIGHT_MLO.LJPEG.1_highpass.jpg
408	3	MLOD/resize_A_0479_1.RIGHT_MLO.LJPEG.1_highpass.jpg
409	3	MLOD/resize_A_0482_1.RIGHT_MLO.LJPEG.1_highpass.jpg
410	3	MLOD/resize_A_0490_1.RIGHT_MLO.LJPEG.1_highpass.jpg
411	3	MLOD/resize_A_0493_1.RIGHT_MLO.LJPEG.1_highpass.jpg
412	3	MLOD/resize_A_0501_1.RIGHT_MLO.LJPEG.1_highpass.jpg
413	3	MLOD/resize_A_0504_1.RIGHT_MLO.LJPEG.1_highpass.jpg
414	3	MLOD/resize_A_0508_1.RIGHT_MLO.LJPEG.1_highpass.jpg
415	3	MLOD/resize_A_0510_1.RIGHT_MLO.LJPEG.1_highpass.jpg
416	3	MLOD/resize_A_0513_1.RIGHT_MLO.LJPEG.1_highpass.jpg
417	3	MLOD/resize_A_0516_1.RIGHT_MLO.LJPEG.1_highpass.jpg
418	3	MLOD/resize_A_0521_1.RIGHT_MLO.LJPEG.1_highpass.jpg
419	3	MLOD/resize_A_0523_1.RIGHT_MLO.LJPEG.1_highpass.jpg
420	3	MLOD/resize_A_0562_1.RIGHT_MLO.LJPEG.1_highpass.jpg
421	3	MLOD/resize_A_0568_1.RIGHT_MLO.LJPEG.1_highpass.jpg
422	3	MLOD/resize_A_0573_1.RIGHT_MLO.LJPEG.1_highpass.jpg
423	3	MLOD/resize_A_0581_1.RIGHT_MLO.LJPEG.1_highpass.jpg
424	3	MLOD/resize_A_0584_1.RIGHT_MLO.LJPEG.1_highpass.jpg
425	3	MLOD/resize_A_0587_1.RIGHT_MLO.LJPEG.1_highpass.jpg
426	3	MLOD/resize_A_0597_1.RIGHT_MLO.LJPEG.1_highpass.jpg
427	3	MLOD/resize_A_0604_1.RIGHT_MLO.LJPEG.1_highpass.jpg
428	3	MLOD/resize_A_0605_1.RIGHT_MLO.LJPEG.1_highpass.jpg
429	3	MLOD/resize_A_0608_1.RIGHT_MLO.LJPEG.1_highpass.jpg
430	3	MLOD/resize_A_0609_1.RIGHT_MLO.LJPEG.1_highpass.jpg
431	3	MLOD/resize_A_0615_1.RIGHT_MLO.LJPEG.1_highpass.jpg
432	3	MLOD/resize_A_0617_1.RIGHT_MLO.LJPEG.1_highpass.jpg
433	3	MLOD/resize_A_0621_1.RIGHT_MLO.LJPEG.1_highpass.jpg
434	3	MLOD/resize_A_0623_1.RIGHT_MLO.LJPEG.1_highpass.jpg
435	3	MLOD/resize_A_0705_1.RIGHT_MLO.LJPEG.1_highpass.jpg
436	3	MLOD/resize_A_0708_1.RIGHT_MLO.LJPEG.1_highpass.jpg
437	3	MLOD/resize_A_1955_1.RIGHT_MLO.LJPEG.1_highpass.jpg
438	3	MLOD/resize_A_1960_1.RIGHT_MLO.LJPEG.1_highpass.jpg
439	3	MLOD/resize_A_1964_1.RIGHT_MLO.LJPEG.1_highpass.jpg
440	3	MLOD/resize_A_1967_1.RIGHT_MLO.LJPEG.1_highpass.jpg
441	3	MLOD/resize_A_1968_1.RIGHT_MLO.LJPEG.1_highpass.jpg
442	3	MLOD/resize_A_1973_1.RIGHT_MLO.LJPEG.1_highpass.jpg
443	3	MLOD/resize_A_1977_1.RIGHT_MLO.LJPEG.1_highpass.jpg
444	3	MLOD/resize_A_1979_1.RIGHT_MLO.LJPEG.1_highpass.jpg
445	3	MLOD/resize_A_1990_1.RIGHT_MLO.LJPEG.1_highpass.jpg
446	3	MLOD/resize_A_1994_1.RIGHT_MLO.LJPEG.1_highpass.jpg
447	3	MLOD/resize_A_1997_1.RIGHT_MLO.LJPEG.1_highpass.jpg
448	3	MLOD/resize_A_2003_1.RIGHT_MLO.LJPEG.1_highpass.jpg
449	3	MLOD/resize_A_2006_1.RIGHT_MLO.LJPEG.1_highpass.jpg
450	3	MLOD/resize_A_2009_1.RIGHT_MLO.LJPEG.1_highpass.jpg
451	3	MLOD/resize_A_2012_1.RIGHT_MLO.LJPEG.1_highpass.jpg
452	3	MLOD/resize_A_2017_1.RIGHT_MLO.LJPEG.1_highpass.jpg
453	3	MLOD/resize_A_2020_1.RIGHT_MLO.LJPEG.1_highpass.jpg
454	3	MLOD/resize_A_2026_1.RIGHT_MLO.LJPEG.1_highpass.jpg
455	3	MLOD/resize_A_2029_1.RIGHT_MLO.LJPEG.1_highpass.jpg
456	3	MLOD/resize_A_2030_1.RIGHT_MLO.LJPEG.1_highpass.jpg
457	3	MLOD/resize_A_2036_1.RIGHT_MLO.LJPEG.1_highpass.jpg
458	3	MLOD/resize_A_2038_1.RIGHT_MLO.LJPEG.1_highpass.jpg
459	3	MLOD/resize_B_3602_1.RIGHT_MLO.LJPEG.1_highpass.jpg
460	3	MLOD/resize_B_3604_1.RIGHT_MLO.LJPEG.1_highpass.jpg
461	3	MLOD/resize_B_3608_1.RIGHT_MLO.LJPEG.1_highpass.jpg
462	3	MLOD/resize_B_3613_1.RIGHT_MLO.LJPEG.1_highpass.jpg
463	3	MLOD/resize_B_3617_1.RIGHT_MLO.LJPEG.1_highpass.jpg
464	3	MLOD/resize_B_3619_1.RIGHT_MLO.LJPEG.1_highpass.jpg
465	3	MLOD/resize_B_3620_1.RIGHT_MLO.LJPEG.1_highpass.jpg
466	3	MLOD/resize_B_3627_1.RIGHT_MLO.LJPEG.1_highpass.jpg
467	3	MLOD/resize_B_3630_1.RIGHT_MLO.LJPEG.1_highpass.jpg
468	3	MLOD/resize_B_3637_1.RIGHT_MLO.LJPEG.1_highpass.jpg
469	3	MLOD/resize_B_3643_1.RIGHT_MLO.LJPEG.1_highpass.jpg
470	3	MLOD/resize_B_3647_1.RIGHT_MLO.LJPEG.1_highpass.jpg
471	3	MLOD/resize_B_3653_1.RIGHT_MLO.LJPEG.1_highpass.jpg
472	3	MLOD/resize_B_3656_1.RIGHT_MLO.LJPEG.1_highpass.jpg
473	3	MLOD/resize_B_3657_1.RIGHT_MLO.LJPEG.1_highpass.jpg
474	3	MLOD/resize_B_3660_1.RIGHT_MLO.LJPEG.1_highpass.jpg
475	3	MLOD/resize_B_3663_1.RIGHT_MLO.LJPEG.1_highpass.jpg
476	3	MLOD/resize_B_3666_1.RIGHT_MLO.LJPEG.1_highpass.jpg
477	3	MLOD/resize_B_3670_1.RIGHT_MLO.LJPEG.1_highpass.jpg
478	3	MLOD/resize_B_3674_1.RIGHT_MLO.LJPEG.1_highpass.jpg
479	3	MLOD/resize_B_3676_1.RIGHT_MLO.LJPEG.1_highpass.jpg
480	3	MLOD/resize_B_3677_1.RIGHT_MLO.LJPEG.1_highpass.jpg
481	3	MLOD/resize_B_3681_1.RIGHT_MLO.LJPEG.1_highpass.jpg
482	3	MLOD/resize_D_4549_1.RIGHT_MLO.LJPEG.1_highpass.jpg
483	3	MLOD/resize_D_4556_1.RIGHT_MLO.LJPEG.1_highpass.jpg
484	3	MLOD/resize_D_4564_1.RIGHT_MLO.LJPEG.1_highpass.jpg
485	3	MLOD/resize_D_4580_1.RIGHT_MLO.LJPEG.1_highpass.jpg
486	3	MLOD/resize_D_4598_1.RIGHT_MLO.LJPEG.1_highpass.jpg
487	3	MLOD/resize_D_4603_1.RIGHT_MLO.LJPEG.1_highpass.jpg
488	3	MLOD/resize_D_4606_1.RIGHT_MLO.LJPEG.1_highpass.jpg
489	3	MLOD/resize_D_4608_1.RIGHT_MLO.LJPEG.1_highpass.jpg
490	4	MLOE/resize_A_0010_1.LEFT_MLO.LJPEG.1_highpass.jpg
491	4	MLOE/resize_A_0013_1.LEFT_MLO.LJPEG.1_highpass.jpg
492	4	MLOE/resize_A_0016_1.LEFT_MLO.LJPEG.1_highpass.jpg
493	4	MLOE/resize_A_0020_1.LEFT_MLO.LJPEG.1_highpass.jpg
494	4	MLOE/resize_A_0027_1.LEFT_MLO.LJPEG.1_highpass.jpg
495	4	MLOE/resize_A_0032_1.LEFT_MLO.LJPEG.1_highpass.jpg
496	4	MLOE/resize_A_0036_1.LEFT_MLO.LJPEG.1_highpass.jpg
497	4	MLOE/resize_A_0040_1.LEFT_MLO.LJPEG.1_highpass.jpg
498	4	MLOE/resize_A_0045_1.LEFT_MLO.LJPEG.1_highpass.jpg
499	4	MLOE/resize_A_0050_1.LEFT_MLO.LJPEG.1_highpass.jpg
500	4	MLOE/resize_A_0052_1.LEFT_MLO.LJPEG.1_highpass.jpg
501	4	MLOE/resize_A_0057_1.LEFT_MLO.LJPEG.1_highpass.jpg
502	4	MLOE/resize_A_0061_1.LEFT_MLO.LJPEG.1_highpass.jpg
503	4	MLOE/resize_A_0067_1.LEFT_MLO.LJPEG.1_highpass.jpg
504	4	MLOE/resize_A_0072_1.LEFT_MLO.LJPEG.1_highpass.jpg
505	4	MLOE/resize_A_0075_1.LEFT_MLO.LJPEG.1_highpass.jpg
506	4	MLOE/resize_A_0079_1.LEFT_MLO.LJPEG.1_highpass.jpg
507	4	MLOE/resize_A_0089_1.LEFT_MLO.LJPEG.1_highpass.jpg
508	4	MLOE/resize_A_0094_1.LEFT_MLO.LJPEG.1_highpass.jpg
509	4	MLOE/resize_A_0097_1.LEFT_MLO.LJPEG.1_highpass.jpg
510	4	MLOE/resize_A_0108_1.LEFT_MLO.LJPEG.1_highpass.jpg
511	4	MLOE/resize_A_0111_1.LEFT_MLO.LJPEG.1_highpass.jpg
512	4	MLOE/resize_A_0112_1.LEFT_MLO.LJPEG.1_highpass.jpg
513	4	MLOE/resize_A_0116_1.LEFT_MLO.LJPEG.1_highpass.jpg
514	4	MLOE/resize_A_0121_1.LEFT_MLO.LJPEG.1_highpass.jpg
515	4	MLOE/resize_A_0126_1.LEFT_MLO.LJPEG.1_highpass.jpg
516	4	MLOE/resize_A_0130_1.LEFT_MLO.LJPEG.1_highpass.jpg
517	4	MLOE/resize_A_0135_1.LEFT_MLO.LJPEG.1_highpass.jpg
518	4	MLOE/resize_A_0142_1.LEFT_MLO.LJPEG.1_highpass.jpg
519	4	MLOE/resize_A_0144_1.LEFT_MLO.LJPEG.1_highpass.jpg
520	4	MLOE/resize_A_0148_1.LEFT_MLO.LJPEG.1_highpass.jpg
521	4	MLOE/resize_A_0152_1.LEFT_MLO.LJPEG.1_highpass.jpg
522	4	MLOE/resize_A_0156_1.LEFT_MLO.LJPEG.1_highpass.jpg
523	4	MLOE/resize_A_0158_1.LEFT_MLO.LJPEG.1_highpass.jpg
524	4	MLOE/resize_A_0200_1.LEFT_MLO.LJPEG.1_highpass.jpg
525	4	MLOE/resize_A_0203_1.LEFT_MLO.LJPEG.1_highpass.jpg
526	4	MLOE/resize_A_0206_1.LEFT_MLO.LJPEG.1_highpass.jpg
527	4	MLOE/resize_A_0209_1.LEFT_MLO.LJPEG.1_highpass.jpg
528	4	MLOE/resize_A_0215_1.LEFT_MLO.LJPEG.1_highpass.jpg
529	4	MLOE/resize_A_0217_1.LEFT_MLO.LJPEG.1_highpass.jpg
530	4	MLOE/resize_A_0219_1.LEFT_MLO.LJPEG.1_highpass.jpg
531	4	MLOE/resize_A_0223_1.LEFT_MLO.LJPEG.1_highpass.jpg
532	4	MLOE/resize_A_0225_1.LEFT_MLO.LJPEG.1_highpass.jpg
533	4	MLOE/resize_A_0230_1.LEFT_MLO.LJPEG.1_highpass.jpg
534	4	MLOE/resize_A_0233_1.LEFT_MLO.LJPEG.1_highpass.jpg
535	4	MLOE/resize_A_0235_1.LEFT_MLO.LJPEG.1_highpass.jpg
536	4	MLOE/resize_A_0238_1.LEFT_MLO.LJPEG.1_highpass.jpg
537	4	MLOE/resize_A_0241_1.LEFT_MLO.LJPEG.1_highpass.jpg
538	4	MLOE/resize_A_0247_1.LEFT_MLO.LJPEG.1_highpass.jpg
539	4	MLOE/resize_A_0251_1.LEFT_MLO.LJPEG.1_highpass.jpg
540	4	MLOE/resize_A_0253_1.LEFT_MLO.LJPEG.1_highpass.jpg
541	4	MLOE/resize_A_0257_1.LEFT_MLO.LJPEG.1_highpass.jpg
542	4	MLOE/resize_A_0260_1.LEFT_MLO.LJPEG.1_highpass.jpg
543	4	MLOE/resize_A_0262_1.LEFT_MLO.LJPEG.1_highpass.jpg
544	4	MLOE/resize_A_0266_1.LEFT_MLO.LJPEG.1_highpass.jpg
545	4	MLOE/resize_A_0269_1.LEFT_MLO.LJPEG.1_highpass.jpg
546	4	MLOE/resize_A_0273_1.LEFT_MLO.LJPEG.1_highpass.jpg
547	4	MLOE/resize_A_0275_1.LEFT_MLO.LJPEG.1_highpass.jpg
548	4	MLOE/resize_A_0278_1.LEFT_MLO.LJPEG.1_highpass.jpg
549	4	MLOE/resize_A_0282_1.LEFT_MLO.LJPEG.1_highpass.jpg
550	4	MLOE/resize_A_0285_1.LEFT_MLO.LJPEG.1_highpass.jpg
551	4	MLOE/resize_A_0297_1.LEFT_MLO.LJPEG.1_highpass.jpg
552	4	MLOE/resize_A_0307_1.LEFT_MLO.LJPEG.1_highpass.jpg
553	4	MLOE/resize_A_0311_1.LEFT_MLO.LJPEG.1_highpass.jpg
554	4	MLOE/resize_A_0315_1.LEFT_MLO.LJPEG.1_highpass.jpg
555	4	MLOE/resize_A_0319_1.LEFT_MLO.LJPEG.1_highpass.jpg
556	4	MLOE/resize_A_0323_1.LEFT_MLO.LJPEG.1_highpass.jpg
557	4	MLOE/resize_A_0325_1.LEFT_MLO.LJPEG.1_highpass.jpg
558	4	MLOE/resize_A_0330_1.LEFT_MLO.LJPEG.1_highpass.jpg
559	4	MLOE/resize_A_0335_1.LEFT_MLO.LJPEG.1_highpass.jpg
560	4	MLOE/resize_A_0338_1.LEFT_MLO.LJPEG.1_highpass.jpg
561	4	MLOE/resize_A_0343_1.LEFT_MLO.LJPEG.1_highpass.jpg
562	4	MLOE/resize_A_0349_1.LEFT_MLO.LJPEG.1_highpass.jpg
563	4	MLOE/resize_A_0354_1.LEFT_MLO.LJPEG.1_highpass.jpg
564	4	MLOE/resize_A_0357_1.LEFT_MLO.LJPEG.1_highpass.jpg
565	4	MLOE/resize_A_0359_1.LEFT_MLO.LJPEG.1_highpass.jpg
566	4	MLOE/resize_A_0364_1.LEFT_MLO.LJPEG.1_highpass.jpg
567	4	MLOE/resize_A_0366_1.LEFT_MLO.LJPEG.1_highpass.jpg
568	4	MLOE/resize_A_0388_1.LEFT_MLO.LJPEG.1_highpass.jpg
569	4	MLOE/resize_A_0390_1.LEFT_MLO.LJPEG.1_highpass.jpg
570	4	MLOE/resize_A_0412_1.LEFT_MLO.LJPEG.1_highpass.jpg
571	4	MLOE/resize_A_0418_1.LEFT_MLO.LJPEG.1_highpass.jpg
572	4	MLOE/resize_A_0420_1.LEFT_MLO.LJPEG.1_highpass.jpg
573	4	MLOE/resize_A_0425_1.LEFT_MLO.LJPEG.1_highpass.jpg
574	4	MLOE/resize_A_0432_1.LEFT_MLO.LJPEG.1_highpass.jpg
575	4	MLOE/resize_A_0435_1.LEFT_MLO.LJPEG.1_highpass.jpg
576	4	MLOE/resize_A_0437_1.LEFT_MLO.LJPEG.1_highpass.jpg
577	4	MLOE/resize_A_0441_1.LEFT_MLO.LJPEG.1_highpass.jpg
578	4	MLOE/resize_A_0446_1.LEFT_MLO.LJPEG.1_highpass.jpg
579	4	MLOE/resize_A_0448_1.LEFT_MLO.LJPEG.1_highpass.jpg
580	4	MLOE/resize_A_0452_1.LEFT_MLO.LJPEG.1_highpass.jpg
581	4	MLOE/resize_A_0455_1.LEFT_MLO.LJPEG.1_highpass.jpg
582	4	MLOE/resize_A_0457_1.LEFT_MLO.LJPEG.1_highpass.jpg
583	4	MLOE/resize_A_0463_1.LEFT_MLO.LJPEG.1_highpass.jpg
584	4	MLOE/resize_A_0466_1.LEFT_MLO.LJPEG.1_highpass.jpg
585	4	MLOE/resize_A_0470_1.LEFT_MLO.LJPEG.1_highpass.jpg
586	4	MLOE/resize_A_0473_1.LEFT_MLO.LJPEG.1_highpass.jpg
587	4	MLOE/resize_A_0479_1.LEFT_MLO.LJPEG.1_highpass.jpg
588	4	MLOE/resize_A_0493_1.LEFT_MLO.LJPEG.1_highpass.jpg
589	4	MLOE/resize_A_0495_1.LEFT_MLO.LJPEG.1_highpass.jpg
590	4	MLOE/resize_A_0502_1.LEFT_MLO.LJPEG.1_highpass.jpg
591	4	MLOE/resize_A_0504_1.LEFT_MLO.LJPEG.1_highpass.jpg
592	4	MLOE/resize_A_0509_1.LEFT_MLO.LJPEG.1_highpass.jpg
593	4	MLOE/resize_A_0511_1.LEFT_MLO.LJPEG.1_highpass.jpg
594	4	MLOE/resize_A_0514_1.LEFT_MLO.LJPEG.1_highpass.jpg
595	4	MLOE/resize_A_0517_1.LEFT_MLO.LJPEG.1_highpass.jpg
596	4	MLOE/resize_A_0522_1.LEFT_MLO.LJPEG.1_highpass.jpg
597	4	MLOE/resize_A_0524_1.LEFT_MLO.LJPEG.1_highpass.jpg
598	4	MLOE/resize_A_0528_1.LEFT_MLO.LJPEG.1_highpass.jpg
599	4	MLOE/resize_A_0532_1.LEFT_MLO.LJPEG.1_highpass.jpg
600	4	MLOE/resize_A_0542_1.LEFT_MLO.LJPEG.1_highpass.jpg
601	4	MLOE/resize_A_0567_1.LEFT_MLO.LJPEG.1_highpass.jpg
602	4	MLOE/resize_A_0572_1.LEFT_MLO.LJPEG.1_highpass.jpg
603	4	MLOE/resize_A_0576_1.LEFT_MLO.LJPEG.1_highpass.jpg
604	4	MLOE/resize_A_0583_1.LEFT_MLO.LJPEG.1_highpass.jpg
605	4	MLOE/resize_A_0585_1.LEFT_MLO.LJPEG.1_highpass.jpg
606	4	MLOE/resize_A_0588_1.LEFT_MLO.LJPEG.1_highpass.jpg
607	4	MLOE/resize_A_0600_1.LEFT_MLO.LJPEG.1_highpass.jpg
608	4	MLOE/resize_A_0605_1.LEFT_MLO.LJPEG.1_highpass.jpg
609	4	MLOE/resize_A_0608_1.LEFT_MLO.LJPEG.1_highpass.jpg
610	4	MLOE/resize_A_0616_1.LEFT_MLO.LJPEG.1_highpass.jpg
611	4	MLOE/resize_A_0619_1.LEFT_MLO.LJPEG.1_highpass.jpg
612	4	MLOE/resize_A_0702_1.LEFT_MLO.LJPEG.1_highpass.jpg
613	4	MLOE/resize_A_0705_1.LEFT_MLO.LJPEG.1_highpass.jpg
614	4	MLOE/resize_A_0707_1.LEFT_MLO.LJPEG.1_highpass.jpg
615	4	MLOE/resize_A_1959_1.LEFT_MLO.LJPEG.1_highpass.jpg
616	4	MLOE/resize_A_1961_1.LEFT_MLO.LJPEG.1_highpass.jpg
617	4	MLOE/resize_A_1964_1.LEFT_MLO.LJPEG.1_highpass.jpg
618	4	MLOE/resize_A_1969_1.LEFT_MLO.LJPEG.1_highpass.jpg
619	4	MLOE/resize_A_1974_1.LEFT_MLO.LJPEG.1_highpass.jpg
620	4	MLOE/resize_A_1977_1.LEFT_MLO.LJPEG.1_highpass.jpg
621	4	MLOE/resize_A_1980_1.LEFT_MLO.LJPEG.1_highpass.jpg
622	4	MLOE/resize_A_1991_1.LEFT_MLO.LJPEG.1_highpass.jpg
623	4	MLOE/resize_A_1993_1.LEFT_MLO.LJPEG.1_highpass.jpg
624	4	MLOE/resize_A_2007_1.LEFT_MLO.LJPEG.1_highpass.jpg
625	4	MLOE/resize_A_2012_1.LEFT_MLO.LJPEG.1_highpass.jpg
626	4	MLOE/resize_A_2016_1.LEFT_MLO.LJPEG.1_highpass.jpg
627	4	MLOE/resize_A_2019_1.LEFT_MLO.LJPEG.1_highpass.jpg
628	4	MLOE/resize_A_2023_1.LEFT_MLO.LJPEG.1_highpass.jpg
629	4	MLOE/resize_A_2028_1.LEFT_MLO.LJPEG.1_highpass.jpg
630	4	MLOE/resize_A_2031_1.LEFT_MLO.LJPEG.1_highpass.jpg
631	4	MLOE/resize_A_2035_1.LEFT_MLO.LJPEG.1_highpass.jpg
632	4	MLOE/resize_A_2037_1.LEFT_MLO.LJPEG.1_highpass.jpg
633	4	MLOE/resize_A_2039_1.LEFT_MLO.LJPEG.1_highpass.jpg
634	4	MLOE/resize_B_3600_1.LEFT_MLO.LJPEG.1_highpass.jpg
635	4	MLOE/resize_B_3610_1.LEFT_MLO.LJPEG.1_highpass.jpg
636	4	MLOE/resize_B_3613_1.LEFT_MLO.LJPEG.1_highpass.jpg
637	4	MLOE/resize_B_3618_1.LEFT_MLO.LJPEG.1_highpass.jpg
638	4	MLOE/resize_B_3623_1.LEFT_MLO.LJPEG.1_highpass.jpg
639	4	MLOE/resize_B_3627_1.LEFT_MLO.LJPEG.1_highpass.jpg
640	4	MLOE/resize_B_3629_1.LEFT_MLO.LJPEG.1_highpass.jpg
641	4	MLOE/resize_B_3638_1.LEFT_MLO.LJPEG.1_highpass.jpg
642	4	MLOE/resize_B_3640_1.LEFT_MLO.LJPEG.1_highpass.jpg
643	4	MLOE/resize_B_3645_1.LEFT_MLO.LJPEG.1_highpass.jpg
644	4	MLOE/resize_B_3649_1.LEFT_MLO.LJPEG.1_highpass.jpg
645	4	MLOE/resize_B_3652_1.LEFT_MLO.LJPEG.1_highpass.jpg
646	4	MLOE/resize_B_3655_1.LEFT_MLO.LJPEG.1_highpass.jpg
647	4	MLOE/resize_B_3659_1.LEFT_MLO.LJPEG.1_highpass.jpg
648	4	MLOE/resize_B_3664_1.LEFT_MLO.LJPEG.1_highpass.jpg
649	4	MLOE/resize_B_3669_1.LEFT_MLO.LJPEG.1_highpass.jpg
650	4	MLOE/resize_B_3675_1.LEFT_MLO.LJPEG.1_highpass.jpg
651	4	MLOE/resize_B_3679_1.LEFT_MLO.LJPEG.1_highpass.jpg
652	4	MLOE/resize_B_3682_1.LEFT_MLO.LJPEG.1_highpass.jpg
653	4	MLOE/resize_D_4549_1.LEFT_MLO.LJPEG.1_highpass.jpg
654	4	MLOE/resize_D_4564_1.LEFT_MLO.LJPEG.1_highpass.jpg
655	4	MLOE/resize_D_4580_1.LEFT_MLO.LJPEG.1_highpass.jpg
656	4	MLOE/resize_D_4597_1.LEFT_MLO.LJPEG.1_highpass.jpg
657	4	MLOE/resize_D_4600_1.LEFT_MLO.LJPEG.1_highpass.jpg
658	4	MLOE/resize_D_4606_1.LEFT_MLO.LJPEG.1_highpass.jpg
659	0	NAO/resize_00000001_001.png
660	0	NAO/resize_00000001_002.png
661	0	NAO/resize_00000003_000.png
662	0	NAO/resize_00000003_004.png
663	0	NAO/resize_00001337_000.png
664	0	NAO/resize_00001338_003.png
665	0	NAO/resize_00001342_000.png
666	0	NAO/resize_00003923_018.png
667	0	NAO/resize_00003925_000.png
668	0	NAO/resize_00006585_008.png
669	0	NAO/resize_00006585_011.png
670	0	NAO/resize_00006585_015.png
671	0	NAO/resize_00009232_006.png
672	0	NAO/resize_00009234_000.png
673	0	NAO/resize_00009234_004.png
674	0	NAO/resize_00011558_009.png
675	0	NAO/resize_00011558_012.png
676	0	NAO/resize_00011558_015.png
677	0	NAO/resize_00011559_000.png
678	0	NAO/resize_00013774_028.png
679	0	NAO/resize_00013774_030.png
680	0	NAO/resize_00013774_034.png
681	0	NAO/resize_00016051_010.png
682	0	NAO/resize_00016051_014.png
683	0	NAO/resize_00016051_016.png
684	0	NAO/resize_00016051_019.png
685	0	NAO/resize_00018388_000.png
686	0	NAO/resize_00018388_004.png
687	0	NAO/resize_00020945_054.png
688	0	NAO/resize_00020945_057.png
689	0	NAO/resize_00024720_000.png
690	0	NAO/resize_00024725_000.png
691	0	NAO/resize_1--de-radiografias.jpg
692	0	NAO/resize_10006.png
693	0	NAO/resize_10013.png
694	0	NAO/resize_10016.png
695	0	NAO/resize_10023.png
696	0	NAO/resize_10030.png
697	0	NAO/resize_10038.png
698	0	NAO/resize_10043.png
699	0	NAO/resize_10046.png
700	0	NAO/resize_10051.png
701	0	NAO/resize_10053.png
702	0	NAO/resize_10057.png
703	0	NAO/resize_10059.png
704	0	NAO/resize_10062.png
705	0	NAO/resize_10067.png
706	0	NAO/resize_10069.png
707	0	NAO/resize_1556748150007.jpg
708	0	NAO/resize_17_PEL_E_1b_21.jpg
709	0	NAO/resize_1_ANK_D_2ab_02.jpg
710	0	NAO/resize_2019_11_27_22_03_3360_2019_12_03_scooter_fracture_20191127222504.jpg
711	0	NAO/resize_22_TIB_E_1a_30.jpg
712	0	NAO/resize_3-Figure3-1.png
713	0	NAO/resize_50b3c0bf755a22f64c6dfbb99e90a8_jumbo.jpeg
714	0	NAO/resize_658813850.jpg
715	0	NAO/resize_F1.large (10).jpg
716	0	NAO/resize_F1.large (13).jpg
717	0	NAO/resize_F1.large (18).jpg
718	0	NAO/resize_F1.large (23).jpg
719	0	NAO/resize_F1.large (27).jpg
720	0	NAO/resize_F1.large (5).jpg
721	0	NAO/resize_F1.large (8).jpg
722	0	NAO/resize_F2.large.jpg
723	0	NAO/resize_MRIX.jpg
724	0	NAO/resize_Open_source_imaging-anatomical_deface.jpg
725	0	NAO/resize_OralMaxillofacRadiol_2019_7_2_25_268237_f1.jpg
726	0	NAO/resize_PMC4095627_JISP-18-336-g010.png
727	0	NAO/resize_a509797b074af8_triplane-1.0.jpg
728	0	NAO/resize_ct-pregnancy-crop.jpg
729	0	NAO/resize_fig6.jpg
730	0	NAO/resize_file.jpeg
731	0	NAO/resize_lena_-_ankle.png
732	0	NAO/resize_radiografia-cranio.jpg
733	0	NAO/resize_radiology-hand.jpg
734	0	NAO/resize_x_ray.jpg
